******************************************************************************
                  TI ARM Linker PC v16.9.4                     
******************************************************************************
>> Linked Thu Nov 30 19:35:07 2017

OUTPUT FILE NAME:   <mqtt_client_CC3220SF_LAUNCHXL_tirtos_ccs.out>
ENTRY POINT SYMBOL: "_c_int00"  address: 01011fad


MEMORY CONFIGURATION

         name            origin    length      used     unused   attr    fill
----------------------  --------  ---------  --------  --------  ----  --------
  FLASH_HDR             01000000   000007ff  00000000  000007ff  R  X
  FLASH                 01000800   000ff800  000156d0  000ea130  R  X
  SRAM                  20000000   00040000  0000b2bf  00034d41  RW X


SEGMENT ALLOCATION MAP

run origin  load origin   length   init length attrs members
----------  ----------- ---------- ----------- ----- -------
01000800    01000800    000156d8   000156d8    r-x
  01000800    01000800    0000003c   0000003c    r-- .resetVecs
  01000840    01000840    00014662   00014662    r-x .text
  01014ea4    01014ea4    00000d32   00000d32    r-- .const
  01015bd8    01015bd8    00000300   00000300    r-- .cinit
20000310    20000310    00008000   00000000    r--
  20000310    20000310    00008000   00000000    r-- .priheap
20008400    20008400    00002bb4   00000000    rw-
  20008400    20008400    0000237f   00000000    rw- .bss
  2000a780    2000a780    00000834   00000000    rw- .data
2003fc00    2003fc00    00000400   00000000    rw-
  2003fc00    2003fc00    00000400   00000000    rw- .stack


SECTION ALLOCATION MAP

 output                                  attributes/
section   page    origin      length       input sections
--------  ----  ----------  ----------   ----------------
.binit     0    01000000    00000000     

.resetVecs 
*          0    01000800    0000003c     
                  01000800    0000003c     release_pem4.oem4 (.resetVecs)

.text      0    01000840    00014662     
                  01000840    00001122     rtsv7M4_T_le_eabi.lib : _printfi.obj (.text)
                  01001962    00000002     network_if.obj (.text:SimpleLinkHttpServerEventHandler)
                  01001964    0000086c     simplelink.a : driver.obj (.text:_SlDrvMsgRead)
                  010021d0    0000042c     driverlib.a : prcm.obj (.text:PRCMCC3200MCUInit)
                  010025fc    0000040c     simplelink.a : sl_socket.obj (.text:_SlSocketHandleAsync_Select)
                  01002a08    00000380                  : driver.obj (.text:_SlDrvMsgWrite)
                  01002d88    000002dc                  : driver.obj (.text:_SlDrvRxHdrRead)
                  01003064    000002b4     network_if.obj (.text:Network_IF_ConnectAP)
                  01003318    000002a4     drivers_cc32xx.aem4 : UARTCC32XX.oem4 (.text:UARTCC32XX_open)
                  010035bc    0000029c     client_cbs.obj (.text:MqttClientCallback)
                  01003858    00000274     simplelink.a : wlan.obj (.text:sl_WlanConnect)
                  01003acc    00000254                  : sl_socket.obj (.text:sl_Select)
                  01003d20    0000024c     mqtt_client.a : mqtt_client.obj (.text:MqttClientCtxCreate)
                  01003f6c    00000234     mqtt_client_app.obj (.text:DisplayAppBanner)
                  010041a0    00000224     network_if.obj (.text:Network_IF_InitDriver)
                  010043c4    00000220     mqtt_client_app.obj (.text:mainThread)
                  010045e4    0000020c     mqtt_client_app.obj (.text:MqttClient)
                  010047f0    00000208     simplelink.a : driver.obj (.text:_SlDrvDriverCBInit)
                  010049f8    000001fc                  : driver.obj (.text:_SlDrvDataReadOp)
                  01004bf4    000001f4     rtsv7M4_T_le_eabi.lib : ull_div_t2.obj (.text)
                  01004de8    000001f2     simplelink.a : netapp.obj (.text:_SlNetAppEventHandler)
                  01004fda    00000002     network_if.obj (.text:SimpleLinkNetAppRequestEventHandler)
                  01004fdc    000001e4     mqtt_client.a : mqtt_client.obj (.text:MQTTClient_connect)
                  010051c0    000001da                   : cc32xx_sl_net.obj (.text:createSocket)
                  0100539a    00000002     network_if.obj (.text:SimpleLinkNetAppRequestMemFreeEventHandler)
                  0100539c    000001d8     simplelink.a : driver.obj (.text:_SlDrvReleasePoolObj)
                  01005574    000001cc     drivers_cc32xx.aem4 : GPIOCC32XX.oem4 (.text:GPIO_setConfig)
                  01005740    000001c8     mqtt_client_app.obj (.text:MqttClient_start)
                  01005908    000001c6     drivers_cc32xx.aem4 : SPICC32XXDMA.oem4 (.text:SPICC32XXDMA_transfer)
                  01005ace    00000002                         : UARTCC32XX.oem4 (.text:UARTCC32XX_init)
                  01005ad0    000001bc     network_if.obj (.text:SimpleLinkFatalErrorEventHandler)
                  01005c8c    000001bc     simplelink.a : driver.obj (.text:_SlDrvMsgReadCmdCtx)
                  01005e48    000001bc                  : sl_socket.obj (.text:sl_Accept)
                  01006004    000001b6     rtsv7M4_T_le_eabi.lib : fd_add_t2.obj (.text)
                  010061ba    00000002     release_pem4.oem4 (.text:ti_sysbios_BIOS_nullFunc__I)
                  010061bc    000001b4     dpl_cc32xx.aem4 : PowerCC32XX_tirtos.oem4 (.text:PowerCC32XX_sleepPolicy)
                  01006370    0000019c     simplelink.a : driver.obj (.text:_SlDrvWaitForPoolObj)
                  0100650c    0000018c                  : sl_socket.obj (.text:sl_Connect)
                  01006698    00000188     network_if.obj (.text:SimpleLinkWlanEventHandler)
                  01006820    00000188     sysbios.aem4 : BIOS.obj (.text:mq_open)
                  010069a8    00000180     mqtt_client.a : mqtt_common.obj (.text:MQTT_PacketRecv)
                  01006b28    00000180     simplelink.a : driver.obj (.text:_SlDrvDataWriteOp)
                  01006ca8    00000180     drivers_cc32xx.aem4 : SPICC32XXDMA.oem4 (.text:configDMA)
                  01006e28    0000017c     simplelink.a : spawn.obj (.text:_SlInternalSpawnTaskEntry)
                  01006fa4    00000178     mqtt_client_app.obj (.text:Mqtt_IF_Connect)
                  0100711c    00000174     simplelink.a : driver.obj (.text:_SlDrvFindAndSetActiveObj)
                  01007290    0000016c                  : device.obj (.text:sl_Stop)
                  010073fc    00000158     drivers_cc32xx.aem4 : SPICC32XXDMA.oem4 (.text:SPICC32XXDMA_open)
                  01007554    00000154     simplelink.a : sl_socket.obj (.text:sl_RecvFrom)
                  010076a8    00000154     mqtt_client.a : client_core.obj (.text:utf8ArraySend)
                  010077fc    00000150                   : mqtt_client.obj (.text:MqttClientConfig)
                  0100794c    00000150     simplelink.a : driver.obj (.text:_SlDrvDriverCBDeinit)
                  01007a9c    00000150     drivers_cc32xx.aem4 : PowerCC32XX.oem4 (.text:parkPins)
                  01007bec    0000013c     network_if.obj (.text:SimpleLinkNetAppEventHandler)
                  01007d28    0000013c     simplelink.a : sl_socket.obj (.text:_SlDrvRegisterForSelectAsync)
                  01007e64    0000013c     mqtt_client.a : mqtt_client.obj (.text:processNotifyAckCB)
                  01007fa0    00000138     simplelink.a : driver.obj (.text:_SlDrvAsyncEventGenericHandler)
                  010080d8    00000136     rtsv7M4_T_le_eabi.lib : fd_div_t2.obj (.text)
                  0100820e    00000002     release_pem4.oem4 (.text:xdc_runtime_Startup_reset__I)
                  01008210    00000134     simplelink.a : netapp.obj (.text:sl_NetAppDnsGetHostByName)
                  01008344    00000130                  : sl_socket.obj (.text:_SlDrvGetNextTimeoutValue)
                  01008474    00000004     dpl_cc32xx.aem4 : ClockP_tirtos.oem4 (.text:ClockP_getCpuFreq)
                  01008478    00000130     sysbios.aem4 : BIOS.obj (.text:ti_sysbios_knl_Semaphore_pend__E)
                  010085a8    0000012c     mqtt_client.a : client_core.obj (.text:MQTTClientCore_initLib)
                  010086d4    00000128     simplelink.a : driver.obj (.text:_SlDrvClassifyRxMsg)
                  010087fc    00000124     mqtt_client.a : client_core.obj (.text:clCtxPartSend)
                  01008920    00000124                   : client_core.obj (.text:connectMsgSend)
                  01008a44    00000124     simplelink.a : device.obj (.text:sl_Start)
                  01008b68    00000120     drivers_cc32xx.aem4 : UARTCC32XX.oem4 (.text:UARTCC32XX_close)
                  01008c88    0000011c     mqtt_client_app.obj (.text:Mqtt_start)
                  01008da4    00000004     dpl_cc32xx.aem4 : ClockP_tirtos.oem4 (.text:ClockP_setTimeout)
                  01008da8    0000011c     sysbios.aem4 : BIOS.obj (.text:xdc_runtime_Startup_startMods__I)
                  01008ec4    00000118     drivers_cc32xx.aem4 : PowerCC32XX.oem4 (.text:Power_sleep)
                  01008fdc    00000114     simplelink.a : netapp.obj (.text:_SlNetAppHandleAsync_DnsGetHostByService)
                  010090f0    00000110     mqtt_client.a : cc32xx_sl_net.obj (.text:commOpen)
                  01009200    00000110     sysbios.aem4 : BIOS.obj (.text:timer_create)
                  01009310    0000010c     mqtt_client.a : mqtt_client.obj (.text:MQTTClient_create)
                  0100941c    0000010c     simplelink.a : driver.obj (.text:_SlDrvMsgReadSpawnCtx)
                  01009528    0000010c                  : sl_socket.obj (.text:sl_Close)
                  01009634    00000004     dpl_cc32xx.aem4 : ClockP_tirtos.oem4 (.text:ClockP_start)
                  01009638    0000010c     sysbios.aem4 : BIOS.obj (.text:ti_sysbios_knl_Task_Instance_finalize__E)
                  01009744    00000104     simplelink.a : device.obj (.text:_SlDeviceEventHandler)
                  01009848    00000104                  : driver.obj (.text:_SlDrvCmdOp)
                  0100994c    00000104                  : driver.obj (.text:_SlDrvObjGlobalLockWaitForever)
                  01009a50    00000102     mqtt_client.a : client_core.obj (.text:procPubMsgRx)
                  01009b52    00000002     --HOLE-- [fill = 0]
                  01009b54    000000fc                   : mqtt_client.obj (.text:MqttClientSub)
                  01009c50    000000fc     rtsv7M4_T_le_eabi.lib : fd_mul_t2.obj (.text)
                  01009d4c    000000f4     simplelink.a : sl_socket.obj (.text:sl_SendTo)
                  01009e40    000000f2     drivers_cc32xx.aem4 : SPICC32XXDMA.oem4 (.text:SPICC32XXDMA_transferCancel)
                  01009f32    000000ee                         : UARTCC32XX.oem4 (.text:UARTCC32XX_control)
                  0100a020    000000ec     mqtt_client.a : client_core.obj (.text:_msgDispatch)
                  0100a10c    000000ec                   : client_core.obj (.text:clCtxConnStateTryLocked)
                  0100a1f8    000000ec     sysbios.aem4 : BIOS.obj (.text:pthread_create)
                  0100a2e4    000000e6     mqtt_client.a : cc32xx_sl_net.obj (.text:tcpSelect)
                  0100a3ca    00000002     --HOLE-- [fill = 0]
                  0100a3cc    000000dc                   : mqtt_client.obj (.text:MqttClient_send)
                  0100a4a8    000000dc                   : client_core.obj (.text:processRecv)
                  0100a584    000000d9     network_if.obj (.text:SimpleLinkSockEventHandler)
                  0100a65d    00000003     --HOLE-- [fill = 0]
                  0100a660    000000d8     simplelink.a : netapp.obj (.text:_SlNetAppHandleAsync_NetAppReceive)
                  0100a738    000000d4     mqtt_client.a : client_core.obj (.text:netRecv)
                  0100a80c    00000004     dpl_cc32xx.aem4 : ClockP_tirtos.oem4 (.text:ClockP_stop)
                  0100a810    000000d4     sysbios.aem4 : BIOS.obj (.text:ti_sysbios_knl_Mailbox_Instance_init__E)
                  0100a8e4    000000d0     drivers_cc32xx.aem4 : SPICC32XXDMA.oem4 (.text:SPICC32XXDMA_close)
                  0100a9b4    000000d0     rtsv7M4_T_le_eabi.lib : s_scalbn.obj (.text)
                  0100aa84    00000004     dpl_cc32xx.aem4 : HwiP_tirtos.oem4 (.text:HwiP_clearInterrupt)
                  0100aa88    000000d0     sysbios.aem4 : BIOS.obj (.text:ti_sysbios_heaps_HeapMem_alloc__E)
                  0100ab58    000000d0     mqtt_client.a : client_core.obj (.text:wrConnectPayload)
                  0100ac28    000000cc     sysbios.aem4 : m3_Hwi_asm.obj (.text:ti_sysbios_family_arm_m3_Hwi_dispatch__I)
                  0100acf4    000000c8     mqtt_client.a : client_core.obj (.text:MQTTClientCore_createCtx)
                  0100adbc    000000c8     mqtt_client_app.obj (.text:Mqtt_Stop)
                  0100ae84    00000004     dpl_cc32xx.aem4 : HwiP_tirtos.oem4 (.text:HwiP_disable)
                  0100ae88    000000c8     sysbios.aem4 : BIOS.obj (.text:clock_gettime)
                  0100af50    000000c8                  : BIOS.obj (.text:timer_settime)
                  0100b018    000000c4     drivers_cc32xx.aem4 : GPIOCC32XX.oem4 (.text:GPIO_init)
                  0100b0dc    000000c4     simplelink.a : driver.obj (.text:_SlDrvRemoveFromList)
                  0100b1a0    000000c4     sysbios.aem4 : BIOS.obj (.text:ti_sysbios_knl_Task_sleep__E)
                  0100b264    000000c0     simplelink.a : cc_pal.obj (.text:NwpPowerOff)
                  0100b324    000000c0     drivers_cc32xx.aem4 : UARTCC32XX.oem4 (.text:UARTCC32XX_write)
                  0100b3e4    000000c0     simplelink.a : spawn.obj (.text:_SlInternalSpawn)
                  0100b4a4    000000c0                  : netcfg.obj (.text:sl_NetCfgGet)
                  0100b564    00000004     dpl_cc32xx.aem4 : HwiP_tirtos.oem4 (.text:HwiP_disableInterrupt)
                  0100b568    000000c0     sysbios.aem4 : BIOS.obj (.text:ti_sysbios_knl_Task_Instance_init__E)
                  0100b628    000000bc     simplelink.a : netapp.obj (.text:_SlNetAppSendResponse)
                  0100b6e4    000000bc                  : sl_socket.obj (.text:sl_Send)
                  0100b7a0    000000bc     sysbios.aem4 : BIOS.obj (.text:xdc_runtime_Core_createObject__I)
                  0100b85c    000000b8     drivers_cc32xx.aem4 : UARTCC32XX.oem4 (.text:initHw)
                  0100b914    000000b8     simplelink.a : device.obj (.text:sl_DeviceGet)
                  0100b9cc    000000b4     drivers_cc32xx.aem4 : UARTCC32XX.oem4 (.text:UARTCC32XX_readPolling)
                  0100ba80    000000b4     mqtt_client.a : client_core.obj (.text:procAckMsgRx)
                  0100bb34    000000b4                   : mqtt_client.obj (.text:processPublishRxCB)
                  0100bbe8    000000b4     drivers_cc32xx.aem4 : PowerCC32XX.oem4 (.text:restoreParkedPins)
                  0100bc9c    000000b2     mqtt_client.a : mqtt_common.obj (.text:MQTT_packetPubAppendTopic)
                  0100bd4e    00000002     --HOLE-- [fill = 0]
                  0100bd50    000000b0     uart_term.obj (.text:GetCmd)
                  0100be00    000000b0     mqtt_client.a : mqtt_client.obj (.text:MQTTClient_delete)
                  0100beb0    000000b0                   : mqtt_client.obj (.text:MqttClientUnsub)
                  0100bf60    000000b0     simplelink.a : device.obj (.text:_SlDeviceHandleAsync_InitComplete)
                  0100c010    000000b0                  : driver.obj (.text:_SlDrvHandleFatalError)
                  0100c0c0    000000b0     mqtt_client.a : client_core.obj (.text:procConnackRx)
                  0100c170    000000b0                   : client_core.obj (.text:procCtxDataRecv)
                  0100c220    000000ae                   : cc32xx_sl_net.obj (.text:svrAddrNBOrderIPV4)
                  0100c2ce    000000aa     drivers_cc32xx.aem4 : UARTCC32XX.oem4 (.text:readIsrTextBlocking)
                  0100c378    000000aa                         : UARTCC32XX.oem4 (.text:readTaskBlocking)
                  0100c422    00000002     --HOLE-- [fill = 0]
                  0100c424    000000a8                         : PowerCC32XX.oem4 (.text:PowerCC32XX_configureWakeup)
                  0100c4cc    000000a4     mqtt_client.a : client_core.obj (.text:clientReset)
                  0100c570    000000a4     simplelink.a : sl_socket.obj (.text:sl_Bind)
                  0100c614    00000004     dpl_cc32xx.aem4 : HwiP_tirtos.oem4 (.text:HwiP_enableInterrupt)
                  0100c618    000000a4     sysbios.aem4 : BIOS.obj (.text:ti_sysbios_knl_Task_setPri__E)
                  0100c6bc    000000a2     mqtt_client.a : mqtt_common.obj (.text:MQTT_packetProcPubRx)
                  0100c75e    000000a2     drivers_cc32xx.aem4 : UARTCC32XX.oem4 (.text:writeData)
                  0100c800    000000a0     auto_init.aem4 : auto_init.oem4 (.text)
                  0100c8a0    000000a0     mqtt_client.a : client_core.obj (.text:mqpSetupProcCtxDataRecv)
                  0100c940    000000a0     drivers_cc32xx.aem4 : UARTCC32XX.oem4 (.text:readIsrTextCallback)
                  0100c9e0    000000a0     mqtt_client.a : client_core.obj (.text:singleCtxKaSequence)
                  0100ca80    0000009e     simplelink.a : cc_pal.obj (.text:spi_Read)
                  0100cb1e    0000009e                  : cc_pal.obj (.text:spi_Write)
                  0100cbbc    00000004     drivers_cc32xx.aem4 : List.oem4 (.text:List_head)
                  0100cbc0    0000009c     sysbios.aem4 : BIOS.obj (.text:_pthread_removeThreadKeys)
                  0100cc5c    0000009c     mqtt_client.a : client_core.obj (.text:doNetClose)
                  0100ccf8    0000009c     drivers_cc32xx.aem4 : SPICC32XXDMA.oem4 (.text:initHw)
                  0100cd94    0000009c     mqtt_client.a : cc32xx_sl_net.obj (.text:recvFrom)
                  0100ce30    0000009c     rtsv7M4_T_le_eabi.lib : memcpy_t2.obj (.text)
                  0100cecc    00000004     drivers_cc32xx.aem4 : List.oem4 (.text:List_next)
                  0100ced0    0000009c     sysbios.aem4 : BIOS.obj (.text:ti_sysbios_knl_Task_postInit__I)
                  0100cf6c    00000098     simplelink.a : netutil.obj (.text:_SlNetUtilHandleAsync_Cmd)
                  0100d004    00000098     drivers_cc32xx.aem4 : GPIOCC32XX.oem4 (.text:powerNotifyFxn)
                  0100d09c    00000004     dpl_cc32xx.aem4 : MutexP_tirtos.oem4 (.text:MutexP_lock)
                  0100d0a0    00000098     sysbios.aem4 : BIOS.obj (.text:ti_sysbios_family_arm_m3_Hwi_Instance_init__E)
                  0100d138    00000094     network_if.obj (.text:Network_IF_IpConfigGet)
                  0100d1cc    00000094     mqtt_client.a : client_core.obj (.text:groupCtxsRxPrep)
                  0100d260    00000094     drivers_cc32xx.aem4 : SPICC32XXDMA.oem4 (.text:spiHwiFxn)
                  0100d2f4    00000004     dpl_cc32xx.aem4 : MutexP_tirtos.oem4 (.text:MutexP_unlock)
                  0100d2f8    00000094     sysbios.aem4 : BIOS.obj (.text:ti_sysbios_knl_Task_exit__E)
                  0100d38c    00000091     mqtt_client_app.obj (.text:DisplayBanner)
                  0100d41d    00000003     --HOLE-- [fill = 0]
                  0100d420    00000090     simplelink.a : netapp.obj (.text:_SlNetAppHandleAsync_DnsGetHostByName)
                  0100d4b0    00000090                  : netapp.obj (.text:_SlNetAppHandleAsync_PingResponse)
                  0100d540    00000090     drivers_cc32xx.aem4 : PowerCC32XX.oem4 (.text:restoreNVICRegs)
                  0100d5d0    0000008e     mqtt_client.a : client_core.obj (.text:MQTTClientCore_sendPubMsg)
                  0100d65e    00000002     --HOLE-- [fill = 0]
                  0100d660    0000008c                   : client_core.obj (.text:MQTTClientCore_exitLib)
                  0100d6ec    0000008c     simplelink.a : driver.obj (.text:_SlDrvDriverIsApiAllowed)
                  0100d778    0000008c     mqtt_client.a : client_core.obj (.text:ack1WlMqpDispatch)
                  0100d804    0000008c                   : client_core.obj (.text:clRecv)
                  0100d890    0000008c     simplelink.a : sl_socket.obj (.text:sl_Recv)
                  0100d91c    0000008a     mqtt_client.a : mqtt_common.obj (.text:MQTT_packetPubAppendData)
                  0100d9a6    00000002     --HOLE-- [fill = 0]
                  0100d9a8    0000008a     uart_term.obj (.text:Report)
                  0100da32    0000008a     mqtt_client.a : cc32xx_sl_net.obj (.text:tcpListen)
                  0100dabc    00000088                   : client_core.obj (.text:MQTTClientCore_registerBuffers)
                  0100db44    00000088                   : mqtt_client.obj (.text:MQTTClient_run)
                  0100dbcc    00000004     drivers_cc32xx.aem4 : SPICC32XXDMA.oem4 (.text:SPICC32XXDMA_init)
                  0100dbd0    00000088     sysbios.aem4 : BIOS.obj (.text:pthread_cancel)
                  0100dc58    00000088     rtsv7M4_T_le_eabi.lib : vsnprintf.obj (.text)
                  0100dce0    00000088     sysbios.aem4 : BIOS.obj (.text:ti_sysbios_family_arm_m3_Hwi_initNVIC__E)
                  0100dd68    00000088                  : BIOS.obj (.text:ti_sysbios_knl_Mailbox_post__E)
                  0100ddf0    00000088                  : BIOS.obj (.text:xdc_runtime_Memory_alloc__E)
                  0100de78    00000086     simplelink.a : driver.obj (.text:_SlDrvIsTimeoutExpired)
                  0100defe    00000086     rtsv7M4_T_le_eabi.lib : fd_cmp_t2.obj (.text:__aeabi_cdcmple)
                  0100df84    00000086                           : fd_cmp_t2.obj (.text:__aeabi_cdrcmple)
                  0100e00a    00000084     mqtt_client.a : client_core.obj (.text:MQTTClientCore_registerWillInfo)
                  0100e08e    00000002     --HOLE-- [fill = 0]
                  0100e090    00000084                   : mqtt_client.obj (.text:MQTTClient_set)
                  0100e114    00000084     simplelink.a : sl_socket.obj (.text:_SlSocketHandleAsync_Close)
                  0100e198    00000084                  : sl_socket.obj (.text:_SlSocketHandleAsync_Connect)
                  0100e21c    00000004     dpl_cc32xx.aem4 : SemaphoreP_tirtos.oem4 (.text:SemaphoreP_post)
                  0100e220    00000084     sysbios.aem4 : BIOS.obj (.text:_pthread_runStub)
                  0100e2a4    00000084     mqtt_client.a : client_core.obj (.text:ack2MsgIdDispatch)
                  0100e328    00000084     drivers_cc32xx.aem4 : PowerCC32XX.oem4 (.text:saveNVICRegs)
                  0100e3ac    00000084     simplelink.a : sl_socket.obj (.text:sl_SetSockOpt)
                  0100e430    00000084     sysbios.aem4 : BIOS.obj (.text:ti_sysbios_family_arm_m3_Hwi_postInit__I)
                  0100e4b4    00000004     release_pem4.oem4 (.text:ti_sysbios_BIOS_RtsGateProxy_enter__E)
                  0100e4b8    00000084     sysbios.aem4 : BIOS.obj (.text:ti_sysbios_heaps_HeapMem_free__E)
                  0100e53c    00000004     release_pem4.oem4 (.text:ti_sysbios_BIOS_RtsGateProxy_leave__E)
                  0100e540    00000084     sysbios.aem4 : BIOS.obj (.text:xdc_runtime_Core_constructObject__I)
                  0100e5c4    00000082     mqtt_client.a : client_core.obj (.text:connectedStateRx)
                  0100e646    00000002     --HOLE-- [fill = 0]
                  0100e648    00000080     mqtt_client_app.obj (.text:MqttClientThread)
                  0100e6c8    00000080     mqtt_client.a : cc32xx_sl_net.obj (.text:sendTo)
                  0100e748    0000007e     drivers_cc32xx.aem4 : UARTCC32XX.oem4 (.text:readIsrBinaryBlocking)
                  0100e7c6    00000002     --HOLE-- [fill = 0]
                  0100e7c8    0000007c                         : UDMACC32XX.oem4 (.text:UDMACC32XX_open)
                  0100e844    0000007c     mqtt_client.a : client_core.obj (.text:_procAckMsgRx)
                  0100e8c0    0000007c     sysbios.aem4 : BIOS.obj (.text:_pthread_abstime2ticks)
                  0100e93c    0000007c     mqtt_client.a : client_core.obj (.text:clCtxSetup)
                  0100e9b8    0000007a     drivers_cc32xx.aem4 : UARTCC32XX.oem4 (.text:readTaskCallback)
                  0100ea32    0000007a     rtsv7M4_T_le_eabi.lib : memset_t2.obj (.text)
                  0100eaac    00000078     drivers_cc32xx.aem4 : GPIOCC32XX.oem4 (.text:GPIO_hwiIntFxn)
                  0100eb24    00000078     mqtt_client_app.obj (.text:Mqtt_ClientStop)
                  0100eb9c    00000078     drivers_cc32xx.aem4 : PowerCC32XX.oem4 (.text:Power_init)
                  0100ec14    00000078     simplelink.a : sl_socket.obj (.text:sl_Socket)
                  0100ec8c    00000076     mqtt_client.a : mqtt_common.obj (.text:MQTT_packetPrepFh)
                  0100ed02    00000076                   : client_core.obj (.text:bufUTF8WrTry)
                  0100ed78    00000074                   : mqtt_common.obj (.text:MQTT_qos2PubCqCheck)
                  0100edec    00000074     simplelink.a : sl_socket.obj (.text:_SlDrvUnRegisterForSelectAsync)
                  0100ee60    00000074     mqtt_client_app.obj (.text:pushButtonInterruptHandler3)
                  0100eed4    00000074     mqtt_client.a : cc32xx_sl_net.obj (.text:tcpAccept)
                  0100ef48    00000074     sysbios.aem4 : BIOS.obj (.text:ti_sysbios_knl_Mailbox_pend__E)
                  0100efbc    00000004     release_pem4.oem4 (.text:ti_sysbios_family_arm_m3_Hwi_delete)
                  0100efc0    00000074     sysbios.aem4 : BIOS.obj (.text:xdc_runtime_Core_deleteObject__I)
                  0100f034    00000072     drivers_cc32xx.aem4 : UARTCC32XX.oem4 (.text:readIsrBinaryCallback)
                  0100f0a6    00000070     mqtt_client.a : mqtt_common.obj (.text:MQTT_clCtxTimeoutInsert)
                  0100f116    00000070                   : mqtt_common.obj (.text:MQTT_packetAckWlistRemove)
                  0100f186    00000002     --HOLE-- [fill = 0]
                  0100f188    00000070     sysbios.aem4 : BIOS.obj (.text:acquireMutexNone$22)
                  0100f1f8    00000070                  : BIOS.obj (.text:ti_sysbios_heaps_HeapMem_initPrimary__I)
                  0100f268    00000070                  : BIOS.obj (.text:ti_sysbios_knl_Mailbox_Instance_finalize__E)
                  0100f2d8    00000070                  : BIOS.obj (.text:ti_sysbios_knl_Semaphore_post__E)
                  0100f348    00000070     mqtt_client.a : client_core.obj (.text:wrConnectVh)
                  0100f3b8    0000006e                   : client_core.obj (.text:MQTTClientCore_registerCtxInfo)
                  0100f426    00000002     --HOLE-- [fill = 0]
                  0100f428    0000006c     simplelink.a : device.obj (.text:_SlDeviceHandleResetRequestInternally)
                  0100f494    0000006c                  : driver.obj (.text:_SlDrvCmdSend_noLock)
                  0100f500    0000006c                  : sl_socket.obj (.text:_SlDrvOpenCtrlSocket)
                  0100f56c    0000006c                  : netapp.obj (.text:_SlNetAppSendTokenValue)
                  0100f5d8    0000006c     sysbios.aem4 : BIOS.obj (.text:pthread_exit)
                  0100f644    00000004     release_pem4.oem4 (.text:ti_sysbios_family_arm_m3_TaskSupport_Module__startupDone__S)
                  0100f648    0000006c     sysbios.aem4 : BIOS.obj (.text:ti_sysbios_knl_Clock_workFunc__E)
                  0100f6b4    00000004     release_pem4.oem4 (.text:ti_sysbios_gates_GateMutex_delete)
                  0100f6b8    0000006c     sysbios.aem4 : BIOS.obj (.text:ti_sysbios_knl_Swi_restoreHwi__E)
                  0100f724    00000068     mqtt_client.a : client_core.obj (.text:MQTTClientCore_deleteCtx)
                  0100f78c    00000068                   : client_core.obj (.text:MQTTClientCore_sendDisconn)
                  0100f7f4    00000068     drivers_cc32xx.aem4 : PowerCC32XX.oem4 (.text:PowerCC32XX_setParkState)
                  0100f85c    00000068     simplelink.a : device.obj (.text:_SlDeviceHandleAsync_Stop)
                  0100f8c4    00000068                  : sl_socket.obj (.text:_SlSocketHandleAsync_Accept)
                  0100f92c    00000068     rtsv7M4_T_le_eabi.lib : copy_decompress_lzss.obj (.text:decompress:lzss)
                  0100f994    00000068     mqtt_client.a : client_core.obj (.text:doNetCloseRx)
                  0100f9fc    00000068                   : client_core.obj (.text:procPingrspRx)
                  0100fa64    00000066     drivers_cc32xx.aem4 : UARTCC32XX.oem4 (.text:UARTCC32XX_writeCancel)
                  0100faca    00000066     mqtt_client.a : client_core.obj (.text:vhMsgSend)
                  0100fb30    00000064     drivers_cc32xx.aem4 : GPIOCC32XX.oem4 (.text:GPIO_toggle)
                  0100fb94    00000064                         : UARTCC32XX.oem4 (.text:UARTCC32XX_hwiIntFxn)
                  0100fbf8    00000064     mqtt_client.a : mqtt_client.obj (.text:getAvailableClictxMem)
                  0100fc5c    00000064                   : client_core.obj (.text:netConnect)
                  0100fcc0    00000064     sysbios.aem4 : BIOS.obj (.text:pthread_mutex_init)
                  0100fd24    00000004     release_pem4.oem4 (.text:ti_sysbios_heaps_HeapMem_Module_GateProxy_enter__E)
                  0100fd28    00000064     sysbios.aem4 : BIOS.obj (.text:ti_sysbios_family_arm_m3_Hwi_dispatchC__I)
                  0100fd8c    00000062     mqtt_client.a : client_core.obj (.text:MQTTClientCore_alloc)
                  0100fdee    00000062                   : mqtt_common.obj (.text:MQTT_packetBufTailWrRemlen)
                  0100fe50    00000062     drivers_cc32xx.aem4 : UARTCC32XX.oem4 (.text:UARTCC32XX_writePolling)
                  0100feb2    00000060     mqtt_client.a : mqtt_common.obj (.text:MQTT_packetBufRdRemlen)
                  0100ff12    00000002     --HOLE-- [fill = 0]
                  0100ff14    00000060     driverlib.a : prcm.obj (.text:PRCMSysResetCauseGet)
                  0100ff74    00000060     mqtt_client.a : client_core.obj (.text:clientDescInit)
                  0100ffd4    00000060                   : cc32xx_sl_net.obj (.text:tcpRecv)
                  01010034    0000005e                   : client_core.obj (.text:clCtxRecv)
                  01010092    00000002     --HOLE-- [fill = 0]
                  01010094    0000005c                   : client_core.obj (.text:MQTTClientCore_run)
                  010100f0    0000005c     drivers_cc32xx.aem4 : PowerCC32XX.oem4 (.text:Power_setDependency)
                  0101014c    0000005c     mqtt_client.a : client_core.obj (.text:grpNetSetupCreate)
                  010101a8    0000005c     rtsv7M4_T_le_eabi.lib : s_frexp.obj (.text)
                  01010204    00000004     release_pem4.oem4 (.text:ti_sysbios_heaps_HeapMem_Module_GateProxy_leave__E)
                  01010208    0000005c     sysbios.aem4 : BIOS.obj (.text:ti_sysbios_family_arm_m3_Timer_start__E)
                  01010264    00000004     release_pem4.oem4 (.text:ti_sysbios_knl_Clock_TimerProxy_getMaxTicks__E)
                  01010268    0000005c     sysbios.aem4 : BIOS.obj (.text:ti_sysbios_knl_Swi_run__I)
                  010102c4    00000004     release_pem4.oem4 (.text:ti_sysbios_knl_Clock_TimerProxy_setPeriodMicroSecs__E)
                  010102c8    0000005c     sysbios.aem4 : BIOS.obj (.text:ti_sysbios_knl_Swi_schedule__I)
                  01010324    00000004     release_pem4.oem4 (.text:ti_sysbios_knl_Clock_TimerProxy_start__E)
                  01010328    0000005c     sysbios.aem4 : BIOS.obj (.text:ti_sysbios_knl_Task_Module_startup__E)
                  01010384    00000004     release_pem4.oem4 (.text:ti_sysbios_knl_Clock_TimerProxy_stop__E)
                  01010388    0000005c     sysbios.aem4 : BIOS.obj (.text:ti_sysbios_knl_Task_startCore__E)
                  010103e4    00000004     release_pem4.oem4 (.text:ti_sysbios_knl_Clock_delete)
                  010103e8    0000005c     sysbios.aem4 : BIOS.obj (.text:xdc_runtime_Startup_exec__E)
                  01010444    0000005a     mqtt_client.a : client_core.obj (.text:singleCtxRxPrep)
                  0101049e    00000002     --HOLE-- [fill = 0]
                  010104a0    00000058     drivers_cc32xx.aem4 : GPIOCC32XX.oem4 (.text:GPIO_setCallback)
                  010104f8    00000058                         : GPIOCC32XX.oem4 (.text:GPIO_write)
                  01010550    00000058     driverlib.a : prcm.obj (.text:PRCMPeripheralReset)
                  010105a8    00000058     drivers_cc32xx.aem4 : PowerCC32XX.oem4 (.text:Power_releaseDependency)
                  01010600    00000058     simplelink.a : sl_socket.obj (.text:_SlDrvClearCtrlSocket)
                  01010658    00000058     mqtt_client.a : client_core.obj (.text:doNetCloseTx)
                  010106b0    00000058     main_tirtos.obj (.text:main)
                  01010708    00000058     simplelink.a : sl_socket.obj (.text:sl_Listen)
                  01010760    00000058     sysbios.aem4 : BIOS.obj (.text:ti_sysbios_family_arm_cc32xx_Seconds_getCount__I)
                  010107b8    00000056     mqtt_client.a : mqtt_common.obj (.text:MQTT_clCtxRemove)
                  0101080e    00000002     --HOLE-- [fill = 0]
                  01010810    00000054                   : client_core.obj (.text:MQTTClientCore_registerNetSvc)
                  01010864    00000054     rtsv7M4_T_le_eabi.lib : ltoa.obj (.text)
                  010108b8    00000054     release_pem4.oem4 (.text:ti_sysbios_family_arm_m3_Hwi_create)
                  0101090c    00000004     release_pem4.oem4 (.text:ti_sysbios_knl_Semaphore_delete)
                  01010910    00000054     sysbios.aem4 : BIOS.obj (.text:ti_sysbios_family_arm_m3_Timer_setPeriod__E)
                  01010964    00000054     release_pem4.oem4 (.text:ti_sysbios_knl_Mailbox_create)
                  010109b8    00000054     sysbios.aem4 : BIOS.obj (.text:timer_gettime)
                  01010a0c    00000004     release_pem4.oem4 (.text:ti_sysbios_knl_Task_delete)
                  01010a10    00000054     sysbios.aem4 : BIOS.obj (.text:xdc_runtime_Core_assignLabel__I)
                  01010a64    00000053     mqtt_client.a : client_core.obj (.text:ack1WlRmfree)
                  01010ab7    00000001     --HOLE-- [fill = 0]
                  01010ab8    00000052                   : mqtt_common.obj (.text:MQTT_qos2PubCqUnlog)
                  01010b0a    00000052     drivers_cc32xx.aem4 : PowerCC32XX.oem4 (.text:PowerCC32XX_parkPin)
                  01010b5c    00000052                         : PowerCC32XX_asm.oem4 (.text:PowerCC32XX_resumeLPDS)
                  01010bae    00000052     mqtt_client.a : client_core.obj (.text:_procPubRecRx)
                  01010c00    00000052                   : client_core.obj (.text:clCtxSeg1Send)
                  01010c52    00000002     --HOLE-- [fill = 0]
                  01010c54    00000050                   : mqtt_client.obj (.text:MQTTClient_disconnect)
                  01010ca4    00000050     simplelink.a : cc_pal.obj (.text:NwpRegisterInterruptHandler)
                  01010cf4    00000050                  : sl_socket.obj (.text:_SlDrvCloseCtrlSocket)
                  01010d44    00000050                  : driver.obj (.text:_SlDrvRxIrqHandler)
                  01010d94    00000050                  : eventreg.obj (.text:_SlNetAppHttpServerHdlr)
                  01010de4    00000050                  : eventreg.obj (.text:_SlNetAppRequestHdlr)
                  01010e34    00000050     mqtt_client.a : client_core.obj (.text:loopbTrigger)
                  01010e84    00000050                   : client_core.obj (.text:mqpAllocAtomic)
                  01010ed4    00000050     simplelink.a : cc_pal.obj (.text:spi_Open)
                  01010f24    00000004     release_pem4.oem4 (.text:xdc_runtime_System_Module_GateProxy_enter__E)
                  01010f28    00000050     sysbios.aem4 : BIOS.obj (.text:ti_sysbios_family_arm_cc32xx_Seconds_getTime__E)
                  01010f78    00000050                  : BIOS.obj (.text:ti_sysbios_family_arm_m3_Hwi_Module_startup__E)
                  01010fc8    00000050     release_pem4.oem4 (.text:ti_sysbios_knl_Task_create)
                  01011018    0000004f     mqtt_client.a : client_core.obj (.text:sessionResume)
                  01011067    00000001     --HOLE-- [fill = 0]
                  01011068    0000004e                   : client_core.obj (.text:ack2MsgIdUnlog)
                  010110b6    00000002     --HOLE-- [fill = 0]
                  010110b8    0000004d                   : client_core.obj (.text:sessionDelete)
                  01011105    00000003     --HOLE-- [fill = 0]
                  01011108    0000004c     drivers_cc32xx.aem4 : GPIOCC32XX.oem4 (.text:GPIO_disableInt)
                  01011154    0000004c                         : GPIOCC32XX.oem4 (.text:GPIO_enableInt)
                  010111a0    0000004c     mqtt_client.a : mqtt_common.obj (.text:MQTT_qos2PubCqLogup)
                  010111ec    0000004c                   : mqtt_client.obj (.text:MqttClientCtxDelete)
                  01011238    0000004c     simplelink.a : cc_pal.obj (.text:NwpWaitForShutDownInd)
                  01011284    0000004c     uart_term.obj (.text:TrimSpace)
                  010112d0    0000004c     simplelink.a : driver.obj (.text:_SlDrvCmdSend_noWait)
                  0101131c    0000004c                  : driver.obj (.text:_SlDrvProtectAsyncRespSetting)
                  01011368    0000004c     mqtt_client.a : mqtt_client.obj (.text:_sl_ExtLib_ServerAckLockedWait)
                  010113b4    0000004c     drivers_cc32xx.aem4 : PowerCC32XX.oem4 (.text:restorePeriphClocks)
                  01011400    0000004c     rtsv7M4_T_le_eabi.lib : atoi.obj (.text)
                  0101144c    0000004c                           : cpy_tbl.obj (.text)
                  01011498    0000004c     mqtt_client.a : client_core.obj (.text:singleCtxAdjWaitSecsGet)
                  010114e4    0000004c     simplelink.a : wlan.obj (.text:sl_WlanSetMode)
                  01011530    0000004c     sysbios.aem4 : m3_TaskSupport_asm.obj (.text:ti_sysbios_family_arm_m3_TaskSupport_buildTaskStack)
                  0101157c    00000004     release_pem4.oem4 (.text:xdc_runtime_System_Module_GateProxy_leave__E)
                  01011580    0000004c     sysbios.aem4 : BIOS.obj (.text:ti_sysbios_heaps_HeapMem_getStats__E)
                  010115cc    00000004     --HOLE-- [fill = 0]
                  010115d0    0000004c                  : BIOS.obj (.text:ti_sysbios_knl_Swi_runLoop__I)
                  0101161c    00000004     --HOLE-- [fill = 0]
                  01011620    0000004c                  : BIOS.obj (.text:ti_sysbios_knl_Task_allBlockedFunction__I)
                  0101166c    00000004     --HOLE-- [fill = 0]
                  01011670    0000004c                  : BIOS.obj (.text:ti_sysbios_knl_Task_schedule__I)
                  010116bc    0000004a     mqtt_client.a : client_core.obj (.text:recvHvecLoad)
                  01011706    00000002     --HOLE-- [fill = 0]
                  01011708    00000048     dpl_cc32xx.aem4 : ClockP_tirtos.oem4 (.text:ClockP_create)
                  01011750    00000048     driverlib.a : flash.obj (.text:FlashDisable)
                  01011798    00000048     uart_term.obj (.text:InitTerm)
                  010117e0    00000048     driverlib.a : prcm.obj (.text:PRCMLPDSEnter)
                  01011828    00000048                 : prcm.obj (.text:PRCMPeripheralClkEnable)
                  01011870    00000048     drivers_cc32xx.aem4 : PowerCC32XX.oem4 (.text:Power_releaseConstraint)
                  010118b8    00000048     simplelink.a : eventreg.obj (.text:_SlDeviceFatalErrorEvtHdlr)
                  01011900    00000048                  : eventreg.obj (.text:_SlDeviceGeneralEvtHdlr)
                  01011948    00000048                  : driver.obj (.text:_SlDrvBasicCmd)
                  01011990    00000048                  : driver.obj (.text:_SlDrvSyncObjWaitTimeout)
                  010119d8    00000048                  : eventreg.obj (.text:_SlNetAppEvtHdlr)
                  01011a20    00000048                  : eventreg.obj (.text:_SlNetAppRequestMemFree)
                  01011a68    00000048                  : eventreg.obj (.text:_SlSockEvtHdlr)
                  01011ab0    00000048                  : eventreg.obj (.text:_SlWlanEvtHdlr)
                  01011af8    00000048     mqtt_client.a : client_core.obj (.text:procLoopbackRecv)
                  01011b40    00000048                   : mqtt_client.obj (.text:processDisconnCB)
                  01011b88    00000048     rtsv7M4_T_le_eabi.lib : fd_toi_t2.obj (.text)
                  01011bd0    00000048     sysbios.aem4 : BIOS.obj (.text:ti_sysbios_family_arm_m3_Hwi_disableInterrupt__E)
                  01011c18    00000048                  : BIOS.obj (.text:ti_sysbios_family_arm_m3_Hwi_enableInterrupt__E)
                  01011c60    00000048                  : m3_Hwi_asm_switch.obj (.text:ti_sysbios_family_arm_m3_Hwi_initStacks__E)
                  01011ca8    00000048                  : BIOS.obj (.text:ti_sysbios_family_arm_m3_Timer_initDevice__I)
                  01011cf0    00000048                  : BIOS.obj (.text:ti_sysbios_knl_Mailbox_Module_startup__E)
                  01011d38    00000048                  : BIOS.obj (.text:ti_sysbios_knl_Task_deleteTerminatedTasksFunc__I)
                  01011d80    00000046     drivers_cc32xx.aem4 : RingBuf.oem4 (.text:RingBuf_put)
                  01011dc6    00000046     mqtt_client.a : mqtt_common.obj (.text:mqpProcVhMsgIdRx)
                  01011e0c    00000004     --HOLE-- [fill = 0]
                  01011e10    00000046     sysbios.aem4 : BIOS.obj (.text:xdc_runtime_Core_assignParams__I)
                  01011e56    00000002     --HOLE-- [fill = 0]
                  01011e58    00000044     mqtt_client_app.obj (.text:MQTT_SendMsgToQueue)
                  01011e9c    00000044     driverlib.a : prcm.obj (.text:PRCMLPDSRestoreInfoSet)
                  01011ee0    00000044     drivers_cc32xx.aem4 : PowerCC32XX_asm.oem4 (.text:PowerCC32XX_enterLPDS)
                  01011f24    00000044                         : SPI.oem4 (.text:SPI_init)
                  01011f68    00000044                         : UART.oem4 (.text:UART_init)
                  01011fac    00000044     boot.aem4 : boot.oem4 (.text)
                  01011ff0    00000044     drivers_cc32xx.aem4 : PowerCC32XX.oem4 (.text:notify)
                  01012034    00000044     mqtt_client.a : client_core.obj (.text:singleCtxRxPrepLocked)
                  01012078    00000044                   : client_core.obj (.text:tailIncorpMsgID)
                  010120bc    00000004     --HOLE-- [fill = 0]
                  010120c0    00000044     sysbios.aem4 : BIOS.obj (.text:ti_sysbios_family_arm_m3_Hwi_getStackInfo__E)
                  01012104    00000004     --HOLE-- [fill = 0]
                  01012108    00000044                  : BIOS.obj (.text:ti_sysbios_knl_Mailbox_postInit__I)
                  0101214c    00000004     --HOLE-- [fill = 0]
                  01012150    00000044                  : BIOS.obj (.text:ti_sysbios_knl_Swi_post__E)
                  01012194    00000004     --HOLE-- [fill = 0]
                  01012198    00000044                  : BIOS.obj (.text:xdc_runtime_System_atexit__E)
                  010121dc    00000042     mqtt_client.a : client_core.obj (.text:pingReqSend)
                  0101221e    00000042     simplelink.a : sl_socket.obj (.text:sl_Htonl)
                  01012260    00000042     mqtt_client.a : client_core.obj (.text:txPartSetup)
                  010122a2    00000040     simplelink.a : sl_socket.obj (.text:CountSetBits)
                  010122e2    00000002     --HOLE-- [fill = 0]
                  010122e4    00000040     dpl_cc32xx.aem4 : HwiP_tirtos.oem4 (.text:HwiP_create)
                  01012324    00000040     mqtt_client_app.obj (.text:LedTimerConfigNStart)
                  01012364    00000040     mqtt_client.a : mqtt_common.obj (.text:MQTT_clCtxTimeoutUpdate)
                  010123a4    00000040     driverlib.a : pin.obj (.text:PinModeSet)
                  010123e4    00000040     drivers_cc32xx.aem4 : RingBuf.oem4 (.text:RingBuf_get)
                  01012424    00000040                         : UARTCC32XX.oem4 (.text:UARTCC32XX_read)
                  01012464    00000040                         : UDMACC32XX.oem4 (.text:UDMACC32XX_init)
                  010124a4    00000040     simplelink.a : driver.obj (.text:_SlDrvGlobalObjUnLock)
                  010124e4    00000040                  : eventreg.obj (.text:_SlIsEventRegistered)
                  01012524    00000040     mqtt_client.a : client_core.obj (.text:groupCtxsKaSequence)
                  01012564    00000004     --HOLE-- [fill = 0]
                  01012568    00000040     sysbios.aem4 : BIOS.obj (.text:pthread_mutex_unlock)
                  010125a8    00000040     rtsv7M4_T_le_eabi.lib : strtok.obj (.text)
                  010125e8    00000040     sysbios.aem4 : BIOS.obj (.text:ti_sysbios_heaps_HeapMem_Instance_init__E)
                  01012628    0000003e     simplelink.a : sl_socket.obj (.text:_SlSocketBuildAddress)
                  01012666    0000003e     release_pem4.oem4 (.text:realloc)
                  010126a4    0000003e     mqtt_client.a : client_core.obj (.text:session311fix)
                  010126e2    00000002     --HOLE-- [fill = 0]
                  010126e4    0000003c     network_if.obj (.text:InitializeAppVariables)
                  01012720    0000003c     drivers_cc32xx.aem4 : PowerCC32XX.oem4 (.text:Power_setConstraint)
                  0101275c    0000003c                         : SPI.oem4 (.text:SPI_open)
                  01012798    0000003c     dpl_cc32xx.aem4 : SemaphoreP_tirtos.oem4 (.text:SemaphoreP_create)
                  010127d4    0000003c     mqtt_client_app.obj (.text:SetClientIdNamefromMacAddress)
                  01012810    0000003c     drivers_cc32xx.aem4 : UART.oem4 (.text:UART_open)
                  0101284c    0000003c     simplelink.a : netapp.obj (.text:_SlNetAppCopyPingResultsToReport)
                  01012888    0000003c     dpl_cc32xx.aem4 : PowerCC32XX_tirtos.oem4 (.text:getCountsRTC)
                  010128c4    0000003c     mqtt_client.a : client_core.obj (.text:mqpFreeLocked)
                  01012900    0000003c     simplelink.a : sl_socket.obj (.text:sl_Htons)
                  0101293c    00000004     --HOLE-- [fill = 0]
                  01012940    0000003c     sysbios.aem4 : BIOS.obj (.text:ti_sysbios_family_arm_m3_Hwi_Instance_finalize__E)
                  0101297c    00000004     --HOLE-- [fill = 0]
                  01012980    0000003c                  : BIOS.obj (.text:ti_sysbios_family_arm_m3_Timer_setPeriodMicroSecs__E)
                  010129bc    00000004     --HOLE-- [fill = 0]
                  010129c0    0000003c                  : BIOS.obj (.text:ti_sysbios_knl_Clock_Instance_init__E)
                  010129fc    0000003c     release_pem4.oem4 (.text:ti_sysbios_knl_Clock_create)
                  01012a38    0000003c     sysbios.aem4 : BIOS.obj (.text:ti_sysbios_knl_Clock_walkQueuePeriodic__E)
                  01012a74    00000004     --HOLE-- [fill = 0]
                  01012a78    0000003c                  : BIOS.obj (.text:ti_sysbios_knl_Swi_restore__E)
                  01012ab4    00000004     --HOLE-- [fill = 0]
                  01012ab8    0000003c                  : BIOS.obj (.text:xdc_runtime_System_processAtExit__E)
                  01012af4    00000038     mqtt_client.a : client_core.obj (.text:MQTT_bufWrNbytes)
                  01012b2c    00000038                   : mqtt_common.obj (.text:MQTT_bufWrNbytes)
                  01012b64    00000038     driverlib.a : prcm.obj (.text:PRCMLPDSEnterKeepDebugIf)
                  01012b9c    00000004     --HOLE-- [fill = 0]
                  01012ba0    00000038     sysbios.aem4 : BIOS.obj (.text:mq_close)
                  01012bd8    00000038     mqtt_client.a : client_core.obj (.text:netSend)
                  01012c10    00000038     sysbios.aem4 : BIOS.obj (.text:pthread_setschedparam)
                  01012c48    00000038                  : BIOS.obj (.text:ti_sysbios_knl_Task_processVitalTaskFlag__I)
                  01012c80    00000036     mqtt_client.a : mqtt_common.obj (.text:MQTT_bufSet)
                  01012cb6    00000036                   : mqtt_common.obj (.text:MQTT_packetAckWlistAppend)
                  01012cec    00000036                   : mqtt_common.obj (.text:MQTT_packetBufWrUtf8)
                  01012d22    00000036                   : mqtt_common.obj (.text:MQTT_packetProcMsgIdAckRx)
                  01012d58    00000036     drivers_cc32xx.aem4 : PowerCC32XX.oem4 (.text:PowerCC32XX_restoreParkedPin)
                  01012d8e    00000036                         : UARTCC32XX.oem4 (.text:UARTCC32XX_readCancel)
                  01012dc4    00000004     --HOLE-- [fill = 0]
                  01012dc8    00000036     sysbios.aem4 : BIOS.obj (.text:mq_timedsend)
                  01012dfe    00000036     rtsv7M4_T_le_eabi.lib : strncpy.obj (.text)
                  01012e34    00000034     mqtt_client.a : mqtt_common.obj (.text:MQTT_packetReset)
                  01012e68    00000034     driverlib.a : pin.obj (.text:PinModeGet)
                  01012e9c    00000034     drivers_cc32xx.aem4 : PowerCC32XX.oem4 (.text:PowerCC32XX_restoreParkState)
                  01012ed0    00000034     mqtt_client.a : mqtt_client.obj (.text:SetCondAwaitedAckLocked)
                  01012f04    00000034     network_if.obj (.text:SimpleLinkGeneralEventHandler)
                  01012f38    00000034     drivers_cc32xx.aem4 : UDMACC32XX.oem4 (.text:UDMACC32XX_close)
                  01012f6c    00000034     mqtt_client.a : client_core.obj (.text:_procPubRelRx)
                  01012fa0    00000034                   : client_core.obj (.text:conn2usedCtxs)
                  01012fd4    00000034     mqtt_client_app.obj (.text:pushButtonInterruptHandler2)
                  01013008    00000034     sysbios.aem4 : BIOS.obj (.text:ti_sysbios_family_arm_m3_Timer_periodicStub__I)
                  0101303c    00000034     release_pem4.oem4 (.text:ti_sysbios_knl_Semaphore_create)
                  01013070    00000032     mqtt_client.a : mqtt_common.obj (.text:MQTT_packetAckWlistPurge)
                  010130a2    00000032                   : client_core.obj (.text:awaitsPkts)
                  010130d4    00000032                   : client_core.obj (.text:procNetDataRecv)
                  01013106    00000002     --HOLE-- [fill = 0]
                  01013108    00000032     sysbios.aem4 : BIOS.obj (.text:ti_sysbios_hal_Hwi_initStack)
                  0101313a    00000030     mqtt_client.a : mqtt_common.obj (.text:MQTT_clCtxReset)
                  0101316a    00000002     --HOLE-- [fill = 0]
                  0101316c    00000030     network_if.obj (.text:Network_IF_DisconnectFromAP)
                  0101319c    00000030     simplelink.a : driver.obj (.text:_SlDrvSyncObjWaitForever)
                  010131cc    00000004     --HOLE-- [fill = 0]
                  010131d0    00000030     sysbios.aem4 : BIOS.obj (.text:clockFxn$25)
                  01013200    00000030                  : BIOS.obj (.text:findInList$26)
                  01013230    00000030     release_pem4.oem4 (.text:ti_sysbios_BIOS_atExitFunc__I)
                  01013260    00000030     release_pem4.oem4 (.text:ti_sysbios_BIOS_startFunc__I)
                  01013290    00000030     sysbios.aem4 : BIOS.obj (.text:ti_sysbios_family_arm_m3_TaskSupport_start__E)
                  010132c0    00000030     release_pem4.oem4 (.text:ti_sysbios_gates_GateHwi_Object__create__S)
                  010132f0    00000030     release_pem4.oem4 (.text:ti_sysbios_gates_GateMutex_Object__create__S)
                  01013320    00000030     release_pem4.oem4 (.text:ti_sysbios_gates_GateMutex_create)
                  01013350    00000030     sysbios.aem4 : BIOS.obj (.text:ti_sysbios_gates_GateMutex_enter__E)
                  01013380    00000030     release_pem4.oem4 (.text:ti_sysbios_heaps_HeapMem_Object__create__S)
                  010133b0    00000030     release_pem4.oem4 (.text:ti_sysbios_knl_Clock_construct)
                  010133e0    00000030     release_pem4.oem4 (.text:ti_sysbios_knl_Semaphore_construct)
                  01013410    00000030     sysbios.aem4 : BIOS.obj (.text:ti_sysbios_knl_Semaphore_pendTimeout__I)
                  01013440    00000030                  : BIOS.obj (.text:ti_sysbios_knl_Task_unblockI__E)
                  01013470    00000030                  : BIOS.obj (.text:timer_delete)
                  010134a0    00000030     simplelink.a : sl_socket.obj (.text:to_mSec)
                  010134d0    0000002e     mqtt_client.a : mqtt_client.obj (.text:MQTTClient_publish)
                  010134fe    0000002e                   : mqtt_client.obj (.text:_sl_ExtLib_AwaitedAckSet)
                  0101352c    0000002e     rtsv7M4_T_le_eabi.lib : i_tofd_t2.obj (.text)
                  0101355a    0000002e     release_pem4.oem4 (.text:ti_sysbios_rts_gnu_MemAlloc_alloc)
                  01013588    0000002c     drivers_cc32xx.aem4 : GPIOCC32XX.oem4 (.text:GPIO_clearInt)
                  010135b4    0000002c     simplelink.a : cc_pal.obj (.text:NwpPowerOn)
                  010135e0    0000002c     drivers_cc32xx.aem4 : PowerCC32XX.oem4 (.text:PowerCC32XX_getParkState)
                  0101360c    0000002c     dpl_cc32xx.aem4 : SemaphoreP_tirtos.oem4 (.text:SemaphoreP_createBinary)
                  01013638    0000002c     simplelink.a : cc_pal.obj (.text:Semaphore_create_handle)
                  01013664    0000002c     mqtt_client.a : mqtt_client.obj (.text:_sl_ExtLib_AwaitedAckLockedSet)
                  01013690    0000002c                   : client_core.obj (.text:mqpDoNotReportCor)
                  010136bc    0000002c                   : client_core.obj (.text:netClCtxFind)
                  010136e8    0000002c     rtsv7M4_T_le_eabi.lib : strncmp.obj (.text)
                  01013714    0000002c     release_pem4.oem4 (.text:ti_sysbios_knl_Clock_doTick__I)
                  01013740    0000002c     sysbios.aem4 : BIOS.obj (.text:ti_sysbios_knl_Clock_getTimeout__E)
                  0101376c    0000002c     release_pem4.oem4 (.text:ti_sysbios_knl_Queue_construct)
                  01013798    0000002c     sysbios.aem4 : BIOS.obj (.text:ti_sysbios_knl_Task_restore__E)
                  010137c4    0000002c     mqtt_client.a : client_core.obj (.text:txPartBufP)
                  010137f0    0000002a                   : client_core.obj (.text:connSentStateRx)
                  0101381a    0000002a     rtsv7M4_T_le_eabi.lib : strspn.obj (.text)
                  01013844    00000028     mqtt_client.a : client_core.obj (.text:MQTT_bufWrNbo2B)
                  0101386c    00000028                   : mqtt_common.obj (.text:MQTT_bufWrNbo2B)
                  01013894    00000028                   : mqtt_common.obj (.text:MQTT_qos2PubCqReset)
                  010138bc    00000028     driverlib.a : prcm.obj (.text:PRCMPeripheralClkDisable)
                  010138e4    00000028     dpl_cc32xx.aem4 : PowerCC32XX_tirtos.oem4 (.text:PowerCC32XX_initPolicy)
                  0101390c    00000028     drivers_cc32xx.aem4 : PowerCC32XX.oem4 (.text:Power_registerNotify)
                  01013934    00000028     simplelink.a : sl_socket.obj (.text:SL_SOCKET_FD_ISSET)
                  0101395c    00000028                  : driver.obj (.text:_SlDrvProtectionObjLockWaitForever)
                  01013984    00000028                  : driver.obj (.text:_SlDrvProtectionObjUnLock)
                  010139ac    00000028                  : driver.obj (.text:_SlDrvUpdateApiInProgress)
                  010139d4    00000028                  : flowcont.obj (.text:_SlFlowContSet)
                  010139fc    00000004     --HOLE-- [fill = 0]
                  01013a00    00000028     sysbios.aem4 : BIOS.obj (.text:mq_receive)
                  01013a28    00000028                  : BIOS.obj (.text:ti_sysbios_knl_Clock_addI__E)
                  01013a50    00000028                  : BIOS.obj (.text:ti_sysbios_knl_Swi_Module_startup__E)
                  01013a78    00000026     drivers_cc32xx.aem4 : List.oem4 (.text:List_put)
                  01013a9e    00000026     mqtt_client.a : client_core.obj (.text:MQTTClientCore_ctxRun)
                  01013ac4    00000026                   : client_core.obj (.text:MQTTClientCore_sendConnectMsg)
                  01013aea    00000026                   : client_core.obj (.text:isConnected)
                  01013b10    00000026                   : cc32xx_sl_net.obj (.text:tcpSend)
                  01013b36    00000024                   : mqtt_common.obj (.text:MQTT_packetInit)
                  01013b5a    00000024     simplelink.a : cc_pal.obj (.text:Mutex_create_handle)
                  01013b7e    00000002     --HOLE-- [fill = 0]
                  01013b80    00000024                  : driver.obj (.text:_SlDrvIsApiInProgress)
                  01013ba4    00000024                  : driver.obj (.text:_SlDrvStartMeasureTimeout)
                  01013bc8    00000024     sysbios.aem4 : BIOS.obj (.text:pthread_attr_init)
                  01013bec    00000004     --HOLE-- [fill = 0]
                  01013bf0    00000024                  : BIOS.obj (.text:pthread_mutex_destroy)
                  01013c14    00000024     rtsv7M4_T_le_eabi.lib : memmov.obj (.text)
                  01013c38    00000024                           : strcspn.obj (.text)
                  01013c5c    00000024     simplelink.a : wlan.obj (.text:sl_WlanDisconnect)
                  01013c80    00000024     release_pem4.oem4 (.text:ti_sysbios_BIOS_registerRTSLock__I)
                  01013ca4    00000024     release_pem4.oem4 (.text:ti_sysbios_BIOS_removeRTSLock__I)
                  01013cc8    00000024     sysbios.aem4 : BIOS.obj (.text:ti_sysbios_family_arm_m3_Timer_Module_startup__E)
                  01013cec    00000004     --HOLE-- [fill = 0]
                  01013cf0    00000024                  : BIOS.obj (.text:ti_sysbios_family_arm_m3_Timer_postInit__I)
                  01013d14    00000004     --HOLE-- [fill = 0]
                  01013d18    00000024                  : BIOS.obj (.text:ti_sysbios_family_arm_m3_Timer_startup__E)
                  01013d3c    00000024     release_pem4.oem4 (.text:ti_sysbios_gates_GateMutex_Object__delete__S)
                  01013d60    00000024     sysbios.aem4 : BIOS.obj (.text:ti_sysbios_knl_Clock_Module_startup__E)
                  01013d84    00000024     release_pem4.oem4 (.text:ti_sysbios_knl_Clock_Object__delete__S)
                  01013da8    00000024     sysbios.aem4 : BIOS.obj (.text:ti_sysbios_knl_Clock_start__E)
                  01013dcc    00000004     --HOLE-- [fill = 0]
                  01013dd0    00000024                  : BIOS.obj (.text:ti_sysbios_knl_Semaphore_Instance_init__E)
                  01013df4    00000024     release_pem4.oem4 (.text:ti_sysbios_knl_Semaphore_Object__delete__S)
                  01013e18    00000024     sysbios.aem4 : BIOS.obj (.text:ti_sysbios_knl_Task_restoreHwi__E)
                  01013e3c    00000004     --HOLE-- [fill = 0]
                  01013e40    00000024                  : BIOS.obj (.text:xdc_runtime_Error_policyMin__E)
                  01013e64    00000022     mqtt_client.a : mqtt_common.obj (.text:MQTT_packetFree)
                  01013e86    00000022     simplelink.a : sl_socket.obj (.text:SL_SOCKET_FD_SET)
                  01013ea8    00000022     mqtt_client.a : client_core.obj (.text:_txPartReset)
                  01013eca    00000020                   : mqtt_common.obj (.text:MQTT_secureConnStructInit)
                  01013eea    00000002     --HOLE-- [fill = 0]
                  01013eec    00000020     drivers_cc32xx.aem4 : PowerCC32XX.oem4 (.text:Power_unregisterNotify)
                  01013f0c    00000020                         : RingBuf.oem4 (.text:RingBuf_peek)
                  01013f2c    00000020     simplelink.a : driver.obj (.text:_SlDrvObjLockWaitForever)
                  01013f4c    00000020                  : driver.obj (.text:_SlDrvObjUnLock)
                  01013f6c    00000020     drivers_cc32xx.aem4 : SPICC32XXDMA.oem4 (.text:getPowerMgrId)
                  01013f8c    00000020                         : UARTCC32XX.oem4 (.text:getPowerMgrId)
                  01013fac    00000020     mqtt_client.a : client_core.obj (.text:groupCtxsAdjWaitSecsGet)
                  01013fcc    00000004     --HOLE-- [fill = 0]
                  01013fd0    00000020     sysbios.aem4 : BIOS.obj (.text:sleep)
                  01013ff0    00000020     release_pem4.oem4 (.text:ti_sysbios_BIOS_rtsLock__I)
                  01014010    00000020     release_pem4.oem4 (.text:ti_sysbios_family_arm_m3_Hwi_Object__delete__S)
                  01014030    00000020     sysbios.aem4 : BIOS.obj (.text:ti_sysbios_family_arm_m3_Hwi_clearInterrupt__E)
                  01014050    00000020                  : m3_Hwi_asm.obj (.text:ti_sysbios_family_arm_m3_Hwi_excHandlerAsm__I)
                  01014070    00000020                  : BIOS.obj (.text:ti_sysbios_family_arm_m3_Hwi_excHandler__I)
                  01014090    00000020     release_pem4.oem4 (.text:ti_sysbios_gates_GateHwi_Object__delete__S)
                  010140b0    00000020     release_pem4.oem4 (.text:ti_sysbios_heaps_HeapMem_Object__delete__S)
                  010140d0    00000020     release_pem4.oem4 (.text:ti_sysbios_knl_Clock_destruct)
                  010140f0    00000020     sysbios.aem4 : BIOS.obj (.text:ti_sysbios_knl_Idle_run__E)
                  01014110    00000020     release_pem4.oem4 (.text:ti_sysbios_knl_Semaphore_destruct)
                  01014130    00000020     release_pem4.oem4 (.text:ti_sysbios_knl_Task_Object__delete__S)
                  01014150    0000001e     mqtt_client.a : mqtt_common.obj (.text:MQTT_bufRdNbo2B)
                  0101416e    0000001e     simplelink.a : driver.obj (.text:_SlDrvSyncObjSignal)
                  0101418c    0000001e     mqtt_client.a : client_core.obj (.text:isValidUTF8String)
                  010141aa    0000001e     drivers_cc32xx.aem4 : UDMACC32XX.oem4 (.text:postNotifyFxn)
                  010141c8    0000001e     sysbios.aem4 : m3_Hwi_asm_switch.obj (.text:ti_sysbios_family_xxx_Hwi_switchAndRunFunc)
                  010141e6    00000002     --HOLE-- [fill = 0]
                  010141e8    0000001c     uart_term.obj (.text:Message)
                  01014204    0000001c     driverlib.a : pin.obj (.text:PinToPadGet)
                  01014220    0000001c     mqtt_client_app.obj (.text:TimerPeriodicIntHandler)
                  0101423c    0000001c     simplelink.a : device.obj (.text:_SlDeviceGetStartResponseConvert)
                  01014258    0000001c     mqtt_client.a : client_core.obj (.text:clCtxFreeup)
                  01014274    0000001c                   : client_core.obj (.text:getConnectVhLen)
                  01014290    0000001c                   : client_core.obj (.text:mqpFree)
                  010142ac    0000001c     rtsv7M4_T_le_eabi.lib : memccpy.obj (.text)
                  010142c8    0000001c     sysbios.aem4 : BIOS.obj (.text:ti_sysbios_family_arm_m3_Timer_stop__E)
                  010142e4    00000004     --HOLE-- [fill = 0]
                  010142e8    0000001c                  : BIOS.obj (.text:ti_sysbios_gates_GateMutex_Instance_init__E)
                  01014304    00000004     --HOLE-- [fill = 0]
                  01014308    0000001c                  : BIOS.obj (.text:ti_sysbios_knl_Clock_Instance_finalize__E)
                  01014324    0000001c     release_pem4.oem4 (.text:ti_sysbios_knl_Queue_destruct)
                  01014340    0000001c     sysbios.aem4 : BIOS.obj (.text:ti_sysbios_knl_Queue_get__E)
                  0101435c    00000004     --HOLE-- [fill = 0]
                  01014360    0000001c                  : BIOS.obj (.text:ti_sysbios_knl_Queue_put__E)
                  0101437c    00000004     --HOLE-- [fill = 0]
                  01014380    0000001c                  : BIOS.obj (.text:ti_sysbios_knl_Task_enter__I)
                  0101439c    00000004     --HOLE-- [fill = 0]
                  010143a0    0000001c                  : BIOS.obj (.text:timerThreadFxn$30)
                  010143bc    0000001c     mqtt_client.a : client_core.obj (.text:txPartReset)
                  010143d8    0000001c                   : client_core.obj (.text:usedCtxsTOSort)
                  010143f4    00000004     --HOLE-- [fill = 0]
                  010143f8    0000001c     sysbios.aem4 : BIOS.obj (.text:usleep)
                  01014414    0000001a     mqtt_client.a : cc32xx_sl_net.obj (.text:commClose)
                  0101442e    0000001a     sysbios.aem4 : m3_Hwi_asm.obj (.text:ti_sysbios_family_arm_m3_Hwi_pendSV__I)
                  01014448    00000018     mqtt_client.a : mqtt_client.obj (.text:MQTTClient_subscribe)
                  01014460    00000018                   : mqtt_client.obj (.text:MQTTClient_unsubscribe)
                  01014478    00000018     drivers_cc32xx.aem4 : PowerCC32XX.oem4 (.text:Power_idleFunc)
                  01014490    00000018     driverlib.a : uart.obj (.text:UARTBusy)
                  010144a8    00000018                 : uart.obj (.text:UARTIntEnable)
                  010144c0    00000018     drivers_cc32xx.aem4 : UART.oem4 (.text:UART_Params_init)
                  010144d8    00000018     release_pem4.oem4 (.text:free)
                  010144f0    00000018     sysbios.aem4 : BIOS.obj (.text:pthread_attr_setschedparam)
                  01014508    00000018     uart_term.obj (.text:putch)
                  01014520    00000018     rtsv7M4_T_le_eabi.lib : args_main.obj (.text)
                  01014538    00000018                           : ll_mul_t2.obj (.text)
                  01014550    00000018                           : strcmp.obj (.text)
                  01014568    00000018     release_pem4.oem4 (.text:ti_sysbios_BIOS_rtsUnlock__I)
                  01014580    00000018     release_pem4.oem4 (.text:ti_sysbios_family_arm_m3_Hwi_Module__startupDone__F)
                  01014598    00000018     release_pem4.oem4 (.text:ti_sysbios_family_arm_m3_Timer_Module__startupDone__F)
                  010145b0    00000018     release_pem4.oem4 (.text:ti_sysbios_gates_GateHwi_Handle__label__S)
                  010145c8    00000018     release_pem4.oem4 (.text:ti_sysbios_gates_GateMutex_Handle__label__S)
                  010145e0    00000018     sysbios.aem4 : BIOS.obj (.text:ti_sysbios_gates_GateMutex_leave__E)
                  010145f8    00000018     release_pem4.oem4 (.text:ti_sysbios_heaps_HeapMem_Handle__label__S)
                  01014610    00000018     sysbios.aem4 : BIOS.obj (.text:ti_sysbios_knl_Task_sleepTimeout__I)
                  01014628    00000018                  : BIOS.obj (.text:xdc_runtime_Error_init__E)
                  01014640    00000018                  : BIOS.obj (.text:xdc_runtime_System_exit__E)
                  01014658    00000016     drivers_cc32xx.aem4 : List.oem4 (.text:List_remove)
                  0101466e    00000016     mqtt_client.a : client_core.obj (.text:MQTTClientCore_sendSubMsg)
                  01014684    00000016                   : client_core.obj (.text:MQTTClientCore_sendUnsubMsg)
                  0101469a    00000016     driverlib.a : prcm.obj (.text:PRCMHIBRegRead)
                  010146b0    00000016                 : prcm.obj (.text:PRCMHIBRegWrite)
                  010146c6    00000016     simplelink.a : driver.obj (.text:_SlDrvMemZero)
                  010146dc    00000016     mqtt_client.a : client_core.obj (.text:ack2MsgIdLogup)
                  010146f2    00000016     mqtt_client_app.obj (.text:printBorder)
                  01014708    00000016     mqtt_client.a : client_core.obj (.text:qos2PubRxIsDone)
                  0101471e    00000016                   : client_core.obj (.text:qos2PubRxLogup)
                  01014734    00000016                   : client_core.obj (.text:qos2PubRxUnlog)
                  0101474a    00000016                   : cc32xx_sl_net.obj (.text:rtcSecs)
                  01014760    00000016     rtsv7M4_T_le_eabi.lib : strchr.obj (.text)
                  01014776    00000016     release_pem4.oem4 (.text:ti_sysbios_BIOS_exitFunc__I)
                  0101478c    00000004     --HOLE-- [fill = 0]
                  01014790    00000016     sysbios.aem4 : BIOS.obj (.text:timerFxn$30)
                  010147a6    00000016     mqtt_client.a : client_core.obj (.text:txPartAddup)
                  010147bc    00000014                   : client_core.obj (.text:MQTT_qos2PubCqCount)
                  010147d0    00000014     drivers_cc32xx.aem4 : PowerCC32XX.oem4 (.text:Power_getDependencyCount)
                  010147e4    00000014                         : SPI.oem4 (.text:SPI_Params_init)
                  010147f8    00000014                         : UARTCC32XX.oem4 (.text:releasePowerConstraint)
                  0101480c    00000014     rtsv7M4_T_le_eabi.lib : _lock.obj (.text)
                  01014820    00000014                           : strcpy.obj (.text)
                  01014834    00000014                           : strlen.obj (.text)
                  01014848    00000014     sysbios.aem4 : BIOS.obj (.text:sem_init)
                  0101485c    00000004     --HOLE-- [fill = 0]
                  01014860    00000014                  : BIOS.obj (.text:sem_trywait)
                  01014874    00000014     release_pem4.oem4 (.text:ti_sysbios_family_arm_m3_Hwi_Object__get__S)
                  01014888    00000014     sysbios.aem4 : BIOS.obj (.text:ti_sysbios_family_arm_m3_Hwi_switchFromBootStack__E)
                  0101489c    00000014     release_pem4.oem4 (.text:ti_sysbios_heaps_HeapMem_Object__get__S)
                  010148b0    00000014     sysbios.aem4 : BIOS.obj (.text:ti_sysbios_knl_Clock_tickReconfig__E)
                  010148c4    00000014     release_pem4.oem4 (.text:ti_sysbios_knl_Swi_Object__get__S)
                  010148d8    00000014     release_pem4.oem4 (.text:ti_sysbios_knl_Task_Object__first__S)
                  010148ec    00000014     release_pem4.oem4 (.text:ti_sysbios_knl_Task_Object__next__S)
                  01014900    00000012     mqtt_client.a : client_core.obj (.text:MQTTClientCore_allocRecv)
                  01014912    00000012                   : client_core.obj (.text:MQTTClientCore_allocSend)
                  01014924    00000012     drivers_cc32xx.aem4 : RingBuf.oem4 (.text:RingBuf_construct)
                  01014936    00000012     dpl_cc32xx.aem4 : SemaphoreP_tirtos.oem4 (.text:SemaphoreP_pend)
                  01014948    00000012     sysbios.aem4 : BIOS.obj (.text:ti_sysbios_hal_Hwi_Module_startup__E)
                  0101495a    00000012     release_pem4.oem4 (.text:xdc_runtime_Startup_exec__I)
                  0101496c    00000010     dpl_cc32xx.aem4 : HwiP_tirtos.oem4 (.text:HwiP_Params_init)
                  0101497c    00000010     simplelink.a : cc_pal.obj (.text:MutexP_delete_handle)
                  0101498c    00000010                  : cc_pal.obj (.text:Mutex_unlock)
                  0101499c    00000010                  : sl_socket.obj (.text:SL_SOCKET_FD_ZERO)
                  010149ac    00000010                  : cc_pal.obj (.text:SemaphoreP_delete_handle)
                  010149bc    00000010                  : cc_pal.obj (.text:SemaphoreP_post_handle)
                  010149cc    00000010                  : driver.obj (.text:_SlDrvDispatchHttpServerEvents)
                  010149dc    00000010                  : driver.obj (.text:_SlDrvDispatchNetAppRequestEvents)
                  010149ec    00000010     mqtt_client.a : client_core.obj (.text:assignNewMsgID)
                  010149fc    00000010                   : client_core.obj (.text:lenErrFreeMqp)
                  01014a0c    00000010     drivers_cc32xx.aem4 : UARTCC32XX.oem4 (.text:readBlockingTimeout)
                  01014a1c    00000004     --HOLE-- [fill = 0]
                  01014a20    00000010     sysbios.aem4 : BIOS.obj (.text:ti_sysbios_BIOS_getCpuFreq__E)
                  01014a30    00000010                  : BIOS.obj (.text:ti_sysbios_BIOS_setThreadType__E)
                  01014a40    00000010                  : BIOS.obj (.text:ti_sysbios_BIOS_start__E)
                  01014a50    00000010                  : m3_TaskSupport_asm.obj (.text:ti_sysbios_family_arm_m3_TaskSupport_glue)
                  01014a60    00000010                  : m3_TaskSupport_asm.obj (.text:ti_sysbios_family_arm_m3_TaskSupport_swap__E)
                  01014a70    00000010                  : BIOS.obj (.text:ti_sysbios_gates_GateMutex_Instance_finalize__E)
                  01014a80    00000010     release_pem4.oem4 (.text:ti_sysbios_knl_Mailbox_Object__get__S)
                  01014a90    00000010     sysbios.aem4 : BIOS.obj (.text:ti_sysbios_knl_Semaphore_Instance_finalize__E)
                  01014aa0    00000010                  : BIOS.obj (.text:ti_sysbios_knl_Swi_disable__E)
                  01014ab0    00000010     release_pem4.oem4 (.text:ti_sysbios_knl_Task_Object__get__S)
                  01014ac0    00000010     sysbios.aem4 : BIOS.obj (.text:ti_sysbios_knl_Task_disable__E)
                  01014ad0    00000010                  : BIOS.obj (.text:xdc_runtime_Memory_free__E)
                  01014ae0    00000010                  : BIOS.obj (.text:xdc_runtime_SysCallback_abort__E)
                  01014af0    00000010                  : BIOS.obj (.text:xdc_runtime_SysCallback_exit__E)
                  01014b00    0000000e     simplelink.a : cc_pal.obj (.text:Mutex_lock)
                  01014b0e    0000000e                  : driver.obj (.text:_SlDrvResetCmdExt)
                  01014b1c    0000000e     rtsv7M4_T_le_eabi.lib : copy_decompress_none.obj (.text:decompress:none)
                  01014b2a    0000000e     drivers_cc32xx.aem4 : SPICC32XXDMA.oem4 (.text:postNotifyFxn)
                  01014b38    0000000e     sysbios.aem4 : BIOS.obj (.text:pthread_attr_setdetachstate)
                  01014b46    00000002     --HOLE-- [fill = 0]
                  01014b48    0000000e                  : BIOS.obj (.text:sem_wait)
                  01014b56    0000000e     simplelink.a : cc_pal.obj (.text:spi_Close)
                  01014b64    00000004     --HOLE-- [fill = 0]
                  01014b68    0000000e     sysbios.aem4 : BIOS.obj (.text:ti_sysbios_knl_Idle_loop__E)
                  01014b76    00000002     --HOLE-- [fill = 0]
                  01014b78    0000000e                  : BIOS.obj (.text:ti_sysbios_knl_Queue_empty__E)
                  01014b86    0000000c     CC3220SF_LAUNCHXL.obj (.text:CC3220SF_LAUNCHXL_initGeneral)
                  01014b92    0000000c     dpl_cc32xx.aem4 : ClockP_tirtos.oem4 (.text:ClockP_delete)
                  01014b9e    00000002     --HOLE-- [fill = 0]
                  01014ba0    0000000c                     : ClockP_tirtos.oem4 (.text:ClockP_getSystemTickPeriod)
                  01014bac    0000000c                     : HwiP_tirtos.oem4 (.text:HwiP_delete)
                  01014bb8    0000000c     mqtt_client_app.obj (.text:LedTimerDeinitStop)
                  01014bc4    0000000c     dpl_cc32xx.aem4 : MutexP_tirtos.oem4 (.text:MutexP_create)
                  01014bd0    0000000c                     : MutexP_tirtos.oem4 (.text:MutexP_delete)
                  01014bdc    0000000c     network_if.obj (.text:Network_IF_ResetMCUStateMachine)
                  01014be8    0000000c     simplelink.a : cc_pal.obj (.text:NwpMaskInterrupt)
                  01014bf4    0000000c                  : cc_pal.obj (.text:NwpUnMaskInterrupt)
                  01014c00    0000000c     drivers_cc32xx.aem4 : PowerCC32XX.oem4 (.text:Power_getConstraintMask)
                  01014c0c    0000000c     dpl_cc32xx.aem4 : SemaphoreP_tirtos.oem4 (.text:SemaphoreP_delete)
                  01014c18    0000000c     simplelink.a : device.obj (.text:_SlDeviceResetRequestInitCompletedCB)
                  01014c24    0000000c     rtsv7M4_T_le_eabi.lib : copy_zero_init.obj (.text:decompress:ZI)
                  01014c30    0000000c     CC3220SF_LAUNCHXL.obj (.text:dmaErrorFxn)
                  01014c3c    0000000c     mqtt_client.a : mqtt_client.obj (.text:mutexLockup)
                  01014c48    0000000c                   : mqtt_client.obj (.text:mutexUnlock)
                  01014c54    0000000c     drivers_cc32xx.aem4 : UARTCC32XX.oem4 (.text:postNotifyFxn)
                  01014c60    0000000c     release_pem4.oem4 (.text:ti_sysbios_family_arm_m3_Hwi_Params__init__S)
                  01014c6c    00000004     --HOLE-- [fill = 0]
                  01014c70    0000000c     sysbios.aem4 : BIOS.obj (.text:ti_sysbios_family_arm_m3_Hwi_disableFxn__E)
                  01014c7c    00000004     --HOLE-- [fill = 0]
                  01014c80    0000000c                  : BIOS.obj (.text:ti_sysbios_family_arm_m3_TaskSupport_getStackAlignment__E)
                  01014c8c    00000004     --HOLE-- [fill = 0]
                  01014c90    0000000c                  : BIOS.obj (.text:ti_sysbios_gates_GateHwi_enter__E)
                  01014c9c    0000000c     release_pem4.oem4 (.text:ti_sysbios_knl_Clock_Params__init__S)
                  01014ca8    0000000c     sysbios.aem4 : BIOS.obj (.text:ti_sysbios_knl_Clock_getTicks__E)
                  01014cb4    00000004     --HOLE-- [fill = 0]
                  01014cb8    0000000c                  : BIOS.obj (.text:ti_sysbios_knl_Clock_setTicks__E)
                  01014cc4    00000004     --HOLE-- [fill = 0]
                  01014cc8    0000000c                  : BIOS.obj (.text:ti_sysbios_knl_Clock_tickStart__E)
                  01014cd4    00000004     --HOLE-- [fill = 0]
                  01014cd8    0000000c                  : BIOS.obj (.text:ti_sysbios_knl_Clock_tickStop__E)
                  01014ce4    0000000c     release_pem4.oem4 (.text:ti_sysbios_knl_Queue_Object__get__S)
                  01014cf0    0000000c     release_pem4.oem4 (.text:ti_sysbios_knl_Semaphore_Params__init__S)
                  01014cfc    0000000c     release_pem4.oem4 (.text:ti_sysbios_knl_Task_Params__init__S)
                  01014d08    0000000c     driverlib.a : udma.obj (.text:uDMAErrorStatusClear)
                  01014d14    0000000c                 : udma.obj (.text:uDMAErrorStatusGet)
                  01014d20    0000000c     sysbios.aem4 : BIOS.obj (.text:xdc_runtime_Startup_rtsDone__E)
                  01014d2c    0000000a     drivers_cc32xx.aem4 : List.oem4 (.text:List_empty)
                  01014d36    0000000a                         : SPI.oem4 (.text:SPI_close)
                  01014d40    0000000a                         : SPI.oem4 (.text:SPI_transfer)
                  01014d4a    0000000a                         : UART.oem4 (.text:UART_control)
                  01014d54    0000000a                         : UART.oem4 (.text:UART_readPolling)
[...]
01014e51  xdc_runtime_Main_Module_GateProxy_query__E                      
01014e51  xdc_runtime_System_Module_GateProxy_query__E                    
01014e59  ti_sysbios_BIOS_RtsGateProxy_query__E                           
01014e59  ti_sysbios_gates_GateMutex_query__E                             
01014e59  ti_sysbios_heaps_HeapMem_Module_GateProxy_query__E              
01014e61  ti_sysbios_knl_Clock_setTimeout__E                              
01014e69  ti_sysbios_knl_Task_startup__E                                  
01014e71  ti_sysbios_BIOS_linkedWithIncorrectBootLibrary__E               
01014e79  ti_sysbios_gates_GateHwi_Instance_init__E                       
01014e81  ti_sysbios_knl_Clock_logTick__E                                 
01014e89  xdc_runtime_SysCallback_defaultAbort                            
01014e91  xdc_runtime_SysCallback_defaultExit                             
01014e99  xdc_runtime_System_abortSpin__E                                 
01014ea1  xdc_runtime_System_exitSpin__E                                  
01014ea4  _ctypes_                                                        
01015238  spiCC3220SDMAHWAttrs                                            
010152b0  OpcodeTranslateTable                                            
01015310  _SlActionLookupTable                                            
010153a8  PowerCC32XX_config                                              
010153e8  uartCC3220SHWAttrs                                              
01015428  ti_sysbios_knl_Task_Object__PARAMS__C                           
01015464  ti_sysbios_knl_Mailbox_Object__PARAMS__C                        
01015498  ti_sysbios_family_arm_m3_Hwi_Object__PARAMS__C                  
010154c8  UARTCC32XX_fxnTable                                             
010154f0  ti_sysbios_heaps_HeapMem_Module__FXNS__C                        
01015518  UART_defaultParams                                              
0101553c  ti_sysbios_gates_GateHwi_Module__FXNS__C                        
01015560  ti_sysbios_gates_GateMutex_Module__FXNS__C                      
01015584  ti_sysbios_heaps_HeapMem_Object__PARAMS__C                      
010155a8  ti_sysbios_knl_Clock_Object__PARAMS__C                          
010155cc  ti_sysbios_knl_Semaphore_Object__PARAMS__C                      
01015634  SPI_defaultParams                                               
01015694  ti_sysbios_family_arm_m3_Hwi_Object__DESC__C                    
010156b4  ti_sysbios_gates_GateHwi_Object__DESC__C                        
010156d4  ti_sysbios_gates_GateMutex_Object__DESC__C                      
010156f4  ti_sysbios_heaps_HeapMem_Object__DESC__C                        
01015714  ti_sysbios_knl_Clock_Object__DESC__C                            
01015734  ti_sysbios_knl_Mailbox_Object__DESC__C                          
01015754  ti_sysbios_knl_Queue_Object__DESC__C                            
01015774  ti_sysbios_knl_Semaphore_Object__DESC__C                        
01015794  ti_sysbios_knl_Task_Object__DESC__C                             
010157b4  xdc_runtime_Startup_sfxnTab__A                                  
010157d4  SPICC32XXDMA_fxnTable                                           
010157ec  SPI_config                                                      
01015804  UART_config                                                     
0101581c  ti_sysbios_gates_GateHwi_Object__PARAMS__C                      
01015834  ti_sysbios_gates_GateMutex_Object__PARAMS__C                    
0101584c  ti_sysbios_knl_Queue_Object__PARAMS__C                          
0101590c  GPIOCC32XX_config                                               
010159bc  xdc_runtime_Startup_sfxnRts__A                                  
010159cc  ADC_count                                                       
010159cd  CryptoCC32XX_count                                              
010159ce  Display_count                                                   
010159cf  I2C_count                                                       
010159d0  I2S_count                                                       
010159d1  PWM_count                                                       
010159d2  SDFatFS_count                                                   
010159d3  SD_count                                                        
010159d4  SDSPI_count                                                     
010159d5  SPI_count                                                       
010159d6  Timer_count                                                     
010159d7  UART_count                                                      
010159d8  Watchdog_count                                                  
010159d9  ti_sysbios_knl_Clock_tickMode__C                                
010159da  ti_sysbios_family_arm_m3_Hwi_Module__id__C                      
01015a00  udmaCC3220SHWAttrs                                              
01015a0c  xdc_runtime_Startup_firstFxns__A                                
01015a20  UDMACC32XX_config                                               
01015a40  outPinTypes                                                     
01015a50  ti_sysbios_knl_Idle_funcList__A                                 
01015a58  ti_sysbios_knl_Idle_funcList__C                                 
01015a60  xdc_runtime_Startup_firstFxns__C                                
01015a68  xdc_runtime_Startup_lastFxns__C                                 
01015a76  inPinTypes                                                      
01015a7c  outPinStrengths                                                 
01015a87  ti_sysbios_knl_Clock_tickSource__C                              
01015ab0  _SlNetAppSendResponseCmdCtrl                                    
01015ab4  _SlNetAppSendTokenValueCmdCtrl                                  
01015ae0  ti_sysbios_family_arm_m3_Hwi_E_alreadyDefined__C                
01015ae4  ti_sysbios_family_arm_m3_Hwi_NUM_INTERRUPTS__C                  
01015ae8  ti_sysbios_family_arm_m3_Hwi_Object__count__C                   
01015aec  ti_sysbios_family_arm_m3_Hwi_ccr__C                             
01015af0  ti_sysbios_family_arm_m3_Hwi_excHandlerFunc__C                  
01015af4  ti_sysbios_family_arm_m3_Hwi_nullIsrFunc__C                     
01015af8  ti_sysbios_family_arm_m3_Hwi_priGroup__C                        
01015afc  ti_sysbios_family_arm_m3_Hwi_swiDisable__C                      
01015b00  ti_sysbios_family_arm_m3_Hwi_swiRestoreHwi__C                   
01015b04  ti_sysbios_family_arm_m3_TaskSupport_stackAlignment__C          
01015b08  ti_sysbios_family_arm_m3_Timer_E_cannotSupport__C               
01015b0c  ti_sysbios_family_arm_m3_Timer_startupNeeded__C                 
01015b10  ti_sysbios_gates_GateMutex_Instance_State_sem__O                
01015b14  ti_sysbios_heaps_HeapMem_E_memory__C                            
01015b18  ti_sysbios_heaps_HeapMem_Module__gateObj__C                     
01015b1c  ti_sysbios_heaps_HeapMem_Object__count__C                       
01015b20  ti_sysbios_heaps_HeapMem_primaryHeapBaseAddr__C                 
01015b24  ti_sysbios_heaps_HeapMem_primaryHeapEndAddr__C                  
01015b28  ti_sysbios_heaps_HeapMem_reqAlign__C                            
01015b2c  ti_sysbios_knl_Clock_Module_State_clockQ__O                     
01015b30  ti_sysbios_knl_Clock_tickPeriod__C                              
01015b34  ti_sysbios_knl_Mailbox_Instance_State_dataQue__O                
01015b38  ti_sysbios_knl_Mailbox_Instance_State_dataSem__O                
01015b3c  ti_sysbios_knl_Mailbox_Instance_State_freeQue__O                
01015b40  ti_sysbios_knl_Mailbox_Instance_State_freeSem__O                
01015b44  ti_sysbios_knl_Mailbox_Object__count__C                         
01015b48  ti_sysbios_knl_Mailbox_maxTypeAlign__C                          
01015b4c  ti_sysbios_knl_Semaphore_Instance_State_pendQ__O                
01015b50  ti_sysbios_knl_Swi_Object__count__C                             
01015b54  ti_sysbios_knl_Task_E_deleteNotAllowed__C                       
01015b58  ti_sysbios_knl_Task_Module_State_inactiveQ__O                   
01015b5c  ti_sysbios_knl_Task_Module_State_terminatedQ__O                 
01015b60  ti_sysbios_knl_Task_Object__count__C                            
01015b64  ti_sysbios_knl_Task_Object__heap__C                             
01015b68  ti_sysbios_knl_Task_allBlockedFunc__C                           
01015b6c  ti_sysbios_knl_Task_defaultStackHeap__C                         
01015b70  ti_sysbios_knl_Task_defaultStackSize__C                         
01015b74  ti_sysbios_knl_Task_numConstructedTasks__C                      
01015b78  xdc_runtime_Error_E_memory__C                                   
01015b7c  xdc_runtime_Error_policyFxn__C                                  
01015b80  xdc_runtime_IGateProvider_Interface__BASE__C                    
01015b84  xdc_runtime_IHeap_Interface__BASE__C                            
01015b88  xdc_runtime_IModule_Interface__BASE__C                          
01015b8c  xdc_runtime_Memory_defaultHeapInstance__C                       
01015b90  xdc_runtime_Startup_execImpl__C                                 
01015b94  xdc_runtime_Startup_maxPasses__C                                
01015b98  xdc_runtime_Startup_sfxnRts__C                                  
01015b9c  xdc_runtime_Startup_sfxnTab__C                                  
01015ba0  xdc_runtime_SysCallback_abortFxn__C                             
01015ba4  xdc_runtime_SysCallback_exitFxn__C                              
01015ba8  xdc_runtime_System_Module__gateObj__C                           
01015bac  xdc_runtime_System_abortFxn__C                                  
01015bb0  xdc_runtime_System_exitFxn__C                                   
01015bb4  xdc_runtime_System_maxAtexitHandlers__C                         
01015bb8  xdc_runtime_Text_charTab__C                                     
01015bbc  xdc_runtime_Text_nameEmpty__C                                   
01015bc0  xdc_runtime_Text_nameStatic__C                                  
01015bc4  xdc_runtime_Text_nameUnknown__C                                 
01015bc8  ti_sysbios_family_arm_m3_Timer_Module__id__C                    
01015bca  ti_sysbios_heaps_HeapMem_Module__id__C                          
01015bcc  ti_sysbios_knl_Task_Module__id__C                               
01015bce  xdc_runtime_Memory_Module__id__C                                
01015bd0  xdc_runtime_Text_charCnt__C                                     
01015bd2  xdc_runtime_Text_isLoaded__C                                    
01015bd4  xdc_runtime_Error_policy__C                                     
01015bd5  xdc_runtime_Text_charTab__A                                     
01015bd8  __TI_static_base__                                              
01015eb0  __TI_Handler_Table_Base                                         
01015ebc  __TI_Handler_Table_Limit                                        
01015ec8  __TI_CINIT_Base                                                 
01015ed8  __TI_CINIT_Limit                                                
20000000  ti_sysbios_family_arm_m3_Hwi_ramVectors                         
20000310  __primary_heap_start__                                          
20008310  __primary_heap_end__                                            
200093d8  clients                                                         
20009828  ti_sysbios_family_arm_m3_Hwi_dispatchTable                      
20009b34  g_SlInternalSpawnCB                                             
20009bc8  g_ucConnectionSSID                                              
2000a000  ti_sysbios_knl_Task_Instance_State_0_stack__A                   
2000a330  PowerCC32XX_contextSave                                         
2000a45c  uartCC3220SObjects                                              
2000a574  spiCC3220SDMAObjects                                            
2000a644  MQTTClient_Lib_CB                                               
2000a688  uartCC3220SRingBuffer                                           
2000a724  DeviceCB                                                        
2000a730  MqttClientExmple_params                                         
2000a73c  Msg                                                             
2000a748  g_ucConnectionBSSID                                             
2000a750  udmaCC3220SObject                                               
2000a760  spiCC3220SDMAscratchBuf                                         
2000a768  ClockP_tickPeriod                                               
2000a76c  GlobalLockObj                                                   
2000a770  g_PBQueue                                                       
2000a774  g_timer                                                         
2000a778  MQTTClient_waitSecs                                             
2000a77a  g_usConnectIndex                                                
2000a77c  g_usTimerInts                                                   
2000a77e  RxIrqCnt                                                        
2000a780  PowerCC32XX_module                                              
2000a8ec  parkInfo                                                        
2000a9e4  ti_sysbios_knl_Swi_Module_State_0_readyQ__A                     
2000aa64  ti_sysbios_knl_Task_Module_State_0_readyQ__A                    
2000ab54  ti_sysbios_knl_Task_Object__table__V                            
2000aba0  ti_sysbios_knl_Task_Module__state__V                            
2000abf4  debugPrintf                                                     
2000ac1d  lineBreak                                                       
2000ac20  ti_sysbios_gates_GateMutex_Object__table__V                     
2000ac58  ti_sysbios_family_arm_m3_Hwi_Module__state__V                   
2000ac8c  gApConnectionState                                              
2000ac90  gInitState                                                      
2000ac94  memPtrCounterfree                                               
2000ac98  gResetApplication                                               
2000ac9c  g_rx_task_hndl                                                  
2000aca0  gUiConnFlag                                                     
2000aca4  ClientUsername                                                  
2000aca8  ClientPassword                                                  
2000acac  publish_topic                                                   
2000acb0  publish_data                                                    
2000acb4  mqttThread                                                      
2000acb8  appThread                                                       
2000acbc  ti_sysbios_family_arm_m3_Timer_Object__table__V                 
2000acec  ti_sysbios_knl_Swi_Object__table__V                             
2000ad1c  ti_sysbios_knl_Clock_Module__state__V                           
2000ad48  MQTTClient_net                                                  
2000ad70  g_LibsEvents                                                    
2000ad94  g_UserEvents                                                    
2000adb8  ti_sysbios_BIOS_Module__state__V                                
2000addc  xdc_runtime_Error_IgnoreBlock                                   
2000adfc  ti_sysbios_knl_Swi_Module__state__V                             
2000ae18  Mqtt_ClientCtx                                                  
2000ae30  ti_sysbios_family_arm_m3_Hwi_Object__table__V                   
2000ae48  ti_sysbios_heaps_HeapMem_Object__table__V                       
2000ae60  gpioPinConfigs                                                  
2000ae74  topic                                                           
2000ae84  ClientId                                                        
2000ae92  ti_sysbios_family_arm_m3_Hwi_Module_State_0_excActive__A        
2000ae94  SecurityParams                                                  
2000aea0  SlMQTTClient_clientCfg                                          
2000aeac  g_ulStaIp                                                       
2000aeb0  g_ulGatewayIP                                                   
2000aeb4  g_ulStatus                                                      
2000aeb8  gGlobalLockCntRequested                                         
2000aeb9  gGlobalLockCntReleased                                          
2000aeba  g_SlDeviceStatus                                                
2000aebc  g_pCB                                                           
2000aec0  pPingCallBackFunc                                               
2000aec4  ti_sysbios_family_arm_m3_Timer_Module__state__V                 
2000aed0  will_param                                                      
2000aef4  MQTTClient_closeContext                                         
2000aef8  MQTTClient_clientContext                                        
2000aefc  MQTTClient_multiSrvConn                                         
2000af00  _lock                                                           
2000af04  _unlock                                                         
2000af10  gpioCallbackFunctions                                           
2000af18  ti_sysbios_family_arm_cc32xx_Seconds_Module__state__V           
2000af20  ti_sysbios_family_arm_m3_Hwi_Module__root__V                    
2000af28  ti_sysbios_gates_GateHwi_Module__root__V                        
2000af30  ti_sysbios_gates_GateMutex_Module__root__V                      
2000af38  ti_sysbios_heaps_HeapMem_Module__root__V                        
2000af40  ti_sysbios_knl_Clock_Module__root__V                            
2000af48  ti_sysbios_knl_Mailbox_Module__root__V                          
2000af50  ti_sysbios_knl_Queue_Module__root__V                            
2000af58  ti_sysbios_knl_Semaphore_Module__root__V                        
2000af60  ti_sysbios_knl_Task_Module__root__V                             
2000af68  xdc_runtime_Startup_Module__state__V                            
2000af70  xdc_runtime_System_Module_State_0_atexitHandlers__A             
2000af78  xdc_runtime_System_Module__state__V                             
2000af88  MQTTClient_connectCfg                                           
2000af8c  qos                                                             
2000af90  errno                                                           
2000af94  main_func_sp                                                    
2000af9c  g_intHandle                                                     
2000afa0  ti_sysbios_family_arm_m3_Hwi_Module_State_0_excContext__A       
2000afa4  ti_sysbios_family_arm_m3_Hwi_Module_State_0_excStack__A         
2000afa8  ti_sysbios_gates_GateHwi_Object__table__V                       
2000afac  ti_sysbios_knl_Task_Module_State_0_idleTask__A                  
2000afb0  xdc_runtime_Memory_Module__state__V                             
2003fc00  __stack                                                         
20040000  __STACK_END                                                     
e000e000  ti_sysbios_family_arm_m3_Hwi_nvic                               
ffffffff  __TI_pprof_out_hndl                                             
ffffffff  __TI_prof_data_size                                             
ffffffff  __TI_prof_data_start                                            
ffffffff  __binit__                                                       
ffffffff  __c_args__                                                      
ffffffff  binit                                                           
UNDEFED   SHT$$INIT_ARRAY$$Base                                           
UNDEFED   SHT$$INIT_ARRAY$$Limit                                          

[928 symbols]
