******************************************************************************
                  TI ARM Linker PC v16.9.4                     
******************************************************************************
>> Linked Thu Nov 09 19:57:28 2017

OUTPUT FILE NAME:   <mqtt_client_CC3220SF_LAUNCHXL_tirtos_ccs.out>
ENTRY POINT SYMBOL: "_c_int00"  address: 010124f1


MEMORY CONFIGURATION

         name            origin    length      used     unused   attr    fill
----------------------  --------  ---------  --------  --------  ----  --------
  FLASH_HDR             01000000   000007ff  00000000  000007ff  R  X
  FLASH                 01000800   000ff800  00015c10  000e9bf0  R  X
  SRAM                  20000000   00040000  0000b2bf  00034d41  RW X


SEGMENT ALLOCATION MAP

run origin  load origin   length   init length attrs members
----------  ----------- ---------- ----------- ----- -------
01000800    01000800    00015c18   00015c18    r-x
  01000800    01000800    0000003c   0000003c    r-- .resetVecs
  01000840    01000840    00014ba2   00014ba2    r-x .text
  010153e4    010153e4    00000d32   00000d32    r-- .const
  01016118    01016118    00000300   00000300    r-- .cinit
20000310    20000310    00008000   00000000    r--
  20000310    20000310    00008000   00000000    r-- .priheap
20008400    20008400    00002bb4   00000000    rw-
  20008400    20008400    0000237f   00000000    rw- .bss
  2000a780    2000a780    00000834   00000000    rw- .data
2003fc00    2003fc00    00000400   00000000    rw-
  2003fc00    2003fc00    00000400   00000000    rw- .stack


SECTION ALLOCATION MAP

 output                                  attributes/
section   page    origin      length       input sections
--------  ----  ----------  ----------   ----------------
.binit     0    01000000    00000000     

.resetVecs 
*          0    01000800    0000003c     
                  01000800    0000003c     release_pem4.oem4 (.resetVecs)

.text      0    01000840    00014ba2     
                  01000840    00001122     rtsv7M4_T_le_eabi.lib : _printfi.obj (.text)
                  01001962    00000002     drivers_cc32xx.aem4 : UARTCC32XX.oem4 (.text:UARTCC32XX_init)
                  01001964    0000086c     simplelink.a : driver.obj (.text:_SlDrvMsgRead)
                  010021d0    0000042c     driverlib.a : prcm.obj (.text:PRCMCC3200MCUInit)
                  010025fc    0000040c     simplelink.a : sl_socket.obj (.text:_SlSocketHandleAsync_Select)
                  01002a08    00000380                  : driver.obj (.text:_SlDrvMsgWrite)
                  01002d88    0000033c     client_cbs.obj (.text:MqttClientCallback)
                  010030c4    00000320     network_if.obj (.text:Network_IF_ConnectAP)
                  010033e4    000002dc     simplelink.a : driver.obj (.text:_SlDrvRxHdrRead)
                  010036c0    000002a8     mqtt_client_app.obj (.text:mainThread)
                  01003968    000002a4     drivers_cc32xx.aem4 : UARTCC32XX.oem4 (.text:UARTCC32XX_open)
                  01003c0c    00000274     simplelink.a : wlan.obj (.text:sl_WlanConnect)
                  01003e80    00000268     mqtt_client_app.obj (.text:MqttClient_start)
                  010040e8    00000264     network_if.obj (.text:Network_IF_InitDriver)
                  0100434c    00000254     simplelink.a : sl_socket.obj (.text:sl_Select)
                  010045a0    0000024c     mqtt_client.a : mqtt_client.obj (.text:MqttClientCtxCreate)
                  010047ec    00000238     mqtt_client_app.obj (.text:DisplayAppBanner)
                  01004a24    00000224     mqtt_client_app.obj (.text:MqttClient)
                  01004c48    00000208     simplelink.a : driver.obj (.text:_SlDrvDriverCBInit)
                  01004e50    000001fc                  : driver.obj (.text:_SlDrvDataReadOp)
                  0100504c    000001f4     rtsv7M4_T_le_eabi.lib : ull_div_t2.obj (.text)
                  01005240    000001f2     simplelink.a : netapp.obj (.text:_SlNetAppEventHandler)
                  01005432    00000002     release_pem4.oem4 (.text:ti_sysbios_BIOS_nullFunc__I)
                  01005434    000001e4     mqtt_client.a : mqtt_client.obj (.text:MQTTClient_connect)
                  01005618    000001e1     network_if.obj (.text:SimpleLinkFatalErrorEventHandler)
                  010057f9    00000001     --HOLE-- [fill = 0]
                  010057fa    000001da     mqtt_client.a : cc32xx_sl_net.obj (.text:createSocket)
                  010059d4    000001d8     network_if.obj (.text:SimpleLinkWlanEventHandler)
                  01005bac    000001d8     simplelink.a : driver.obj (.text:_SlDrvReleasePoolObj)
                  01005d84    000001cc     drivers_cc32xx.aem4 : GPIOCC32XX.oem4 (.text:GPIO_setConfig)
                  01005f50    000001c6                         : SPICC32XXDMA.oem4 (.text:SPICC32XXDMA_transfer)
                  01006116    00000002     release_pem4.oem4 (.text:xdc_runtime_Startup_reset__I)
                  01006118    000001bc     simplelink.a : driver.obj (.text:_SlDrvMsgReadCmdCtx)
                  010062d4    000001bc                  : sl_socket.obj (.text:sl_Accept)
                  01006490    000001b6     rtsv7M4_T_le_eabi.lib : fd_add_t2.obj (.text)
                  01006646    00000002     --HOLE-- [fill = 0]
                  01006648    000001b4     dpl_cc32xx.aem4 : PowerCC32XX_tirtos.oem4 (.text:PowerCC32XX_sleepPolicy)
                  010067fc    0000019c     simplelink.a : driver.obj (.text:_SlDrvWaitForPoolObj)
                  01006998    0000018c                  : sl_socket.obj (.text:sl_Connect)
                  01006b24    00000004     dpl_cc32xx.aem4 : ClockP_tirtos.oem4 (.text:ClockP_getCpuFreq)
                  01006b28    00000188     sysbios.aem4 : BIOS.obj (.text:mq_open)
                  01006cb0    00000180     mqtt_client.a : mqtt_common.obj (.text:MQTT_PacketRecv)
                  01006e30    00000180     network_if.obj (.text:SimpleLinkNetAppEventHandler)
                  01006fb0    00000180     simplelink.a : driver.obj (.text:_SlDrvDataWriteOp)
                  01007130    00000180     drivers_cc32xx.aem4 : SPICC32XXDMA.oem4 (.text:configDMA)
                  010072b0    0000017c     simplelink.a : spawn.obj (.text:_SlInternalSpawnTaskEntry)
                  0100742c    00000174                  : driver.obj (.text:_SlDrvFindAndSetActiveObj)
                  010075a0    0000016c                  : device.obj (.text:sl_Stop)
                  0100770c    00000158     drivers_cc32xx.aem4 : SPICC32XXDMA.oem4 (.text:SPICC32XXDMA_open)
                  01007864    00000154     simplelink.a : sl_socket.obj (.text:sl_RecvFrom)
                  010079b8    00000154     mqtt_client.a : client_core.obj (.text:utf8ArraySend)
                  01007b0c    00000150                   : mqtt_client.obj (.text:MqttClientConfig)
                  01007c5c    00000150     simplelink.a : driver.obj (.text:_SlDrvDriverCBDeinit)
                  01007dac    00000150     drivers_cc32xx.aem4 : PowerCC32XX.oem4 (.text:parkPins)
                  01007efc    00000144     mqtt_client_app.obj (.text:Mqtt_IF_Connect)
                  01008040    00000140     mqtt_client_app.obj (.text:Mqtt_start)
                  01008180    0000013c     simplelink.a : sl_socket.obj (.text:_SlDrvRegisterForSelectAsync)
                  010082bc    0000013c     mqtt_client.a : mqtt_client.obj (.text:processNotifyAckCB)
                  010083f8    00000138     simplelink.a : driver.obj (.text:_SlDrvAsyncEventGenericHandler)
                  01008530    00000136     rtsv7M4_T_le_eabi.lib : fd_div_t2.obj (.text)
                  01008666    00000002     --HOLE-- [fill = 0]
                  01008668    00000134     simplelink.a : netapp.obj (.text:sl_NetAppDnsGetHostByName)
                  0100879c    00000130                  : sl_socket.obj (.text:_SlDrvGetNextTimeoutValue)
                  010088cc    00000004     dpl_cc32xx.aem4 : ClockP_tirtos.oem4 (.text:ClockP_setTimeout)
                  010088d0    00000130     sysbios.aem4 : BIOS.obj (.text:ti_sysbios_knl_Semaphore_pend__E)
                  01008a00    0000012c     mqtt_client.a : client_core.obj (.text:MQTTClientCore_initLib)
                  01008b2c    00000128     simplelink.a : driver.obj (.text:_SlDrvClassifyRxMsg)
                  01008c54    00000124     mqtt_client.a : client_core.obj (.text:clCtxPartSend)
                  01008d78    00000124                   : client_core.obj (.text:connectMsgSend)
                  01008e9c    00000124     simplelink.a : device.obj (.text:sl_Start)
                  01008fc0    00000120     drivers_cc32xx.aem4 : UARTCC32XX.oem4 (.text:UARTCC32XX_close)
                  010090e0    0000011c     sysbios.aem4 : BIOS.obj (.text:xdc_runtime_Startup_startMods__I)
                  010091fc    00000118     drivers_cc32xx.aem4 : PowerCC32XX.oem4 (.text:Power_sleep)
                  01009314    00000114     simplelink.a : netapp.obj (.text:_SlNetAppHandleAsync_DnsGetHostByService)
                  01009428    00000110     mqtt_client.a : cc32xx_sl_net.obj (.text:commOpen)
                  01009538    00000110     sysbios.aem4 : BIOS.obj (.text:timer_create)
                  01009648    0000010c     mqtt_client.a : mqtt_client.obj (.text:MQTTClient_create)
                  01009754    0000010c     simplelink.a : driver.obj (.text:_SlDrvMsgReadSpawnCtx)
                  01009860    0000010c                  : sl_socket.obj (.text:sl_Close)
                  0100996c    00000004     dpl_cc32xx.aem4 : ClockP_tirtos.oem4 (.text:ClockP_start)
                  01009970    0000010c     sysbios.aem4 : BIOS.obj (.text:ti_sysbios_knl_Task_Instance_finalize__E)
                  01009a7c    00000104     simplelink.a : device.obj (.text:_SlDeviceEventHandler)
                  01009b80    00000104                  : driver.obj (.text:_SlDrvCmdOp)
                  01009c84    00000104                  : driver.obj (.text:_SlDrvObjGlobalLockWaitForever)
                  01009d88    00000102     mqtt_client.a : client_core.obj (.text:procPubMsgRx)
                  01009e8a    00000002     --HOLE-- [fill = 0]
                  01009e8c    000000fd     network_if.obj (.text:SimpleLinkSockEventHandler)
                  01009f89    00000003     --HOLE-- [fill = 0]
                  01009f8c    000000fc     mqtt_client.a : mqtt_client.obj (.text:MqttClientSub)
                  0100a088    000000fc     rtsv7M4_T_le_eabi.lib : fd_mul_t2.obj (.text)
                  0100a184    000000f4     simplelink.a : sl_socket.obj (.text:sl_SendTo)
                  0100a278    000000f2     drivers_cc32xx.aem4 : SPICC32XXDMA.oem4 (.text:SPICC32XXDMA_transferCancel)
                  0100a36a    000000ee                         : UARTCC32XX.oem4 (.text:UARTCC32XX_control)
                  0100a458    000000ec     mqtt_client.a : client_core.obj (.text:_msgDispatch)
                  0100a544    000000ec                   : client_core.obj (.text:clCtxConnStateTryLocked)
                  0100a630    000000ec     sysbios.aem4 : BIOS.obj (.text:pthread_create)
                  0100a71c    000000e6     mqtt_client.a : cc32xx_sl_net.obj (.text:tcpSelect)
                  0100a802    00000002     --HOLE-- [fill = 0]
                  0100a804    000000dc                   : mqtt_client.obj (.text:MqttClient_send)
                  0100a8e0    000000dc                   : client_core.obj (.text:processRecv)
                  0100a9bc    000000d8     uart_term.obj (.text:GetCmd)
                  0100aa94    000000d8     simplelink.a : netapp.obj (.text:_SlNetAppHandleAsync_NetAppReceive)
                  0100ab6c    000000d4     mqtt_client.a : client_core.obj (.text:netRecv)
                  0100ac40    000000d4     sysbios.aem4 : BIOS.obj (.text:ti_sysbios_knl_Mailbox_Instance_init__E)
                  0100ad14    000000d0     mqtt_client_app.obj (.text:Mqtt_Stop)
                  0100ade4    000000d0     drivers_cc32xx.aem4 : SPICC32XXDMA.oem4 (.text:SPICC32XXDMA_close)
                  0100aeb4    000000d0     rtsv7M4_T_le_eabi.lib : s_scalbn.obj (.text)
                  0100af84    00000004     dpl_cc32xx.aem4 : ClockP_tirtos.oem4 (.text:ClockP_stop)
                  0100af88    000000d0     sysbios.aem4 : BIOS.obj (.text:ti_sysbios_heaps_HeapMem_alloc__E)
                  0100b058    000000d0     mqtt_client.a : client_core.obj (.text:wrConnectPayload)
                  0100b128    000000cc     sysbios.aem4 : m3_Hwi_asm.obj (.text:ti_sysbios_family_arm_m3_Hwi_dispatch__I)
                  0100b1f4    000000c8     mqtt_client.a : client_core.obj (.text:MQTTClientCore_createCtx)
                  0100b2bc    00000004     dpl_cc32xx.aem4 : HwiP_tirtos.oem4 (.text:HwiP_clearInterrupt)
                  0100b2c0    000000c8     sysbios.aem4 : BIOS.obj (.text:clock_gettime)
                  0100b388    000000c8                  : BIOS.obj (.text:timer_settime)
                  0100b450    000000c4     drivers_cc32xx.aem4 : GPIOCC32XX.oem4 (.text:GPIO_init)
                  0100b514    000000c4     simplelink.a : driver.obj (.text:_SlDrvRemoveFromList)
                  0100b5d8    000000c4     sysbios.aem4 : BIOS.obj (.text:ti_sysbios_knl_Task_sleep__E)
                  0100b69c    000000c0     simplelink.a : cc_pal.obj (.text:NwpPowerOff)
                  0100b75c    000000c0     drivers_cc32xx.aem4 : UARTCC32XX.oem4 (.text:UARTCC32XX_write)
                  0100b81c    000000c0     simplelink.a : spawn.obj (.text:_SlInternalSpawn)
                  0100b8dc    000000c0                  : netcfg.obj (.text:sl_NetCfgGet)
                  0100b99c    00000004     dpl_cc32xx.aem4 : HwiP_tirtos.oem4 (.text:HwiP_disable)
                  0100b9a0    000000c0     sysbios.aem4 : BIOS.obj (.text:ti_sysbios_knl_Task_Instance_init__E)
                  0100ba60    000000bc     simplelink.a : netapp.obj (.text:_SlNetAppSendResponse)
                  0100bb1c    000000bc                  : sl_socket.obj (.text:sl_Send)
                  0100bbd8    000000bc     sysbios.aem4 : BIOS.obj (.text:xdc_runtime_Core_createObject__I)
                  0100bc94    000000b8     drivers_cc32xx.aem4 : UARTCC32XX.oem4 (.text:initHw)
                  0100bd4c    000000b8     simplelink.a : device.obj (.text:sl_DeviceGet)
                  0100be04    000000b4     mqtt_client_app.obj (.text:SetClientIdNamefromMacAddress)
                  0100beb8    000000b4     drivers_cc32xx.aem4 : UARTCC32XX.oem4 (.text:UARTCC32XX_readPolling)
                  0100bf6c    000000b4     mqtt_client.a : client_core.obj (.text:procAckMsgRx)
                  0100c020    000000b4                   : mqtt_client.obj (.text:processPublishRxCB)
                  0100c0d4    000000b4     drivers_cc32xx.aem4 : PowerCC32XX.oem4 (.text:restoreParkedPins)
                  0100c188    000000b2     mqtt_client.a : mqtt_common.obj (.text:MQTT_packetPubAppendTopic)
                  0100c23a    00000002     --HOLE-- [fill = 0]
                  0100c23c    000000b0                   : mqtt_client.obj (.text:MQTTClient_delete)
                  0100c2ec    000000b0                   : mqtt_client.obj (.text:MqttClientUnsub)
                  0100c39c    000000b0     simplelink.a : device.obj (.text:_SlDeviceHandleAsync_InitComplete)
                  0100c44c    000000b0                  : driver.obj (.text:_SlDrvHandleFatalError)
                  0100c4fc    000000b0     mqtt_client.a : client_core.obj (.text:procConnackRx)
                  0100c5ac    000000b0                   : client_core.obj (.text:procCtxDataRecv)
                  0100c65c    000000ae                   : cc32xx_sl_net.obj (.text:svrAddrNBOrderIPV4)
                  0100c70a    00000002     --HOLE-- [fill = 0]
                  0100c70c    000000aa     uart_term.obj (.text:Report)
                  0100c7b6    000000aa     drivers_cc32xx.aem4 : UARTCC32XX.oem4 (.text:readIsrTextBlocking)
                  0100c860    000000aa                         : UARTCC32XX.oem4 (.text:readTaskBlocking)
                  0100c90a    00000002     --HOLE-- [fill = 0]
                  0100c90c    000000a8     network_if.obj (.text:Network_IF_IpConfigGet)
                  0100c9b4    000000a8     drivers_cc32xx.aem4 : PowerCC32XX.oem4 (.text:PowerCC32XX_configureWakeup)
                  0100ca5c    000000a4     mqtt_client.a : client_core.obj (.text:clientReset)
                  0100cb00    000000a4     simplelink.a : sl_socket.obj (.text:sl_Bind)
                  0100cba4    00000004     dpl_cc32xx.aem4 : HwiP_tirtos.oem4 (.text:HwiP_disableInterrupt)
                  0100cba8    000000a4     sysbios.aem4 : BIOS.obj (.text:ti_sysbios_knl_Task_setPri__E)
                  0100cc4c    000000a2     mqtt_client.a : mqtt_common.obj (.text:MQTT_packetProcPubRx)
                  0100ccee    000000a2     drivers_cc32xx.aem4 : UARTCC32XX.oem4 (.text:writeData)
                  0100cd90    000000a0     mqtt_client_app.obj (.text:Mqtt_ClientStop)
                  0100ce30    000000a0     auto_init.aem4 : auto_init.oem4 (.text)
                  0100ced0    000000a0     mqtt_client.a : client_core.obj (.text:mqpSetupProcCtxDataRecv)
                  0100cf70    000000a0     drivers_cc32xx.aem4 : UARTCC32XX.oem4 (.text:readIsrTextCallback)
                  0100d010    000000a0     mqtt_client.a : client_core.obj (.text:singleCtxKaSequence)
                  0100d0b0    0000009e     simplelink.a : cc_pal.obj (.text:spi_Read)
                  0100d14e    0000009e                  : cc_pal.obj (.text:spi_Write)
                  0100d1ec    00000004     dpl_cc32xx.aem4 : HwiP_tirtos.oem4 (.text:HwiP_enableInterrupt)
                  0100d1f0    0000009c     sysbios.aem4 : BIOS.obj (.text:_pthread_removeThreadKeys)
                  0100d28c    0000009c     mqtt_client.a : client_core.obj (.text:doNetClose)
                  0100d328    0000009c     drivers_cc32xx.aem4 : SPICC32XXDMA.oem4 (.text:initHw)
                  0100d3c4    0000009c     mqtt_client.a : cc32xx_sl_net.obj (.text:recvFrom)
                  0100d460    0000009c     rtsv7M4_T_le_eabi.lib : memcpy_t2.obj (.text)
                  0100d4fc    00000004     drivers_cc32xx.aem4 : List.oem4 (.text:List_head)
                  0100d500    0000009c     sysbios.aem4 : BIOS.obj (.text:ti_sysbios_knl_Task_postInit__I)
                  0100d59c    00000098     uart_term.obj (.text:TrimSpace)
                  0100d634    00000098     simplelink.a : netutil.obj (.text:_SlNetUtilHandleAsync_Cmd)
                  0100d6cc    00000098     drivers_cc32xx.aem4 : GPIOCC32XX.oem4 (.text:powerNotifyFxn)
                  0100d764    00000004                         : List.oem4 (.text:List_next)
                  0100d768    00000098     sysbios.aem4 : BIOS.obj (.text:ti_sysbios_family_arm_m3_Hwi_Instance_init__E)
                  0100d800    00000094     mqtt_client.a : client_core.obj (.text:groupCtxsRxPrep)
                  0100d894    00000094     drivers_cc32xx.aem4 : SPICC32XXDMA.oem4 (.text:spiHwiFxn)
                  0100d928    00000094     sysbios.aem4 : BIOS.obj (.text:ti_sysbios_knl_Task_exit__E)
                  0100d9bc    00000090     simplelink.a : netapp.obj (.text:_SlNetAppHandleAsync_DnsGetHostByName)
                  0100da4c    00000090                  : netapp.obj (.text:_SlNetAppHandleAsync_PingResponse)
                  0100dadc    00000090     drivers_cc32xx.aem4 : PowerCC32XX.oem4 (.text:restoreNVICRegs)
                  0100db6c    0000008e     mqtt_client.a : client_core.obj (.text:MQTTClientCore_sendPubMsg)
                  0100dbfa    00000002     --HOLE-- [fill = 0]
                  0100dbfc    0000008d     mqtt_client_app.obj (.text:DisplayBanner)
                  0100dc89    00000003     --HOLE-- [fill = 0]
                  0100dc8c    0000008c     mqtt_client.a : client_core.obj (.text:MQTTClientCore_exitLib)
                  0100dd18    0000008c     simplelink.a : driver.obj (.text:_SlDrvDriverIsApiAllowed)
                  0100dda4    0000008c     mqtt_client.a : client_core.obj (.text:ack1WlMqpDispatch)
                  0100de30    0000008c                   : client_core.obj (.text:clRecv)
                  0100debc    0000008c     simplelink.a : sl_socket.obj (.text:sl_Recv)
                  0100df48    0000008a     mqtt_client.a : mqtt_common.obj (.text:MQTT_packetPubAppendData)
                  0100dfd2    0000008a                   : cc32xx_sl_net.obj (.text:tcpListen)
                  0100e05c    00000088                   : client_core.obj (.text:MQTTClientCore_registerBuffers)
                  0100e0e4    00000088                   : mqtt_client.obj (.text:MQTTClient_run)
                  0100e16c    00000004     dpl_cc32xx.aem4 : MutexP_tirtos.oem4 (.text:MutexP_lock)
                  0100e170    00000088     sysbios.aem4 : BIOS.obj (.text:pthread_cancel)
                  0100e1f8    00000088     rtsv7M4_T_le_eabi.lib : vsnprintf.obj (.text)
                  0100e280    00000088     sysbios.aem4 : BIOS.obj (.text:ti_sysbios_family_arm_m3_Hwi_initNVIC__E)
                  0100e308    00000088                  : BIOS.obj (.text:ti_sysbios_knl_Mailbox_post__E)
                  0100e390    00000088                  : BIOS.obj (.text:xdc_runtime_Memory_alloc__E)
                  0100e418    00000086     simplelink.a : driver.obj (.text:_SlDrvIsTimeoutExpired)
                  0100e49e    00000086     rtsv7M4_T_le_eabi.lib : fd_cmp_t2.obj (.text:__aeabi_cdcmple)
                  0100e524    00000086                           : fd_cmp_t2.obj (.text:__aeabi_cdrcmple)
                  0100e5aa    00000084     mqtt_client.a : client_core.obj (.text:MQTTClientCore_registerWillInfo)
                  0100e62e    00000002     --HOLE-- [fill = 0]
                  0100e630    00000084                   : mqtt_client.obj (.text:MQTTClient_set)
                  0100e6b4    00000084     mqtt_client_app.obj (.text:MqttClientThread)
                  0100e738    00000084     simplelink.a : sl_socket.obj (.text:_SlSocketHandleAsync_Close)
                  0100e7bc    00000084                  : sl_socket.obj (.text:_SlSocketHandleAsync_Connect)
                  0100e840    00000084     sysbios.aem4 : BIOS.obj (.text:_pthread_runStub)
                  0100e8c4    00000084     mqtt_client.a : client_core.obj (.text:ack2MsgIdDispatch)
                  0100e948    00000084     drivers_cc32xx.aem4 : PowerCC32XX.oem4 (.text:saveNVICRegs)
                  0100e9cc    00000084     simplelink.a : sl_socket.obj (.text:sl_SetSockOpt)
                  0100ea50    00000084     sysbios.aem4 : BIOS.obj (.text:ti_sysbios_family_arm_m3_Hwi_postInit__I)
                  0100ead4    00000004     dpl_cc32xx.aem4 : MutexP_tirtos.oem4 (.text:MutexP_unlock)
                  0100ead8    00000084     sysbios.aem4 : BIOS.obj (.text:ti_sysbios_heaps_HeapMem_free__E)
                  0100eb5c    00000004     drivers_cc32xx.aem4 : SPICC32XXDMA.oem4 (.text:SPICC32XXDMA_init)
                  0100eb60    00000084     sysbios.aem4 : BIOS.obj (.text:xdc_runtime_Core_constructObject__I)
                  0100ebe4    00000082     mqtt_client.a : client_core.obj (.text:connectedStateRx)
                  0100ec66    00000080                   : cc32xx_sl_net.obj (.text:sendTo)
                  0100ece6    0000007e     drivers_cc32xx.aem4 : UARTCC32XX.oem4 (.text:readIsrBinaryBlocking)
                  0100ed64    0000007c                         : UDMACC32XX.oem4 (.text:UDMACC32XX_open)
                  0100ede0    0000007c     mqtt_client.a : client_core.obj (.text:_procAckMsgRx)
                  0100ee5c    00000004     dpl_cc32xx.aem4 : SemaphoreP_tirtos.oem4 (.text:SemaphoreP_post)
                  0100ee60    0000007c     sysbios.aem4 : BIOS.obj (.text:_pthread_abstime2ticks)
                  0100eedc    0000007c     mqtt_client.a : client_core.obj (.text:clCtxSetup)
                  0100ef58    0000007a     drivers_cc32xx.aem4 : UARTCC32XX.oem4 (.text:readTaskCallback)
                  0100efd2    0000007a     rtsv7M4_T_le_eabi.lib : memset_t2.obj (.text)
                  0100f04c    00000078     drivers_cc32xx.aem4 : GPIOCC32XX.oem4 (.text:GPIO_hwiIntFxn)
                  0100f0c4    00000078                         : PowerCC32XX.oem4 (.text:Power_init)
                  0100f13c    00000078     mqtt_client_app.obj (.text:pushButtonInterruptHandler3)
                  0100f1b4    00000078     simplelink.a : sl_socket.obj (.text:sl_Socket)
                  0100f22c    00000076     mqtt_client.a : mqtt_common.obj (.text:MQTT_packetPrepFh)
                  0100f2a2    00000076                   : client_core.obj (.text:bufUTF8WrTry)
                  0100f318    00000074                   : mqtt_common.obj (.text:MQTT_qos2PubCqCheck)
                  0100f38c    00000074     simplelink.a : sl_socket.obj (.text:_SlDrvUnRegisterForSelectAsync)
                  0100f400    00000074     mqtt_client.a : cc32xx_sl_net.obj (.text:tcpAccept)
                  0100f474    00000004     release_pem4.oem4 (.text:ti_sysbios_BIOS_RtsGateProxy_enter__E)
                  0100f478    00000074     sysbios.aem4 : BIOS.obj (.text:ti_sysbios_knl_Mailbox_pend__E)
                  0100f4ec    00000004     release_pem4.oem4 (.text:ti_sysbios_BIOS_RtsGateProxy_leave__E)
                  0100f4f0    00000074     sysbios.aem4 : BIOS.obj (.text:xdc_runtime_Core_deleteObject__I)
                  0100f564    00000072     drivers_cc32xx.aem4 : UARTCC32XX.oem4 (.text:readIsrBinaryCallback)
                  0100f5d6    00000070     mqtt_client.a : mqtt_common.obj (.text:MQTT_clCtxTimeoutInsert)
                  0100f646    00000070                   : mqtt_common.obj (.text:MQTT_packetAckWlistRemove)
                  0100f6b6    00000002     --HOLE-- [fill = 0]
                  0100f6b8    00000070     sysbios.aem4 : BIOS.obj (.text:acquireMutexNone$22)
                  0100f728    00000070                  : BIOS.obj (.text:ti_sysbios_heaps_HeapMem_initPrimary__I)
                  0100f798    00000070                  : BIOS.obj (.text:ti_sysbios_knl_Mailbox_Instance_finalize__E)
                  0100f808    00000070                  : BIOS.obj (.text:ti_sysbios_knl_Semaphore_post__E)
                  0100f878    00000070     mqtt_client.a : client_core.obj (.text:wrConnectVh)
                  0100f8e8    0000006e                   : client_core.obj (.text:MQTTClientCore_registerCtxInfo)
                  0100f956    00000002     --HOLE-- [fill = 0]
                  0100f958    0000006c     simplelink.a : device.obj (.text:_SlDeviceHandleResetRequestInternally)
                  0100f9c4    0000006c                  : driver.obj (.text:_SlDrvCmdSend_noLock)
                  0100fa30    0000006c                  : sl_socket.obj (.text:_SlDrvOpenCtrlSocket)
                  0100fa9c    0000006c                  : netapp.obj (.text:_SlNetAppSendTokenValue)
                  0100fb08    0000006c     sysbios.aem4 : BIOS.obj (.text:pthread_exit)
                  0100fb74    00000004     release_pem4.oem4 (.text:ti_sysbios_family_arm_m3_Hwi_delete)
                  0100fb78    0000006c     sysbios.aem4 : BIOS.obj (.text:ti_sysbios_knl_Clock_workFunc__E)
                  0100fbe4    00000004     release_pem4.oem4 (.text:ti_sysbios_family_arm_m3_TaskSupport_Module__startupDone__S)
                  0100fbe8    0000006c     sysbios.aem4 : BIOS.obj (.text:ti_sysbios_knl_Swi_restoreHwi__E)
                  0100fc54    00000068     mqtt_client.a : client_core.obj (.text:MQTTClientCore_deleteCtx)
                  0100fcbc    00000068                   : client_core.obj (.text:MQTTClientCore_sendDisconn)
                  0100fd24    00000068     drivers_cc32xx.aem4 : PowerCC32XX.oem4 (.text:PowerCC32XX_setParkState)
                  0100fd8c    00000068     simplelink.a : device.obj (.text:_SlDeviceHandleAsync_Stop)
                  0100fdf4    00000068                  : sl_socket.obj (.text:_SlSocketHandleAsync_Accept)
                  0100fe5c    00000068     rtsv7M4_T_le_eabi.lib : copy_decompress_lzss.obj (.text:decompress:lzss)
                  0100fec4    00000068     mqtt_client.a : client_core.obj (.text:doNetCloseRx)
                  0100ff2c    00000068     main_tirtos.obj (.text:main)
                  0100ff94    00000068     mqtt_client.a : client_core.obj (.text:procPingrspRx)
                  0100fffc    00000066     drivers_cc32xx.aem4 : UARTCC32XX.oem4 (.text:UARTCC32XX_writeCancel)
                  01010062    00000066     mqtt_client.a : client_core.obj (.text:vhMsgSend)
                  010100c8    00000064     drivers_cc32xx.aem4 : GPIOCC32XX.oem4 (.text:GPIO_toggle)
                  0101012c    00000064                         : UARTCC32XX.oem4 (.text:UARTCC32XX_hwiIntFxn)
                  01010190    00000064     mqtt_client.a : mqtt_client.obj (.text:getAvailableClictxMem)
                  010101f4    00000064                   : client_core.obj (.text:netConnect)
                  01010258    00000064     sysbios.aem4 : BIOS.obj (.text:pthread_mutex_init)
                  010102bc    00000004     release_pem4.oem4 (.text:ti_sysbios_gates_GateMutex_delete)
                  010102c0    00000064     sysbios.aem4 : BIOS.obj (.text:ti_sysbios_family_arm_m3_Hwi_dispatchC__I)
                  01010324    00000062     mqtt_client.a : client_core.obj (.text:MQTTClientCore_alloc)
                  01010386    00000062                   : mqtt_common.obj (.text:MQTT_packetBufTailWrRemlen)
                  010103e8    00000062     drivers_cc32xx.aem4 : UARTCC32XX.oem4 (.text:UARTCC32XX_writePolling)
                  0101044a    00000060     mqtt_client.a : mqtt_common.obj (.text:MQTT_packetBufRdRemlen)
                  010104aa    00000002     --HOLE-- [fill = 0]
                  010104ac    00000060     driverlib.a : prcm.obj (.text:PRCMSysResetCauseGet)
                  0101050c    00000060     mqtt_client.a : client_core.obj (.text:clientDescInit)
                  0101056c    00000060                   : cc32xx_sl_net.obj (.text:tcpRecv)
                  010105cc    0000005e                   : client_core.obj (.text:clCtxRecv)
                  0101062a    00000002     --HOLE-- [fill = 0]
                  0101062c    0000005c                   : client_core.obj (.text:MQTTClientCore_run)
                  01010688    0000005c     drivers_cc32xx.aem4 : PowerCC32XX.oem4 (.text:Power_setDependency)
                  010106e4    0000005c     mqtt_client.a : client_core.obj (.text:grpNetSetupCreate)
                  01010740    0000005c     rtsv7M4_T_le_eabi.lib : s_frexp.obj (.text)
                  0101079c    00000004     release_pem4.oem4 (.text:ti_sysbios_heaps_HeapMem_Module_GateProxy_enter__E)
                  010107a0    0000005c     sysbios.aem4 : BIOS.obj (.text:ti_sysbios_family_arm_m3_Timer_start__E)
                  010107fc    00000004     release_pem4.oem4 (.text:ti_sysbios_heaps_HeapMem_Module_GateProxy_leave__E)
                  01010800    0000005c     sysbios.aem4 : BIOS.obj (.text:ti_sysbios_knl_Swi_run__I)
                  0101085c    00000004     release_pem4.oem4 (.text:ti_sysbios_knl_Clock_TimerProxy_getMaxTicks__E)
                  01010860    0000005c     sysbios.aem4 : BIOS.obj (.text:ti_sysbios_knl_Swi_schedule__I)
                  010108bc    00000004     release_pem4.oem4 (.text:ti_sysbios_knl_Clock_TimerProxy_setPeriodMicroSecs__E)
                  010108c0    0000005c     sysbios.aem4 : BIOS.obj (.text:ti_sysbios_knl_Task_Module_startup__E)
                  0101091c    00000004     release_pem4.oem4 (.text:ti_sysbios_knl_Clock_TimerProxy_start__E)
                  01010920    0000005c     sysbios.aem4 : BIOS.obj (.text:ti_sysbios_knl_Task_startCore__E)
                  0101097c    00000004     release_pem4.oem4 (.text:ti_sysbios_knl_Clock_TimerProxy_stop__E)
                  01010980    0000005c     sysbios.aem4 : BIOS.obj (.text:xdc_runtime_Startup_exec__E)
                  010109dc    0000005a     mqtt_client.a : client_core.obj (.text:singleCtxRxPrep)
                  01010a36    00000002     --HOLE-- [fill = 0]
                  01010a38    00000058     drivers_cc32xx.aem4 : GPIOCC32XX.oem4 (.text:GPIO_setCallback)
                  01010a90    00000058                         : GPIOCC32XX.oem4 (.text:GPIO_write)
                  01010ae8    00000058     driverlib.a : prcm.obj (.text:PRCMPeripheralReset)
                  01010b40    00000058     drivers_cc32xx.aem4 : PowerCC32XX.oem4 (.text:Power_releaseDependency)
                  01010b98    00000058     simplelink.a : sl_socket.obj (.text:_SlDrvClearCtrlSocket)
                  01010bf0    00000058     mqtt_client.a : client_core.obj (.text:doNetCloseTx)
                  01010c48    00000058     simplelink.a : sl_socket.obj (.text:sl_Listen)
                  01010ca0    00000058     sysbios.aem4 : BIOS.obj (.text:ti_sysbios_family_arm_cc32xx_Seconds_getCount__I)
                  01010cf8    00000056     mqtt_client.a : mqtt_common.obj (.text:MQTT_clCtxRemove)
                  01010d4e    00000002     --HOLE-- [fill = 0]
                  01010d50    00000054     uart_term.obj (.text:InitTerm)
                  01010da4    00000054     mqtt_client.a : client_core.obj (.text:MQTTClientCore_registerNetSvc)
                  01010df8    00000054     rtsv7M4_T_le_eabi.lib : ltoa.obj (.text)
                  01010e4c    00000054     release_pem4.oem4 (.text:ti_sysbios_family_arm_m3_Hwi_create)
                  01010ea0    00000054     sysbios.aem4 : BIOS.obj (.text:ti_sysbios_family_arm_m3_Timer_setPeriod__E)
                  01010ef4    00000054     release_pem4.oem4 (.text:ti_sysbios_knl_Mailbox_create)
                  01010f48    00000054     sysbios.aem4 : BIOS.obj (.text:timer_gettime)
                  01010f9c    00000004     release_pem4.oem4 (.text:ti_sysbios_knl_Clock_delete)
                  01010fa0    00000054     sysbios.aem4 : BIOS.obj (.text:xdc_runtime_Core_assignLabel__I)
                  01010ff4    00000053     mqtt_client.a : client_core.obj (.text:ack1WlRmfree)
                  01011047    00000001     --HOLE-- [fill = 0]
                  01011048    00000052                   : mqtt_common.obj (.text:MQTT_qos2PubCqUnlog)
                  0101109a    00000052     drivers_cc32xx.aem4 : PowerCC32XX.oem4 (.text:PowerCC32XX_parkPin)
                  010110ec    00000052                         : PowerCC32XX_asm.oem4 (.text:PowerCC32XX_resumeLPDS)
                  0101113e    00000052     mqtt_client.a : client_core.obj (.text:_procPubRecRx)
                  01011190    00000052                   : client_core.obj (.text:clCtxSeg1Send)
                  010111e2    00000002     --HOLE-- [fill = 0]
                  010111e4    00000050                   : mqtt_client.obj (.text:MQTTClient_disconnect)
                  01011234    00000050     simplelink.a : cc_pal.obj (.text:NwpRegisterInterruptHandler)
                  01011284    00000050                  : sl_socket.obj (.text:_SlDrvCloseCtrlSocket)
                  010112d4    00000050                  : driver.obj (.text:_SlDrvRxIrqHandler)
                  01011324    00000050                  : eventreg.obj (.text:_SlNetAppHttpServerHdlr)
                  01011374    00000050                  : eventreg.obj (.text:_SlNetAppRequestHdlr)
                  010113c4    00000050     mqtt_client.a : client_core.obj (.text:loopbTrigger)
                  01011414    00000050                   : client_core.obj (.text:mqpAllocAtomic)
                  01011464    00000050     simplelink.a : cc_pal.obj (.text:spi_Open)
                  010114b4    00000004     release_pem4.oem4 (.text:ti_sysbios_knl_Semaphore_delete)
                  010114b8    00000050     sysbios.aem4 : BIOS.obj (.text:ti_sysbios_family_arm_cc32xx_Seconds_getTime__E)
                  01011508    00000050                  : BIOS.obj (.text:ti_sysbios_family_arm_m3_Hwi_Module_startup__E)
                  01011558    00000050     release_pem4.oem4 (.text:ti_sysbios_knl_Task_create)
                  010115a8    0000004f     mqtt_client.a : client_core.obj (.text:sessionResume)
                  010115f7    00000001     --HOLE-- [fill = 0]
                  010115f8    0000004e                   : client_core.obj (.text:ack2MsgIdUnlog)
                  01011646    00000002     --HOLE-- [fill = 0]
                  01011648    0000004d                   : client_core.obj (.text:sessionDelete)
                  01011695    00000003     --HOLE-- [fill = 0]
                  01011698    0000004c     drivers_cc32xx.aem4 : GPIOCC32XX.oem4 (.text:GPIO_disableInt)
                  010116e4    0000004c                         : GPIOCC32XX.oem4 (.text:GPIO_enableInt)
                  01011730    0000004c     mqtt_client.a : mqtt_common.obj (.text:MQTT_qos2PubCqLogup)
                  0101177c    0000004c                   : mqtt_client.obj (.text:MqttClientCtxDelete)
                  010117c8    0000004c     simplelink.a : cc_pal.obj (.text:NwpWaitForShutDownInd)
                  01011814    0000004c                  : driver.obj (.text:_SlDrvCmdSend_noWait)
                  01011860    0000004c                  : driver.obj (.text:_SlDrvProtectAsyncRespSetting)
                  010118ac    0000004c     mqtt_client.a : mqtt_client.obj (.text:_sl_ExtLib_ServerAckLockedWait)
                  010118f8    0000004c     drivers_cc32xx.aem4 : PowerCC32XX.oem4 (.text:restorePeriphClocks)
                  01011944    0000004c     rtsv7M4_T_le_eabi.lib : atoi.obj (.text)
                  01011990    0000004c                           : cpy_tbl.obj (.text)
                  010119dc    0000004c     mqtt_client.a : client_core.obj (.text:singleCtxAdjWaitSecsGet)
                  01011a28    0000004c     simplelink.a : wlan.obj (.text:sl_WlanSetMode)
                  01011a74    0000004c     sysbios.aem4 : m3_TaskSupport_asm.obj (.text:ti_sysbios_family_arm_m3_TaskSupport_buildTaskStack)
                  01011ac0    0000004c                  : BIOS.obj (.text:ti_sysbios_heaps_HeapMem_getStats__E)
                  01011b0c    00000004     release_pem4.oem4 (.text:ti_sysbios_knl_Task_delete)
                  01011b10    0000004c     sysbios.aem4 : BIOS.obj (.text:ti_sysbios_knl_Swi_runLoop__I)
                  01011b5c    00000004     release_pem4.oem4 (.text:xdc_runtime_System_Module_GateProxy_enter__E)
                  01011b60    0000004c     sysbios.aem4 : BIOS.obj (.text:ti_sysbios_knl_Task_allBlockedFunction__I)
                  01011bac    00000004     release_pem4.oem4 (.text:xdc_runtime_System_Module_GateProxy_leave__E)
                  01011bb0    0000004c     sysbios.aem4 : BIOS.obj (.text:ti_sysbios_knl_Task_schedule__I)
                  01011bfc    0000004a     mqtt_client.a : client_core.obj (.text:recvHvecLoad)
                  01011c46    00000002     --HOLE-- [fill = 0]
                  01011c48    00000048     dpl_cc32xx.aem4 : ClockP_tirtos.oem4 (.text:ClockP_create)
                  01011c90    00000048     driverlib.a : flash.obj (.text:FlashDisable)
                  01011cd8    00000048     mqtt_client_app.obj (.text:LedTimerConfigNStart)
                  01011d20    00000048     mqtt_client_app.obj (.text:MQTT_SendMsgToQueue)
                  01011d68    00000048     driverlib.a : prcm.obj (.text:PRCMLPDSEnter)
                  01011db0    00000048                 : prcm.obj (.text:PRCMPeripheralClkEnable)
                  01011df8    00000048     drivers_cc32xx.aem4 : PowerCC32XX.oem4 (.text:Power_releaseConstraint)
                  01011e40    00000048     simplelink.a : eventreg.obj (.text:_SlDeviceFatalErrorEvtHdlr)
                  01011e88    00000048                  : eventreg.obj (.text:_SlDeviceGeneralEvtHdlr)
                  01011ed0    00000048                  : driver.obj (.text:_SlDrvBasicCmd)
                  01011f18    00000048                  : driver.obj (.text:_SlDrvSyncObjWaitTimeout)
                  01011f60    00000048                  : eventreg.obj (.text:_SlNetAppEvtHdlr)
                  01011fa8    00000048                  : eventreg.obj (.text:_SlNetAppRequestMemFree)
                  01011ff0    00000048                  : eventreg.obj (.text:_SlSockEvtHdlr)
                  01012038    00000048                  : eventreg.obj (.text:_SlWlanEvtHdlr)
                  01012080    00000048     mqtt_client.a : client_core.obj (.text:procLoopbackRecv)
                  010120c8    00000048                   : mqtt_client.obj (.text:processDisconnCB)
                  01012110    00000048     rtsv7M4_T_le_eabi.lib : fd_toi_t2.obj (.text)
                  01012158    00000048     sysbios.aem4 : BIOS.obj (.text:ti_sysbios_family_arm_m3_Hwi_disableInterrupt__E)
                  010121a0    00000048                  : BIOS.obj (.text:ti_sysbios_family_arm_m3_Hwi_enableInterrupt__E)
                  010121e8    00000048                  : m3_Hwi_asm_switch.obj (.text:ti_sysbios_family_arm_m3_Hwi_initStacks__E)
                  01012230    00000048                  : BIOS.obj (.text:ti_sysbios_family_arm_m3_Timer_initDevice__I)
                  01012278    00000048                  : BIOS.obj (.text:ti_sysbios_knl_Mailbox_Module_startup__E)
                  010122c0    00000048                  : BIOS.obj (.text:ti_sysbios_knl_Task_deleteTerminatedTasksFunc__I)
                  01012308    00000046     drivers_cc32xx.aem4 : RingBuf.oem4 (.text:RingBuf_put)
                  0101234e    00000046     mqtt_client.a : mqtt_common.obj (.text:mqpProcVhMsgIdRx)
                  01012394    00000004     --HOLE-- [fill = 0]
                  01012398    00000046     sysbios.aem4 : BIOS.obj (.text:xdc_runtime_Core_assignParams__I)
                  010123de    00000002     --HOLE-- [fill = 0]
                  010123e0    00000044     driverlib.a : prcm.obj (.text:PRCMLPDSRestoreInfoSet)
                  01012424    00000044     drivers_cc32xx.aem4 : PowerCC32XX_asm.oem4 (.text:PowerCC32XX_enterLPDS)
                  01012468    00000044                         : SPI.oem4 (.text:SPI_init)
                  010124ac    00000044                         : UART.oem4 (.text:UART_init)
                  010124f0    00000044     boot.aem4 : boot.oem4 (.text)
                  01012534    00000044     drivers_cc32xx.aem4 : PowerCC32XX.oem4 (.text:notify)
                  01012578    00000044     mqtt_client.a : client_core.obj (.text:singleCtxRxPrepLocked)
                  010125bc    00000044                   : client_core.obj (.text:tailIncorpMsgID)
                  01012600    00000044     sysbios.aem4 : BIOS.obj (.text:ti_sysbios_family_arm_m3_Hwi_getStackInfo__E)
                  01012644    00000004     --HOLE-- [fill = 0]
                  01012648    00000044                  : BIOS.obj (.text:ti_sysbios_knl_Mailbox_postInit__I)
                  0101268c    00000004     --HOLE-- [fill = 0]
                  01012690    00000044                  : BIOS.obj (.text:ti_sysbios_knl_Swi_post__E)
                  010126d4    00000004     --HOLE-- [fill = 0]
                  010126d8    00000044                  : BIOS.obj (.text:xdc_runtime_System_atexit__E)
                  0101271c    00000042     mqtt_client.a : client_core.obj (.text:pingReqSend)
                  0101275e    00000042     simplelink.a : sl_socket.obj (.text:sl_Htonl)
                  010127a0    00000042     mqtt_client.a : client_core.obj (.text:txPartSetup)
                  010127e2    00000040     simplelink.a : sl_socket.obj (.text:CountSetBits)
                  01012822    00000002     --HOLE-- [fill = 0]
                  01012824    00000040     dpl_cc32xx.aem4 : HwiP_tirtos.oem4 (.text:HwiP_create)
                  01012864    00000040     network_if.obj (.text:InitializeAppVariables)
                  010128a4    00000040     mqtt_client.a : mqtt_common.obj (.text:MQTT_clCtxTimeoutUpdate)
                  010128e4    00000040     driverlib.a : pin.obj (.text:PinModeSet)
                  01012924    00000040     drivers_cc32xx.aem4 : RingBuf.oem4 (.text:RingBuf_get)
                  01012964    00000040     network_if.obj (.text:SimpleLinkGeneralEventHandler)
                  010129a4    00000040     drivers_cc32xx.aem4 : UARTCC32XX.oem4 (.text:UARTCC32XX_read)
                  010129e4    00000040                         : UDMACC32XX.oem4 (.text:UDMACC32XX_init)
                  01012a24    00000040     simplelink.a : driver.obj (.text:_SlDrvGlobalObjUnLock)
                  01012a64    00000040                  : eventreg.obj (.text:_SlIsEventRegistered)
                  01012aa4    00000040     mqtt_client.a : client_core.obj (.text:groupCtxsKaSequence)
                  01012ae4    00000004     --HOLE-- [fill = 0]
                  01012ae8    00000040     sysbios.aem4 : BIOS.obj (.text:pthread_mutex_unlock)
                  01012b28    00000040     mqtt_client_app.obj (.text:pushButtonInterruptHandler2)
                  01012b68    00000040     rtsv7M4_T_le_eabi.lib : strtok.obj (.text)
                  01012ba8    00000040     sysbios.aem4 : BIOS.obj (.text:ti_sysbios_heaps_HeapMem_Instance_init__E)
                  01012be8    0000003e     simplelink.a : sl_socket.obj (.text:_SlSocketBuildAddress)
                  01012c26    0000003e     release_pem4.oem4 (.text:realloc)
                  01012c64    0000003e     mqtt_client.a : client_core.obj (.text:session311fix)
                  01012ca2    00000002     --HOLE-- [fill = 0]
                  01012ca4    0000003c     network_if.obj (.text:Network_IF_DisconnectFromAP)
                  01012ce0    0000003c     drivers_cc32xx.aem4 : PowerCC32XX.oem4 (.text:Power_setConstraint)
                  01012d1c    0000003c                         : SPI.oem4 (.text:SPI_open)
                  01012d58    0000003c     dpl_cc32xx.aem4 : SemaphoreP_tirtos.oem4 (.text:SemaphoreP_create)
                  01012d94    0000003c     drivers_cc32xx.aem4 : UART.oem4 (.text:UART_open)
                  01012dd0    0000003c     simplelink.a : netapp.obj (.text:_SlNetAppCopyPingResultsToReport)
                  01012e0c    0000003c     dpl_cc32xx.aem4 : PowerCC32XX_tirtos.oem4 (.text:getCountsRTC)
                  01012e48    0000003c     mqtt_client.a : client_core.obj (.text:mqpFreeLocked)
                  01012e84    0000003c     simplelink.a : sl_socket.obj (.text:sl_Htons)
                  01012ec0    0000003c     sysbios.aem4 : BIOS.obj (.text:ti_sysbios_family_arm_m3_Hwi_Instance_finalize__E)
                  01012efc    00000004     --HOLE-- [fill = 0]
                  01012f00    0000003c                  : BIOS.obj (.text:ti_sysbios_family_arm_m3_Timer_setPeriodMicroSecs__E)
                  01012f3c    00000004     --HOLE-- [fill = 0]
                  01012f40    0000003c                  : BIOS.obj (.text:ti_sysbios_knl_Clock_Instance_init__E)
                  01012f7c    0000003c     release_pem4.oem4 (.text:ti_sysbios_knl_Clock_create)
                  01012fb8    0000003c     sysbios.aem4 : BIOS.obj (.text:ti_sysbios_knl_Clock_walkQueuePeriodic__E)
                  01012ff4    00000004     --HOLE-- [fill = 0]
                  01012ff8    0000003c                  : BIOS.obj (.text:ti_sysbios_knl_Swi_restore__E)
                  01013034    00000004     --HOLE-- [fill = 0]
                  01013038    0000003c                  : BIOS.obj (.text:xdc_runtime_System_processAtExit__E)
                  01013074    00000038     mqtt_client.a : client_core.obj (.text:MQTT_bufWrNbytes)
                  010130ac    00000038                   : mqtt_common.obj (.text:MQTT_bufWrNbytes)
                  010130e4    00000038     driverlib.a : prcm.obj (.text:PRCMLPDSEnterKeepDebugIf)
                  0101311c    00000004     --HOLE-- [fill = 0]
                  01013120    00000038     sysbios.aem4 : BIOS.obj (.text:mq_close)
                  01013158    00000038     mqtt_client.a : client_core.obj (.text:netSend)
                  01013190    00000038     sysbios.aem4 : BIOS.obj (.text:pthread_setschedparam)
                  010131c8    00000038                  : BIOS.obj (.text:ti_sysbios_knl_Task_processVitalTaskFlag__I)
                  01013200    00000036     mqtt_client.a : mqtt_common.obj (.text:MQTT_bufSet)
                  01013236    00000036                   : mqtt_common.obj (.text:MQTT_packetAckWlistAppend)
                  0101326c    00000036                   : mqtt_common.obj (.text:MQTT_packetBufWrUtf8)
                  010132a2    00000036                   : mqtt_common.obj (.text:MQTT_packetProcMsgIdAckRx)
                  010132d8    00000036     drivers_cc32xx.aem4 : PowerCC32XX.oem4 (.text:PowerCC32XX_restoreParkedPin)
                  0101330e    00000036                         : UARTCC32XX.oem4 (.text:UARTCC32XX_readCancel)
                  01013344    00000004     --HOLE-- [fill = 0]
                  01013348    00000036     sysbios.aem4 : BIOS.obj (.text:mq_timedsend)
                  0101337e    00000036     rtsv7M4_T_le_eabi.lib : strncpy.obj (.text)
                  010133b4    00000034     mqtt_client.a : mqtt_common.obj (.text:MQTT_packetReset)
                  010133e8    00000034     driverlib.a : pin.obj (.text:PinModeGet)
                  0101341c    00000034     drivers_cc32xx.aem4 : PowerCC32XX.oem4 (.text:PowerCC32XX_restoreParkState)
                  01013450    00000034     mqtt_client.a : mqtt_client.obj (.text:SetCondAwaitedAckLocked)
                  01013484    00000034     drivers_cc32xx.aem4 : UDMACC32XX.oem4 (.text:UDMACC32XX_close)
                  010134b8    00000034     mqtt_client.a : client_core.obj (.text:_procPubRelRx)
                  010134ec    00000034                   : client_core.obj (.text:conn2usedCtxs)
                  01013520    00000034     sysbios.aem4 : BIOS.obj (.text:ti_sysbios_family_arm_m3_Timer_periodicStub__I)
                  01013554    00000034     release_pem4.oem4 (.text:ti_sysbios_knl_Semaphore_create)
                  01013588    00000032     mqtt_client.a : mqtt_common.obj (.text:MQTT_packetAckWlistPurge)
                  010135ba    00000032                   : client_core.obj (.text:awaitsPkts)
                  010135ec    00000032                   : client_core.obj (.text:procNetDataRecv)
                  0101361e    00000002     --HOLE-- [fill = 0]
                  01013620    00000032     sysbios.aem4 : BIOS.obj (.text:ti_sysbios_hal_Hwi_initStack)
                  01013652    00000030     mqtt_client.a : mqtt_common.obj (.text:MQTT_clCtxReset)
                  01013682    00000002     --HOLE-- [fill = 0]
                  01013684    00000030     simplelink.a : driver.obj (.text:_SlDrvSyncObjWaitForever)
                  010136b4    00000004     --HOLE-- [fill = 0]
                  010136b8    00000030     sysbios.aem4 : BIOS.obj (.text:clockFxn$25)
                  010136e8    00000030                  : BIOS.obj (.text:findInList$26)
                  01013718    00000030     mqtt_client_app.obj (.text:printBorder)
                  01013748    00000030     release_pem4.oem4 (.text:ti_sysbios_BIOS_atExitFunc__I)
                  01013778    00000030     release_pem4.oem4 (.text:ti_sysbios_BIOS_startFunc__I)
                  010137a8    00000030     sysbios.aem4 : BIOS.obj (.text:ti_sysbios_family_arm_m3_TaskSupport_start__E)
                  010137d8    00000030     release_pem4.oem4 (.text:ti_sysbios_gates_GateHwi_Object__create__S)
                  01013808    00000030     release_pem4.oem4 (.text:ti_sysbios_gates_GateMutex_Object__create__S)
                  01013838    00000030     release_pem4.oem4 (.text:ti_sysbios_gates_GateMutex_create)
                  01013868    00000030     sysbios.aem4 : BIOS.obj (.text:ti_sysbios_gates_GateMutex_enter__E)
                  01013898    00000030     release_pem4.oem4 (.text:ti_sysbios_heaps_HeapMem_Object__create__S)
                  010138c8    00000030     release_pem4.oem4 (.text:ti_sysbios_knl_Clock_construct)
                  010138f8    00000030     release_pem4.oem4 (.text:ti_sysbios_knl_Semaphore_construct)
                  01013928    00000030     sysbios.aem4 : BIOS.obj (.text:ti_sysbios_knl_Semaphore_pendTimeout__I)
                  01013958    00000030                  : BIOS.obj (.text:ti_sysbios_knl_Task_unblockI__E)
                  01013988    00000030                  : BIOS.obj (.text:timer_delete)
                  010139b8    00000030     simplelink.a : sl_socket.obj (.text:to_mSec)
                  010139e8    0000002e     mqtt_client.a : mqtt_client.obj (.text:MQTTClient_publish)
                  01013a16    0000002e                   : mqtt_client.obj (.text:_sl_ExtLib_AwaitedAckSet)
                  01013a44    0000002e     rtsv7M4_T_le_eabi.lib : i_tofd_t2.obj (.text)
                  01013a72    0000002e     release_pem4.oem4 (.text:ti_sysbios_rts_gnu_MemAlloc_alloc)
                  01013aa0    0000002c     drivers_cc32xx.aem4 : GPIOCC32XX.oem4 (.text:GPIO_clearInt)
                  01013acc    0000002c     simplelink.a : cc_pal.obj (.text:NwpPowerOn)
                  01013af8    0000002c     drivers_cc32xx.aem4 : PowerCC32XX.oem4 (.text:PowerCC32XX_getParkState)
                  01013b24    0000002c     dpl_cc32xx.aem4 : SemaphoreP_tirtos.oem4 (.text:SemaphoreP_createBinary)
                  01013b50    0000002c     simplelink.a : cc_pal.obj (.text:Semaphore_create_handle)
                  01013b7c    0000002c     mqtt_client_app.obj (.text:TimerPeriodicIntHandler)
                  01013ba8    0000002c     mqtt_client.a : mqtt_client.obj (.text:_sl_ExtLib_AwaitedAckLockedSet)
                  01013bd4    0000002c                   : client_core.obj (.text:mqpDoNotReportCor)
                  01013c00    0000002c                   : client_core.obj (.text:netClCtxFind)
                  01013c2c    0000002c     rtsv7M4_T_le_eabi.lib : strncmp.obj (.text)
                  01013c58    0000002c     release_pem4.oem4 (.text:ti_sysbios_knl_Clock_doTick__I)
                  01013c84    00000004     --HOLE-- [fill = 0]
                  01013c88    0000002c     sysbios.aem4 : BIOS.obj (.text:ti_sysbios_knl_Clock_getTimeout__E)
                  01013cb4    0000002c     release_pem4.oem4 (.text:ti_sysbios_knl_Queue_construct)
                  01013ce0    0000002c     sysbios.aem4 : BIOS.obj (.text:ti_sysbios_knl_Task_restore__E)
                  01013d0c    0000002c     mqtt_client.a : client_core.obj (.text:txPartBufP)
                  01013d38    0000002a                   : client_core.obj (.text:connSentStateRx)
                  01013d62    0000002a     rtsv7M4_T_le_eabi.lib : strspn.obj (.text)
                  01013d8c    00000028     mqtt_client.a : client_core.obj (.text:MQTT_bufWrNbo2B)
                  01013db4    00000028                   : mqtt_common.obj (.text:MQTT_bufWrNbo2B)
                  01013ddc    00000028                   : mqtt_common.obj (.text:MQTT_qos2PubCqReset)
                  01013e04    00000028     driverlib.a : prcm.obj (.text:PRCMPeripheralClkDisable)
                  01013e2c    00000028     dpl_cc32xx.aem4 : PowerCC32XX_tirtos.oem4 (.text:PowerCC32XX_initPolicy)
                  01013e54    00000028     drivers_cc32xx.aem4 : PowerCC32XX.oem4 (.text:Power_registerNotify)
                  01013e7c    00000028     simplelink.a : sl_socket.obj (.text:SL_SOCKET_FD_ISSET)
                  01013ea4    00000028                  : driver.obj (.text:_SlDrvProtectionObjLockWaitForever)
                  01013ecc    00000028                  : driver.obj (.text:_SlDrvProtectionObjUnLock)
                  01013ef4    00000028                  : driver.obj (.text:_SlDrvUpdateApiInProgress)
                  01013f1c    00000028                  : flowcont.obj (.text:_SlFlowContSet)
                  01013f44    00000004     --HOLE-- [fill = 0]
                  01013f48    00000028     sysbios.aem4 : BIOS.obj (.text:mq_receive)
                  01013f70    00000028                  : BIOS.obj (.text:ti_sysbios_knl_Clock_addI__E)
                  01013f98    00000028                  : BIOS.obj (.text:ti_sysbios_knl_Swi_Module_startup__E)
                  01013fc0    00000026     drivers_cc32xx.aem4 : List.oem4 (.text:List_put)
                  01013fe6    00000026     mqtt_client.a : client_core.obj (.text:MQTTClientCore_ctxRun)
                  0101400c    00000026                   : client_core.obj (.text:MQTTClientCore_sendConnectMsg)
                  01014032    00000026                   : client_core.obj (.text:isConnected)
                  01014058    00000026                   : cc32xx_sl_net.obj (.text:tcpSend)
                  0101407e    00000024                   : mqtt_common.obj (.text:MQTT_packetInit)
                  010140a2    00000024     simplelink.a : cc_pal.obj (.text:Mutex_create_handle)
                  010140c6    00000002     --HOLE-- [fill = 0]
                  010140c8    00000024                  : driver.obj (.text:_SlDrvIsApiInProgress)
                  010140ec    00000024                  : driver.obj (.text:_SlDrvStartMeasureTimeout)
                  01014110    00000024     sysbios.aem4 : BIOS.obj (.text:pthread_attr_init)
                  01014134    00000004     --HOLE-- [fill = 0]
                  01014138    00000024                  : BIOS.obj (.text:pthread_mutex_destroy)
                  0101415c    00000024     rtsv7M4_T_le_eabi.lib : memmov.obj (.text)
                  01014180    00000024                           : strcspn.obj (.text)
                  010141a4    00000024     simplelink.a : wlan.obj (.text:sl_WlanDisconnect)
                  010141c8    00000024     release_pem4.oem4 (.text:ti_sysbios_BIOS_registerRTSLock__I)
                  010141ec    00000024     release_pem4.oem4 (.text:ti_sysbios_BIOS_removeRTSLock__I)
                  01014210    00000024     sysbios.aem4 : BIOS.obj (.text:ti_sysbios_family_arm_m3_Timer_Module_startup__E)
                  01014234    00000004     --HOLE-- [fill = 0]
                  01014238    00000024                  : BIOS.obj (.text:ti_sysbios_family_arm_m3_Timer_postInit__I)
                  0101425c    00000004     --HOLE-- [fill = 0]
                  01014260    00000024                  : BIOS.obj (.text:ti_sysbios_family_arm_m3_Timer_startup__E)
                  01014284    00000024     release_pem4.oem4 (.text:ti_sysbios_gates_GateMutex_Object__delete__S)
                  010142a8    00000024     sysbios.aem4 : BIOS.obj (.text:ti_sysbios_knl_Clock_Module_startup__E)
                  010142cc    00000024     release_pem4.oem4 (.text:ti_sysbios_knl_Clock_Object__delete__S)
                  010142f0    00000024     sysbios.aem4 : BIOS.obj (.text:ti_sysbios_knl_Clock_start__E)
                  01014314    00000004     --HOLE-- [fill = 0]
                  01014318    00000024                  : BIOS.obj (.text:ti_sysbios_knl_Semaphore_Instance_init__E)
                  0101433c    00000024     release_pem4.oem4 (.text:ti_sysbios_knl_Semaphore_Object__delete__S)
                  01014360    00000024     sysbios.aem4 : BIOS.obj (.text:ti_sysbios_knl_Task_restoreHwi__E)
                  01014384    00000004     --HOLE-- [fill = 0]
                  01014388    00000024                  : BIOS.obj (.text:xdc_runtime_Error_policyMin__E)
                  010143ac    00000022     mqtt_client.a : mqtt_common.obj (.text:MQTT_packetFree)
                  010143ce    00000022     simplelink.a : sl_socket.obj (.text:SL_SOCKET_FD_SET)
                  010143f0    00000022     mqtt_client.a : client_core.obj (.text:_txPartReset)
                  01014412    00000020                   : mqtt_common.obj (.text:MQTT_secureConnStructInit)
                  01014432    00000002     --HOLE-- [fill = 0]
                  01014434    00000020     drivers_cc32xx.aem4 : PowerCC32XX.oem4 (.text:Power_unregisterNotify)
                  01014454    00000020                         : RingBuf.oem4 (.text:RingBuf_peek)
                  01014474    00000020     simplelink.a : driver.obj (.text:_SlDrvObjLockWaitForever)
                  01014494    00000020                  : driver.obj (.text:_SlDrvObjUnLock)
                  010144b4    00000020     drivers_cc32xx.aem4 : SPICC32XXDMA.oem4 (.text:getPowerMgrId)
                  010144d4    00000020                         : UARTCC32XX.oem4 (.text:getPowerMgrId)
                  010144f4    00000020     mqtt_client.a : client_core.obj (.text:groupCtxsAdjWaitSecsGet)
                  01014514    00000004     --HOLE-- [fill = 0]
                  01014518    00000020     sysbios.aem4 : BIOS.obj (.text:sleep)
                  01014538    00000020     release_pem4.oem4 (.text:ti_sysbios_BIOS_rtsLock__I)
                  01014558    00000020     release_pem4.oem4 (.text:ti_sysbios_family_arm_m3_Hwi_Object__delete__S)
                  01014578    00000020     sysbios.aem4 : BIOS.obj (.text:ti_sysbios_family_arm_m3_Hwi_clearInterrupt__E)
                  01014598    00000020                  : m3_Hwi_asm.obj (.text:ti_sysbios_family_arm_m3_Hwi_excHandlerAsm__I)
                  010145b8    00000020                  : BIOS.obj (.text:ti_sysbios_family_arm_m3_Hwi_excHandler__I)
                  010145d8    00000020     release_pem4.oem4 (.text:ti_sysbios_gates_GateHwi_Object__delete__S)
                  010145f8    00000020     release_pem4.oem4 (.text:ti_sysbios_heaps_HeapMem_Object__delete__S)
                  01014618    00000020     release_pem4.oem4 (.text:ti_sysbios_knl_Clock_destruct)
                  01014638    00000020     sysbios.aem4 : BIOS.obj (.text:ti_sysbios_knl_Idle_run__E)
                  01014658    00000020     release_pem4.oem4 (.text:ti_sysbios_knl_Semaphore_destruct)
                  01014678    00000020     release_pem4.oem4 (.text:ti_sysbios_knl_Task_Object__delete__S)
                  01014698    0000001e     mqtt_client.a : mqtt_common.obj (.text:MQTT_bufRdNbo2B)
                  010146b6    0000001e     simplelink.a : driver.obj (.text:_SlDrvSyncObjSignal)
                  010146d4    0000001e     mqtt_client.a : client_core.obj (.text:isValidUTF8String)
                  010146f2    0000001e     drivers_cc32xx.aem4 : UDMACC32XX.oem4 (.text:postNotifyFxn)
                  01014710    0000001e     sysbios.aem4 : m3_Hwi_asm_switch.obj (.text:ti_sysbios_family_xxx_Hwi_switchAndRunFunc)
                  0101472e    00000002     --HOLE-- [fill = 0]
                  01014730    0000001c     uart_term.obj (.text:Message)
                  0101474c    0000001c     driverlib.a : pin.obj (.text:PinToPadGet)
                  01014768    0000001c     simplelink.a : device.obj (.text:_SlDeviceGetStartResponseConvert)
                  01014784    0000001c     mqtt_client.a : client_core.obj (.text:clCtxFreeup)
                  010147a0    0000001c                   : client_core.obj (.text:getConnectVhLen)
                  010147bc    0000001c                   : client_core.obj (.text:mqpFree)
                  010147d8    0000001c     rtsv7M4_T_le_eabi.lib : memccpy.obj (.text)
                  010147f4    00000004     --HOLE-- [fill = 0]
                  010147f8    0000001c     sysbios.aem4 : BIOS.obj (.text:ti_sysbios_family_arm_m3_Timer_stop__E)
                  01014814    00000004     --HOLE-- [fill = 0]
                  01014818    0000001c                  : BIOS.obj (.text:ti_sysbios_gates_GateMutex_Instance_init__E)
                  01014834    00000004     --HOLE-- [fill = 0]
                  01014838    0000001c                  : BIOS.obj (.text:ti_sysbios_knl_Clock_Instance_finalize__E)
                  01014854    0000001c     release_pem4.oem4 (.text:ti_sysbios_knl_Queue_destruct)
                  01014870    0000001c     sysbios.aem4 : BIOS.obj (.text:ti_sysbios_knl_Queue_get__E)
                  0101488c    00000004     --HOLE-- [fill = 0]
                  01014890    0000001c                  : BIOS.obj (.text:ti_sysbios_knl_Queue_put__E)
                  010148ac    00000004     --HOLE-- [fill = 0]
                  010148b0    0000001c                  : BIOS.obj (.text:ti_sysbios_knl_Task_enter__I)
                  010148cc    00000004     --HOLE-- [fill = 0]
                  010148d0    0000001c                  : BIOS.obj (.text:timerThreadFxn$30)
                  010148ec    0000001c     mqtt_client.a : client_core.obj (.text:txPartReset)
                  01014908    0000001c                   : client_core.obj (.text:usedCtxsTOSort)
                  01014924    00000004     --HOLE-- [fill = 0]
                  01014928    0000001c     sysbios.aem4 : BIOS.obj (.text:usleep)
                  01014944    0000001a     mqtt_client.a : cc32xx_sl_net.obj (.text:commClose)
                  0101495e    0000001a     sysbios.aem4 : m3_Hwi_asm.obj (.text:ti_sysbios_family_arm_m3_Hwi_pendSV__I)
                  01014978    00000018     mqtt_client.a : mqtt_client.obj (.text:MQTTClient_subscribe)
                  01014990    00000018                   : mqtt_client.obj (.text:MQTTClient_unsubscribe)
                  010149a8    00000018     drivers_cc32xx.aem4 : PowerCC32XX.oem4 (.text:Power_idleFunc)
                  010149c0    00000018     driverlib.a : uart.obj (.text:UARTBusy)
                  010149d8    00000018                 : uart.obj (.text:UARTIntEnable)
                  010149f0    00000018     drivers_cc32xx.aem4 : UART.oem4 (.text:UART_Params_init)
                  01014a08    00000018     release_pem4.oem4 (.text:free)
                  01014a20    00000018     sysbios.aem4 : BIOS.obj (.text:pthread_attr_setschedparam)
                  01014a38    00000018     uart_term.obj (.text:putch)
                  01014a50    00000018     rtsv7M4_T_le_eabi.lib : args_main.obj (.text)
                  01014a68    00000018                           : ll_mul_t2.obj (.text)
                  01014a80    00000018                           : strcmp.obj (.text)
                  01014a98    00000018     release_pem4.oem4 (.text:ti_sysbios_BIOS_rtsUnlock__I)
                  01014ab0    00000018     release_pem4.oem4 (.text:ti_sysbios_family_arm_m3_Hwi_Module__startupDone__F)
                  01014ac8    00000018     release_pem4.oem4 (.text:ti_sysbios_family_arm_m3_Timer_Module__startupDone__F)
                  01014ae0    00000018     release_pem4.oem4 (.text:ti_sysbios_gates_GateHwi_Handle__label__S)
                  01014af8    00000018     release_pem4.oem4 (.text:ti_sysbios_gates_GateMutex_Handle__label__S)
                  01014b10    00000018     sysbios.aem4 : BIOS.obj (.text:ti_sysbios_gates_GateMutex_leave__E)
                  01014b28    00000018     release_pem4.oem4 (.text:ti_sysbios_heaps_HeapMem_Handle__label__S)
                  01014b40    00000018     sysbios.aem4 : BIOS.obj (.text:ti_sysbios_knl_Task_sleepTimeout__I)
                  01014b58    00000018                  : BIOS.obj (.text:xdc_runtime_Error_init__E)
                  01014b70    00000018                  : BIOS.obj (.text:xdc_runtime_System_exit__E)
                  01014b88    00000016     drivers_cc32xx.aem4 : List.oem4 (.text:List_remove)
                  01014b9e    00000016     mqtt_client.a : client_core.obj (.text:MQTTClientCore_sendSubMsg)
                  01014bb4    00000016                   : client_core.obj (.text:MQTTClientCore_sendUnsubMsg)
                  01014bca    00000016     driverlib.a : prcm.obj (.text:PRCMHIBRegRead)
                  01014be0    00000016                 : prcm.obj (.text:PRCMHIBRegWrite)
                  01014bf6    00000016     simplelink.a : driver.obj (.text:_SlDrvMemZero)
                  01014c0c    00000016     mqtt_client.a : client_core.obj (.text:ack2MsgIdLogup)
                  01014c22    00000016                   : client_core.obj (.text:qos2PubRxIsDone)
                  01014c38    00000016                   : client_core.obj (.text:qos2PubRxLogup)
                  01014c4e    00000016                   : client_core.obj (.text:qos2PubRxUnlog)
                  01014c64    00000016                   : cc32xx_sl_net.obj (.text:rtcSecs)
                  01014c7a    00000016     rtsv7M4_T_le_eabi.lib : strchr.obj (.text)
                  01014c90    00000016     release_pem4.oem4 (.text:ti_sysbios_BIOS_exitFunc__I)
                  01014ca6    00000002     --HOLE-- [fill = 0]
                  01014ca8    00000016     sysbios.aem4 : BIOS.obj (.text:timerFxn$30)
                  01014cbe    00000016     mqtt_client.a : client_core.obj (.text:txPartAddup)
                  01014cd4    00000014                   : client_core.obj (.text:MQTT_qos2PubCqCount)
                  01014ce8    00000014     drivers_cc32xx.aem4 : PowerCC32XX.oem4 (.text:Power_getDependencyCount)
                  01014cfc    00000014                         : SPI.oem4 (.text:SPI_Params_init)
                  01014d10    00000014                         : UARTCC32XX.oem4 (.text:releasePowerConstraint)
                  01014d24    00000014     rtsv7M4_T_le_eabi.lib : _lock.obj (.text)
                  01014d38    00000014                           : strcpy.obj (.text)
                  01014d4c    00000014                           : strlen.obj (.text)
                  01014d60    00000014     sysbios.aem4 : BIOS.obj (.text:sem_init)
                  01014d74    00000004     --HOLE-- [fill = 0]
                  01014d78    00000014                  : BIOS.obj (.text:sem_trywait)
                  01014d8c    00000014     release_pem4.oem4 (.text:ti_sysbios_family_arm_m3_Hwi_Object__get__S)
                  01014da0    00000014     sysbios.aem4 : BIOS.obj (.text:ti_sysbios_family_arm_m3_Hwi_switchFromBootStack__E)
                  01014db4    00000014     release_pem4.oem4 (.text:ti_sysbios_heaps_HeapMem_Object__get__S)
                  01014dc8    00000014     sysbios.aem4 : BIOS.obj (.text:ti_sysbios_knl_Clock_tickReconfig__E)
                  01014ddc    00000014     release_pem4.oem4 (.text:ti_sysbios_knl_Swi_Object__get__S)
                  01014df0    00000014     release_pem4.oem4 (.text:ti_sysbios_knl_Task_Object__first__S)
                  01014e04    00000014     release_pem4.oem4 (.text:ti_sysbios_knl_Task_Object__next__S)
                  01014e18    00000012     mqtt_client.a : client_core.obj (.text:MQTTClientCore_allocRecv)
                  01014e2a    00000012                   : client_core.obj (.text:MQTTClientCore_allocSend)
                  01014e3c    00000012     drivers_cc32xx.aem4 : RingBuf.oem4 (.text:RingBuf_construct)
                  01014e4e    00000012     dpl_cc32xx.aem4 : SemaphoreP_tirtos.oem4 (.text:SemaphoreP_pend)
                  01014e60    00000012     sysbios.aem4 : BIOS.obj (.text:ti_sysbios_hal_Hwi_Module_startup__E)
                  01014e72    00000012     release_pem4.oem4 (.text:xdc_runtime_Startup_exec__I)
                  01014e84    00000010     dpl_cc32xx.aem4 : HwiP_tirtos.oem4 (.text:HwiP_Params_init)
                  01014e94    00000010     mqtt_client_app.obj (.text:LedTimerDeinitStop)
                  01014ea4    00000010     simplelink.a : cc_pal.obj (.text:MutexP_delete_handle)
                  01014eb4    00000010                  : cc_pal.obj (.text:Mutex_unlock)
                  01014ec4    00000010                  : sl_socket.obj (.text:SL_SOCKET_FD_ZERO)
                  01014ed4    00000010                  : cc_pal.obj (.text:SemaphoreP_delete_handle)
                  01014ee4    00000010                  : cc_pal.obj (.text:SemaphoreP_post_handle)
                  01014ef4    00000010                  : driver.obj (.text:_SlDrvDispatchHttpServerEvents)
                  01014f04    00000010                  : driver.obj (.text:_SlDrvDispatchNetAppRequestEvents)
                  01014f14    00000010     mqtt_client.a : client_core.obj (.text:assignNewMsgID)
                  01014f24    00000010     CC3220SF_LAUNCHXL.obj (.text:dmaErrorFxn)
                  01014f34    00000010     mqtt_client.a : client_core.obj (.text:lenErrFreeMqp)
                  01014f44    00000010     drivers_cc32xx.aem4 : UARTCC32XX.oem4 (.text:readBlockingTimeout)
                  01014f54    00000004     --HOLE-- [fill = 0]
                  01014f58    00000010     sysbios.aem4 : BIOS.obj (.text:ti_sysbios_BIOS_getCpuFreq__E)
                  01014f68    00000010                  : BIOS.obj (.text:ti_sysbios_BIOS_setThreadType__E)
                  01014f78    00000010                  : BIOS.obj (.text:ti_sysbios_BIOS_start__E)
                  01014f88    00000010                  : m3_TaskSupport_asm.obj (.text:ti_sysbios_family_arm_m3_TaskSupport_glue)
                  01014f98    00000010                  : m3_TaskSupport_asm.obj (.text:ti_sysbios_family_arm_m3_TaskSupport_swap__E)
                  01014fa8    00000010                  : BIOS.obj (.text:ti_sysbios_gates_GateMutex_Instance_finalize__E)
                  01014fb8    00000010     release_pem4.oem4 (.text:ti_sysbios_knl_Mailbox_Object__get__S)
                  01014fc8    00000010     sysbios.aem4 : BIOS.obj (.text:ti_sysbios_knl_Semaphore_Instance_finalize__E)
                  01014fd8    00000010                  : BIOS.obj (.text:ti_sysbios_knl_Swi_disable__E)
                  01014fe8    00000010     release_pem4.oem4 (.text:ti_sysbios_knl_Task_Object__get__S)
                  01014ff8    00000010     sysbios.aem4 : BIOS.obj (.text:ti_sysbios_knl_Task_disable__E)
                  01015008    00000010                  : BIOS.obj (.text:xdc_runtime_Memory_free__E)
                  01015018    00000010                  : BIOS.obj (.text:xdc_runtime_SysCallback_abort__E)
                  01015028    00000010                  : BIOS.obj (.text:xdc_runtime_SysCallback_exit__E)
                  01015038    0000000e     simplelink.a : cc_pal.obj (.text:Mutex_lock)
                  01015046    0000000e                  : driver.obj (.text:_SlDrvResetCmdExt)
                  01015054    0000000e     rtsv7M4_T_le_eabi.lib : copy_decompress_none.obj (.text:decompress:none)
                  01015062    0000000e     drivers_cc32xx.aem4 : SPICC32XXDMA.oem4 (.text:postNotifyFxn)
                  01015070    0000000e     sysbios.aem4 : BIOS.obj (.text:pthread_attr_setdetachstate)
                  0101507e    00000002     --HOLE-- [fill = 0]
                  01015080    0000000e                  : BIOS.obj (.text:sem_wait)
                  0101508e    0000000e     simplelink.a : cc_pal.obj (.text:spi_Close)
                  0101509c    00000004     --HOLE-- [fill = 0]
                  010150a0    0000000e     sysbios.aem4 : BIOS.obj (.text:ti_sysbios_knl_Idle_loop__E)
                  010150ae    00000002     --HOLE-- [fill = 0]
                  010150b0    0000000e                  : BIOS.obj (.text:ti_sysbios_knl_Queue_empty__E)
                  010150be    0000000c     CC3220SF_LAUNCHXL.obj (.text:CC3220SF_LAUNCHXL_initGeneral)
                  010150ca    0000000c     dpl_cc32xx.aem4 : ClockP_tirtos.oem4 (.text:ClockP_delete)
                  010150d6    00000002     --HOLE-- [fill = 0]
                  010150d8    0000000c                     : ClockP_tirtos.oem4 (.text:ClockP_getSystemTickPeriod)
                  010150e4    0000000c                     : HwiP_tirtos.oem4 (.text:HwiP_delete)
                  010150f0    0000000c                     : MutexP_tirtos.oem4 (.text:MutexP_create)
                  010150fc    0000000c                     : MutexP_tirtos.oem4 (.text:MutexP_delete)
                  01015108    0000000c     network_if.obj (.text:Network_IF_ResetMCUStateMachine)
                  01015114    0000000c     simplelink.a : cc_pal.obj (.text:NwpMaskInterrupt)
                  01015120    0000000c                  : cc_pal.obj (.text:NwpUnMaskInterrupt)
                  0101512c    0000000c     drivers_cc32xx.aem4 : PowerCC32XX.oem4 (.text:Power_getConstraintMask)
                  01015138    0000000c     dpl_cc32xx.aem4 : SemaphoreP_tirtos.oem4 (.text:SemaphoreP_delete)
                  01015144    0000000c     network_if.obj (.text:SimpleLinkHttpServerEventHandler)
                  01015150    0000000c     network_if.obj (.text:SimpleLinkNetAppRequestEventHandler)
                  0101515c    0000000c     simplelink.a : device.obj (.text:_SlDeviceResetRequestInitCompletedCB)
                  01015168    0000000c     rtsv7M4_T_le_eabi.lib : copy_zero_init.obj (.text:decompress:ZI)
                  01015174    0000000c     mqtt_client.a : mqtt_client.obj (.text:mutexLockup)
                  01015180    0000000c                   : mqtt_client.obj (.text:mutexUnlock)
                  0101518c    0000000c     drivers_cc32xx.aem4 : UARTCC32XX.oem4 (.text:postNotifyFxn)
                  01015198    0000000c     release_pem4.oem4 (.text:ti_sysbios_family_arm_m3_Hwi_Params__init__S)
                  010151a4    00000004     --HOLE-- [fill = 0]
                  010151a8    0000000c     sysbios.aem4 : BIOS.obj (.text:ti_sysbios_family_arm_m3_Hwi_disableFxn__E)
                  010151b4    00000004     --HOLE-- [fill = 0]
                  010151b8    0000000c                  : BIOS.obj (.text:ti_sysbios_family_arm_m3_TaskSupport_getStackAlignment__E)
                  010151c4    00000004     --HOLE-- [fill = 0]
                  010151c8    0000000c                  : BIOS.obj (.text:ti_sysbios_gates_GateHwi_enter__E)
                  010151d4    0000000c     release_pem4.oem4 (.text:ti_sysbios_knl_Clock_Params__init__S)
                  010151e0    0000000c     sysbios.aem4 : BIOS.obj (.text:ti_sysbios_knl_Clock_getTicks__E)
                  010151ec    00000004     --HOLE-- [fill = 0]
                  010151f0    0000000c                  : BIOS.obj (.text:ti_sysbios_knl_Clock_setTicks__E)
                  010151fc    00000004     --HOLE-- [fill = 0]
                  01015200    0000000c                  : BIOS.obj (.text:ti_sysbios_knl_Clock_tickStart__E)
                  0101520c    00000004     --HOLE-- [fill = 0]
                  01015210    0000000c                  : BIOS.obj (.text:ti_sysbios_knl_Clock_tickStop__E)
                  0101521c    0000000c     release_pem4.oem4 (.text:ti_sysbios_knl_Queue_Object__get__S)
                  01015228    0000000c     release_pem4.oem4 (.text:ti_sysbios_knl_Semaphore_Params__init__S)
                  01015234    0000000c     release_pem4.oem4 (.text:ti_sysbios_knl_Task_Params__init__S)
                  01015240    0000000c     driverlib.a : udma.obj (.text:uDMAErrorStatusClear)
                  0101524c    0000000c                 : udma.obj (.text:uDMAErrorStatusGet)
                  01015258    0000000c     sysbios.aem4 : BIOS.obj (.text:xdc_runtime_Startup_rtsDone__E)
                  01015264    0000000a     drivers_cc32xx.aem4 : List.oem4 (.text:List_empty)
                  0101526e    0000000a                         : SPI.oem4 (.text:SPI_close)
                  01015278    0000000a                         : SPI.oem4 (.text:SPI_transfer)
                  01015282    0000000a     network_if.obj (.text:SimpleLinkNetAppRequestMemFreeEventHandler)
                  0101528c    0000000a     drivers_cc32xx.aem4 : UART.oem4 (.text:UART_control)
                  01015296    0000000a                         : UART.oem4 (.text:UART_readPolling)
                  010152a0    0000000a                         : UART.oem4 (.text:UART_writePolling)
                  010152aa    00000006     dpl_cc32xx.aem4 : ClockP_tirtos.oem4 (.text:ClockP_Params_init)
[...]
01015391  xdc_runtime_Main_Module_GateProxy_query__E                      
01015391  xdc_runtime_System_Module_GateProxy_query__E                    
01015399  ti_sysbios_BIOS_RtsGateProxy_query__E                           
01015399  ti_sysbios_gates_GateMutex_query__E                             
01015399  ti_sysbios_heaps_HeapMem_Module_GateProxy_query__E              
010153a1  ti_sysbios_knl_Clock_setTimeout__E                              
010153a9  ti_sysbios_knl_Task_startup__E                                  
010153b1  ti_sysbios_BIOS_linkedWithIncorrectBootLibrary__E               
010153b9  ti_sysbios_gates_GateHwi_Instance_init__E                       
010153c1  ti_sysbios_knl_Clock_logTick__E                                 
010153c9  xdc_runtime_SysCallback_defaultAbort                            
010153d1  xdc_runtime_SysCallback_defaultExit                             
010153d9  xdc_runtime_System_abortSpin__E                                 
010153e1  xdc_runtime_System_exitSpin__E                                  
010153e4  _ctypes_                                                        
01015778  spiCC3220SDMAHWAttrs                                            
010157f0  OpcodeTranslateTable                                            
01015850  _SlActionLookupTable                                            
010158e8  PowerCC32XX_config                                              
01015928  uartCC3220SHWAttrs                                              
01015968  ti_sysbios_knl_Task_Object__PARAMS__C                           
010159a4  ti_sysbios_knl_Mailbox_Object__PARAMS__C                        
010159d8  ti_sysbios_family_arm_m3_Hwi_Object__PARAMS__C                  
01015a08  UARTCC32XX_fxnTable                                             
01015a30  ti_sysbios_heaps_HeapMem_Module__FXNS__C                        
01015a58  UART_defaultParams                                              
01015a7c  ti_sysbios_gates_GateHwi_Module__FXNS__C                        
01015aa0  ti_sysbios_gates_GateMutex_Module__FXNS__C                      
01015ac4  ti_sysbios_heaps_HeapMem_Object__PARAMS__C                      
01015ae8  ti_sysbios_knl_Clock_Object__PARAMS__C                          
01015b0c  ti_sysbios_knl_Semaphore_Object__PARAMS__C                      
01015b74  SPI_defaultParams                                               
01015bd4  ti_sysbios_family_arm_m3_Hwi_Object__DESC__C                    
01015bf4  ti_sysbios_gates_GateHwi_Object__DESC__C                        
01015c14  ti_sysbios_gates_GateMutex_Object__DESC__C                      
01015c34  ti_sysbios_heaps_HeapMem_Object__DESC__C                        
01015c54  ti_sysbios_knl_Clock_Object__DESC__C                            
01015c74  ti_sysbios_knl_Mailbox_Object__DESC__C                          
01015c94  ti_sysbios_knl_Queue_Object__DESC__C                            
01015cb4  ti_sysbios_knl_Semaphore_Object__DESC__C                        
01015cd4  ti_sysbios_knl_Task_Object__DESC__C                             
01015cf4  xdc_runtime_Startup_sfxnTab__A                                  
01015d14  SPICC32XXDMA_fxnTable                                           
01015d2c  SPI_config                                                      
01015d44  UART_config                                                     
01015d5c  ti_sysbios_gates_GateHwi_Object__PARAMS__C                      
01015d74  ti_sysbios_gates_GateMutex_Object__PARAMS__C                    
01015d8c  ti_sysbios_knl_Queue_Object__PARAMS__C                          
01015e4c  GPIOCC32XX_config                                               
01015efc  xdc_runtime_Startup_sfxnRts__A                                  
01015f0c  ADC_count                                                       
01015f0d  CryptoCC32XX_count                                              
01015f0e  Display_count                                                   
01015f0f  I2C_count                                                       
01015f10  I2S_count                                                       
01015f11  PWM_count                                                       
01015f12  SDFatFS_count                                                   
01015f13  SD_count                                                        
01015f14  SDSPI_count                                                     
01015f15  SPI_count                                                       
01015f16  Timer_count                                                     
01015f17  UART_count                                                      
01015f18  Watchdog_count                                                  
01015f19  ti_sysbios_knl_Clock_tickMode__C                                
01015f1a  ti_sysbios_family_arm_m3_Hwi_Module__id__C                      
01015f40  udmaCC3220SHWAttrs                                              
01015f4c  xdc_runtime_Startup_firstFxns__A                                
01015f60  UDMACC32XX_config                                               
01015f80  outPinTypes                                                     
01015f90  ti_sysbios_knl_Idle_funcList__A                                 
01015f98  ti_sysbios_knl_Idle_funcList__C                                 
01015fa0  xdc_runtime_Startup_firstFxns__C                                
01015fa8  xdc_runtime_Startup_lastFxns__C                                 
01015fb6  inPinTypes                                                      
01015fbc  outPinStrengths                                                 
01015fc7  ti_sysbios_knl_Clock_tickSource__C                              
01015ff0  _SlNetAppSendResponseCmdCtrl                                    
01015ff4  _SlNetAppSendTokenValueCmdCtrl                                  
01016020  ti_sysbios_family_arm_m3_Hwi_E_alreadyDefined__C                
01016024  ti_sysbios_family_arm_m3_Hwi_NUM_INTERRUPTS__C                  
01016028  ti_sysbios_family_arm_m3_Hwi_Object__count__C                   
0101602c  ti_sysbios_family_arm_m3_Hwi_ccr__C                             
01016030  ti_sysbios_family_arm_m3_Hwi_excHandlerFunc__C                  
01016034  ti_sysbios_family_arm_m3_Hwi_nullIsrFunc__C                     
01016038  ti_sysbios_family_arm_m3_Hwi_priGroup__C                        
0101603c  ti_sysbios_family_arm_m3_Hwi_swiDisable__C                      
01016040  ti_sysbios_family_arm_m3_Hwi_swiRestoreHwi__C                   
01016044  ti_sysbios_family_arm_m3_TaskSupport_stackAlignment__C          
01016048  ti_sysbios_family_arm_m3_Timer_E_cannotSupport__C               
0101604c  ti_sysbios_family_arm_m3_Timer_startupNeeded__C                 
01016050  ti_sysbios_gates_GateMutex_Instance_State_sem__O                
01016054  ti_sysbios_heaps_HeapMem_E_memory__C                            
01016058  ti_sysbios_heaps_HeapMem_Module__gateObj__C                     
0101605c  ti_sysbios_heaps_HeapMem_Object__count__C                       
01016060  ti_sysbios_heaps_HeapMem_primaryHeapBaseAddr__C                 
01016064  ti_sysbios_heaps_HeapMem_primaryHeapEndAddr__C                  
01016068  ti_sysbios_heaps_HeapMem_reqAlign__C                            
0101606c  ti_sysbios_knl_Clock_Module_State_clockQ__O                     
01016070  ti_sysbios_knl_Clock_tickPeriod__C                              
01016074  ti_sysbios_knl_Mailbox_Instance_State_dataQue__O                
01016078  ti_sysbios_knl_Mailbox_Instance_State_dataSem__O                
0101607c  ti_sysbios_knl_Mailbox_Instance_State_freeQue__O                
01016080  ti_sysbios_knl_Mailbox_Instance_State_freeSem__O                
01016084  ti_sysbios_knl_Mailbox_Object__count__C                         
01016088  ti_sysbios_knl_Mailbox_maxTypeAlign__C                          
0101608c  ti_sysbios_knl_Semaphore_Instance_State_pendQ__O                
01016090  ti_sysbios_knl_Swi_Object__count__C                             
01016094  ti_sysbios_knl_Task_E_deleteNotAllowed__C                       
01016098  ti_sysbios_knl_Task_Module_State_inactiveQ__O                   
0101609c  ti_sysbios_knl_Task_Module_State_terminatedQ__O                 
010160a0  ti_sysbios_knl_Task_Object__count__C                            
010160a4  ti_sysbios_knl_Task_Object__heap__C                             
010160a8  ti_sysbios_knl_Task_allBlockedFunc__C                           
010160ac  ti_sysbios_knl_Task_defaultStackHeap__C                         
010160b0  ti_sysbios_knl_Task_defaultStackSize__C                         
010160b4  ti_sysbios_knl_Task_numConstructedTasks__C                      
010160b8  xdc_runtime_Error_E_memory__C                                   
010160bc  xdc_runtime_Error_policyFxn__C                                  
010160c0  xdc_runtime_IGateProvider_Interface__BASE__C                    
010160c4  xdc_runtime_IHeap_Interface__BASE__C                            
010160c8  xdc_runtime_IModule_Interface__BASE__C                          
010160cc  xdc_runtime_Memory_defaultHeapInstance__C                       
010160d0  xdc_runtime_Startup_execImpl__C                                 
010160d4  xdc_runtime_Startup_maxPasses__C                                
010160d8  xdc_runtime_Startup_sfxnRts__C                                  
010160dc  xdc_runtime_Startup_sfxnTab__C                                  
010160e0  xdc_runtime_SysCallback_abortFxn__C                             
010160e4  xdc_runtime_SysCallback_exitFxn__C                              
010160e8  xdc_runtime_System_Module__gateObj__C                           
010160ec  xdc_runtime_System_abortFxn__C                                  
010160f0  xdc_runtime_System_exitFxn__C                                   
010160f4  xdc_runtime_System_maxAtexitHandlers__C                         
010160f8  xdc_runtime_Text_charTab__C                                     
010160fc  xdc_runtime_Text_nameEmpty__C                                   
01016100  xdc_runtime_Text_nameStatic__C                                  
01016104  xdc_runtime_Text_nameUnknown__C                                 
01016108  ti_sysbios_family_arm_m3_Timer_Module__id__C                    
0101610a  ti_sysbios_heaps_HeapMem_Module__id__C                          
0101610c  ti_sysbios_knl_Task_Module__id__C                               
0101610e  xdc_runtime_Memory_Module__id__C                                
01016110  xdc_runtime_Text_charCnt__C                                     
01016112  xdc_runtime_Text_isLoaded__C                                    
01016114  xdc_runtime_Error_policy__C                                     
01016115  xdc_runtime_Text_charTab__A                                     
01016118  __TI_static_base__                                              
010163f0  __TI_Handler_Table_Base                                         
010163fc  __TI_Handler_Table_Limit                                        
01016408  __TI_CINIT_Base                                                 
01016418  __TI_CINIT_Limit                                                
20000000  ti_sysbios_family_arm_m3_Hwi_ramVectors                         
20000310  __primary_heap_start__                                          
20008310  __primary_heap_end__                                            
200093d8  clients                                                         
20009828  ti_sysbios_family_arm_m3_Hwi_dispatchTable                      
20009b34  g_SlInternalSpawnCB                                             
20009bc8  g_ucConnectionSSID                                              
2000a000  ti_sysbios_knl_Task_Instance_State_0_stack__A                   
2000a330  PowerCC32XX_contextSave                                         
2000a45c  uartCC3220SObjects                                              
2000a574  spiCC3220SDMAObjects                                            
2000a644  MQTTClient_Lib_CB                                               
2000a688  uartCC3220SRingBuffer                                           
2000a724  DeviceCB                                                        
2000a730  MqttClientExmple_params                                         
2000a73c  Msg                                                             
2000a748  g_ucConnectionBSSID                                             
2000a750  udmaCC3220SObject                                               
2000a760  spiCC3220SDMAscratchBuf                                         
2000a768  ClockP_tickPeriod                                               
2000a76c  GlobalLockObj                                                   
2000a770  g_PBQueue                                                       
2000a774  g_timer                                                         
2000a778  MQTTClient_waitSecs                                             
2000a77a  g_usConnectIndex                                                
2000a77c  g_usTimerInts                                                   
2000a77e  RxIrqCnt                                                        
2000a780  PowerCC32XX_module                                              
2000a8ec  parkInfo                                                        
2000a9e4  ti_sysbios_knl_Swi_Module_State_0_readyQ__A                     
2000aa64  ti_sysbios_knl_Task_Module_State_0_readyQ__A                    
2000ab54  ti_sysbios_knl_Task_Object__table__V                            
2000aba0  ti_sysbios_knl_Task_Module__state__V                            
2000abf4  debugPrintf                                                     
2000ac1d  lineBreak                                                       
2000ac20  ti_sysbios_gates_GateMutex_Object__table__V                     
2000ac58  ti_sysbios_family_arm_m3_Hwi_Module__state__V                   
2000ac8c  gApConnectionState                                              
2000ac90  gInitState                                                      
2000ac94  memPtrCounterfree                                               
2000ac98  gResetApplication                                               
2000ac9c  g_rx_task_hndl                                                  
2000aca0  gUiConnFlag                                                     
2000aca4  ClientUsername                                                  
2000aca8  ClientPassword                                                  
2000acac  publish_topic                                                   
2000acb0  publish_data                                                    
2000acb4  mqttThread                                                      
2000acb8  appThread                                                       
2000acbc  ti_sysbios_family_arm_m3_Timer_Object__table__V                 
2000acec  ti_sysbios_knl_Swi_Object__table__V                             
2000ad1c  ti_sysbios_knl_Clock_Module__state__V                           
2000ad48  MQTTClient_net                                                  
2000ad70  g_LibsEvents                                                    
2000ad94  g_UserEvents                                                    
2000adb8  ti_sysbios_BIOS_Module__state__V                                
2000addc  xdc_runtime_Error_IgnoreBlock                                   
2000adfc  ti_sysbios_knl_Swi_Module__state__V                             
2000ae18  Mqtt_ClientCtx                                                  
2000ae30  ti_sysbios_family_arm_m3_Hwi_Object__table__V                   
2000ae48  ti_sysbios_heaps_HeapMem_Object__table__V                       
2000ae60  gpioPinConfigs                                                  
2000ae74  topic                                                           
2000ae84  ClientId                                                        
2000ae92  ti_sysbios_family_arm_m3_Hwi_Module_State_0_excActive__A        
2000ae94  SecurityParams                                                  
2000aea0  SlMQTTClient_clientCfg                                          
2000aeac  g_ulStaIp                                                       
2000aeb0  g_ulGatewayIP                                                   
2000aeb4  g_ulStatus                                                      
2000aeb8  gGlobalLockCntRequested                                         
2000aeb9  gGlobalLockCntReleased                                          
2000aeba  g_SlDeviceStatus                                                
2000aebc  g_pCB                                                           
2000aec0  pPingCallBackFunc                                               
2000aec4  ti_sysbios_family_arm_m3_Timer_Module__state__V                 
2000aed0  will_param                                                      
2000aef4  MQTTClient_closeContext                                         
2000aef8  MQTTClient_clientContext                                        
2000aefc  MQTTClient_multiSrvConn                                         
2000af00  _lock                                                           
2000af04  _unlock                                                         
2000af10  gpioCallbackFunctions                                           
2000af18  ti_sysbios_family_arm_cc32xx_Seconds_Module__state__V           
2000af20  ti_sysbios_family_arm_m3_Hwi_Module__root__V                    
2000af28  ti_sysbios_gates_GateHwi_Module__root__V                        
2000af30  ti_sysbios_gates_GateMutex_Module__root__V                      
2000af38  ti_sysbios_heaps_HeapMem_Module__root__V                        
2000af40  ti_sysbios_knl_Clock_Module__root__V                            
2000af48  ti_sysbios_knl_Mailbox_Module__root__V                          
2000af50  ti_sysbios_knl_Queue_Module__root__V                            
2000af58  ti_sysbios_knl_Semaphore_Module__root__V                        
2000af60  ti_sysbios_knl_Task_Module__root__V                             
2000af68  xdc_runtime_Startup_Module__state__V                            
2000af70  xdc_runtime_System_Module_State_0_atexitHandlers__A             
2000af78  xdc_runtime_System_Module__state__V                             
2000af88  MQTTClient_connectCfg                                           
2000af8c  qos                                                             
2000af90  errno                                                           
2000af94  main_func_sp                                                    
2000af9c  g_intHandle                                                     
2000afa0  ti_sysbios_family_arm_m3_Hwi_Module_State_0_excContext__A       
2000afa4  ti_sysbios_family_arm_m3_Hwi_Module_State_0_excStack__A         
2000afa8  ti_sysbios_gates_GateHwi_Object__table__V                       
2000afac  ti_sysbios_knl_Task_Module_State_0_idleTask__A                  
2000afb0  xdc_runtime_Memory_Module__state__V                             
2003fc00  __stack                                                         
20040000  __STACK_END                                                     
e000e000  ti_sysbios_family_arm_m3_Hwi_nvic                               
ffffffff  __TI_pprof_out_hndl                                             
ffffffff  __TI_prof_data_size                                             
ffffffff  __TI_prof_data_start                                            
ffffffff  __binit__                                                       
ffffffff  __c_args__                                                      
ffffffff  binit                                                           
UNDEFED   SHT$$INIT_ARRAY$$Base                                           
UNDEFED   SHT$$INIT_ARRAY$$Limit                                          

[928 symbols]
